******************************************************************************
                  TI ARM Linker PC v5.2.2                      
******************************************************************************
>> Linked Thu Apr 06 14:41:08 2017

OUTPUT FILE NAME:   <StepperExperiments_PWM.out>
ENTRY POINT SYMBOL: "_c_int00"  address: 00000c15


MEMORY CONFIGURATION

         name            origin    length      used     unused   attr    fill
----------------------  --------  ---------  --------  --------  ----  --------
  FLASH                 00000000   00040000  000013b2  0003ec4e  R  X
  SRAM                  20000000   00008000  000005b0  00007a50  RW X


SEGMENT ALLOCATION MAP

run origin  load origin   length   init length attrs members
----------  ----------- ---------- ----------- ----- -------
00000000    00000000    000013b8   000013b8    r-x
  00000000    00000000    0000026c   0000026c    r-- .intvecs
  0000026c    0000026c    00000e02   00000e02    r-x .text
  00001070    00001070    00000304   00000304    r-- .const
  00001378    00001378    00000040   00000040    r-- .cinit
20000000    20000000    000005b0   00000000    rw-
  20000000    20000000    0000026c   00000000    rw- .vtable
  2000026c    2000026c    00000320   00000000    rw- .stack
  2000058c    2000058c    00000024   00000000    rw- .data


SECTION ALLOCATION MAP

 output                                  attributes/
section   page    origin      length       input sections
--------  ----  ----------  ----------   ----------------
.intvecs   0    00000000    0000026c     
                  00000000    0000026c     tm4c123gh6pm_startup_ccs.obj (.intvecs)

.text      0    0000026c    00000e02     
                  0000026c    000001ec     main.obj (.text)
                  00000458    00000132     driverlib.lib : gpio.obj (.text:GPIOPadConfigSet)
                  0000058a    00000002     --HOLE-- [fill = 0]
                  0000058c    00000110                   : sysctl.obj (.text:SysCtlClockGet)
                  0000069c    000000fc     rtsv7M4_T_le_v4SPD16_eabi.lib : fd_mul_t2.obj (.text)
                  00000798    000000f4     driverlib.lib : sysctl.obj (.text:SysCtlClockSet)
                  0000088c    000000d8     tivaUtils.obj (.text)
                  00000964    0000009c     rtsv7M4_T_le_v4SPD16_eabi.lib : memcpy_t2.obj (.text)
                  00000a00    0000007a                                   : memset_t2.obj (.text)
                  00000a7a    00000002     --HOLE-- [fill = 0]
                  00000a7c    0000006c                                   : autoinit.obj (.text)
                  00000ae8    0000006a                                   : copy_decompress_rle.obj (.text)
                  00000b52    00000002     --HOLE-- [fill = 0]
                  00000b54    00000068     driverlib.lib : interrupt.obj (.text:IntEnable)
                  00000bbc    00000056                   : gpio.obj (.text:GPIOIntTypeSet)
                  00000c12    00000002     --HOLE-- [fill = 0]
                  00000c14    00000050     rtsv7M4_T_le_v4SPD16_eabi.lib : boot.obj (.text)
                  00000c64    0000004c                                   : cpy_tbl.obj (.text)
                  00000cb0    0000004a                                   : fd_tos_t2.obj (.text)
                  00000cfa    00000002     --HOLE-- [fill = 0]
                  00000cfc    00000048     driverlib.lib : gpio.obj (.text:GPIOPinConfigure)
                  00000d44    00000044                   : gpio.obj (.text:_GPIOIntNumberGet)
                  00000d88    00000044     rtsv7M4_T_le_v4SPD16_eabi.lib : exit.obj (.text)
                  00000dcc    00000044                                   : fd_tou_t2.obj (.text)
                  00000e10    00000038                                   : fs_tod_t2.obj (.text)
                  00000e48    00000034     driverlib.lib : interrupt.obj (.text:IntRegister)
                  00000e7c    00000034                   : sysctl.obj (.text:SysCtlPeripheralEnable)
                  00000eb0    0000002e     rtsv7M4_T_le_v4SPD16_eabi.lib : i_tofd_t2.obj (.text)
                  00000ede    0000002a     driverlib.lib : gpio.obj (.text:GPIODirModeSet)
                  00000f08    00000022                   : pwm.obj (.text:PWMGenConfigure)
                  00000f2a    00000020     rtsv7M4_T_le_v4SPD16_eabi.lib : u_tofd_t2.obj (.text)
                  00000f4a    0000001e     driverlib.lib : pwm.obj (.text:PWMPulseWidthSet)
                  00000f68    00000018                   : gpio.obj (.text:GPIOIntRegister)
                  00000f80    00000018                   : gpio.obj (.text:GPIOPinTypeGPIOOutput)
                  00000f98    00000018     rtsv7M4_T_le_v4SPD16_eabi.lib : args_main.obj (.text)
                  00000fb0    00000014     driverlib.lib : sysctl.obj (.text:SysCtlPWMClockSet)
                  00000fc4    00000014     rtsv7M4_T_le_v4SPD16_eabi.lib : _lock.obj (.text)
                  00000fd8    00000012     driverlib.lib : gpio.obj (.text:GPIOPinTypePWM)
                  00000fea    00000012                   : pwm.obj (.text:PWMOutputState)
                  00000ffc    00000010                   : pwm.obj (.text:PWMGenPeriodSet)
                  0000100c    0000000e                   : gpio.obj (.text:GPIOIntStatus)
                  0000101a    0000000e     rtsv7M4_T_le_v4SPD16_eabi.lib : copy_decompress_none.obj (.text:decompress:none)
                  00001028    0000000c     driverlib.lib : gpio.obj (.text:GPIOIntEnable)
                  00001034    0000000c                   : pwm.obj (.text:PWMGenEnable)
                  00001040    0000000c     rtsv7M4_T_le_v4SPD16_eabi.lib : copy_zero_init.obj (.text:decompress:ZI)
                  0000104c    0000000c     tm4c123gh6pm_startup_ccs.obj (.text)
                  00001058    00000006     driverlib.lib : gpio.obj (.text:GPIOIntClear)
                  0000105e    00000006                   : sysctl.obj (.text:SysCtlDelay)
                  00001064    00000006     rtsv7M4_T_le_v4SPD16_eabi.lib : copy_decompress_rle.obj (.text:decompress:rle24)
                  0000106a    00000004                                   : pre_init.obj (.text)

.const     0    00001070    00000304     
                  00001070    000000d8     driverlib.lib : gpio.obj (.const:g_ppui32GPIOIntMapSnowflake)
                  00001148    000000c0                   : gpio.obj (.const:g_ppui32GPIOIntMapBlizzard)
                  00001208    00000090                   : gpio.obj (.const:g_pui32GPIOBaseAddrs)
                  00001298    00000070                   : interrupt.obj (.const)
                  00001308    0000006c                   : sysctl.obj (.const:g_pui32Xtals)

.cinit     0    00001378    00000040     
                  00001378    00000017     (.cinit..data.load) [load image, compression = rle]
                  0000138f    00000001     --HOLE-- [fill = 0]
                  00001390    0000000c     (__TI_handler_table)
                  0000139c    00000004     --HOLE-- [fill = 0]
                  000013a0    00000008     (.cinit..vtable.load) [load image, compression = zero_init]
                  000013a8    00000010     (__TI_cinit_table)

.init_array 
*          0    00000000    00000000     UNINITIALIZED

.vtable    0    20000000    0000026c     UNINITIALIZED
                  20000000    0000026c     driverlib.lib : interrupt.obj (.vtable)

.stack     0    2000026c    00000320     UNINITIALIZED
                  2000026c    00000320     --HOLE--

.data      0    2000058c    00000024     UNINITIALIZED
                  2000058c    00000010     main.obj (.data)
                  2000059c    00000008     rtsv7M4_T_le_v4SPD16_eabi.lib : _lock.obj (.data)
                  200005a4    00000008                                   : exit.obj (.data)
                  200005ac    00000004                                   : stkdepth_vars.obj (.data)

.TI.persistent 
*          0    2000058c    00000000     UNINITIALIZED


LINKER GENERATED COPY TABLES

__TI_cinit_table @ 000013a8 records: 2, size/record: 8, table size: 16
	.data: load addr=00001378, load size=00000017 bytes, run addr=2000058c, run size=00000024 bytes, compression=rle
	.vtable: load addr=000013a0, load size=00000008 bytes, run addr=20000000, run size=0000026c bytes, compression=zero_init


LINKER GENERATED HANDLER TABLE

__TI_handler_table @ 00001390 records: 3, size/record: 4, table size: 12
	index: 0, handler: __TI_zero_init
	index: 1, handler: __TI_decompress_rle24
	index: 2, handler: __TI_decompress_none


GLOBAL SYMBOLS: SORTED ALPHABETICALLY BY Name 

address   name                     
-------   ----                     
00000d89  C$$EXIT                  
00000edf  GPIODirModeSet           
00001059  GPIOIntClear             
00001029  GPIOIntEnable            
00000f69  GPIOIntRegister          
0000100d  GPIOIntStatus            
00000bbd  GPIOIntTypeSet           
00000459  GPIOPadConfigSet         
00000cfd  GPIOPinConfigure         
00000f81  GPIOPinTypeGPIOOutput    
00000fd9  GPIOPinTypePWM           
00000b55  IntEnable                
00000e49  IntRegister              
000003df  PUSH_ISR                 
00000f09  PWMGenConfigure          
00001035  PWMGenEnable             
00000ffd  PWMGenPeriodSet          
00000feb  PWMOutputState           
00000f4b  PWMPulseWidthSet         
0000104d  ResetISR                 
UNDEFED   SHT$$INIT_ARRAY$$Base    
UNDEFED   SHT$$INIT_ARRAY$$Limit   
0000058d  SysCtlClockGet           
00000799  SysCtlClockSet           
0000105f  SysCtlDelay              
00000fb1  SysCtlPWMClockSet        
00000e7d  SysCtlPeripheralEnable   
2000058c  __STACK_END              
00000320  __STACK_SIZE             
2000046c  __STACK_TOP              
000013a8  __TI_CINIT_Base          
000013b8  __TI_CINIT_Limit         
00001390  __TI_Handler_Table_Base  
0000139c  __TI_Handler_Table_Limit 
00000a7d  __TI_auto_init           
200005a4  __TI_cleanup_ptr         
0000101b  __TI_decompress_none     
00001065  __TI_decompress_rle24    
200005a8  __TI_dtors_ptr           
00000000  __TI_static_base__       
00001041  __TI_zero_init           
00000cb1  __aeabi_d2f              
00000dcd  __aeabi_d2uiz            
0000069d  __aeabi_dmul             
00000e11  __aeabi_f2d              
00000eb1  __aeabi_i2d              
00000a01  __aeabi_memclr           
00000a01  __aeabi_memclr4          
00000a01  __aeabi_memclr8          
00000965  __aeabi_memcpy           
00000965  __aeabi_memcpy4          
00000965  __aeabi_memcpy8          
00000a03  __aeabi_memset           
00000a03  __aeabi_memset4          
00000a03  __aeabi_memset8          
00000f2b  __aeabi_ui2d             
ffffffff  __binit__                
ffffffff  __c_args__               
2000026c  __stack                  
00000f99  _args_main               
00000c15  _c_int00                 
2000059c  _lock                    
00000fd3  _nop                     
00000fcb  _register_lock           
00000fc5  _register_unlock         
0000106b  _system_pre_init         
200005a0  _unlock                  
00000d8d  abort                    
ffffffff  binit                    
0000088d  computeDelayCount        
000008d1  computeDelayCountMicrosec
00000c65  copy_in                  
20000590  currentSpeed             
00000d95  exit                     
20000000  g_pfnRAMVectors          
00000000  g_pfnVectors             
0000026d  main                     
200005ac  main_func_sp             
00000965  memcpy                   
00000a09  memset                   
2000058c  pushButton               
2000058d  pushFlag                 
20000598  pwmClockFreq             
20000594  pwmLoadValue             
00000917  setDelay                 
00000929  setDelayMicro            


GLOBAL SYMBOLS: SORTED BY Symbol Address 

address   name                     
-------   ----                     
00000000  __TI_static_base__       
00000000  g_pfnVectors             
0000026d  main                     
00000320  __STACK_SIZE             
000003df  PUSH_ISR                 
00000459  GPIOPadConfigSet         
0000058d  SysCtlClockGet           
0000069d  __aeabi_dmul             
00000799  SysCtlClockSet           
0000088d  computeDelayCount        
000008d1  computeDelayCountMicrosec
00000917  setDelay                 
00000929  setDelayMicro            
00000965  __aeabi_memcpy           
00000965  __aeabi_memcpy4          
00000965  __aeabi_memcpy8          
00000965  memcpy                   
00000a01  __aeabi_memclr           
00000a01  __aeabi_memclr4          
00000a01  __aeabi_memclr8          
00000a03  __aeabi_memset           
00000a03  __aeabi_memset4          
00000a03  __aeabi_memset8          
00000a09  memset                   
00000a7d  __TI_auto_init           
00000b55  IntEnable                
00000bbd  GPIOIntTypeSet           
00000c15  _c_int00                 
00000c65  copy_in                  
00000cb1  __aeabi_d2f              
00000cfd  GPIOPinConfigure         
00000d89  C$$EXIT                  
00000d8d  abort                    
00000d95  exit                     
00000dcd  __aeabi_d2uiz            
00000e11  __aeabi_f2d              
00000e49  IntRegister              
00000e7d  SysCtlPeripheralEnable   
00000eb1  __aeabi_i2d              
00000edf  GPIODirModeSet           
00000f09  PWMGenConfigure          
00000f2b  __aeabi_ui2d             
00000f4b  PWMPulseWidthSet         
00000f69  GPIOIntRegister          
00000f81  GPIOPinTypeGPIOOutput    
00000f99  _args_main               
00000fb1  SysCtlPWMClockSet        
00000fc5  _register_unlock         
00000fcb  _register_lock           
00000fd3  _nop                     
00000fd9  GPIOPinTypePWM           
00000feb  PWMOutputState           
00000ffd  PWMGenPeriodSet          
0000100d  GPIOIntStatus            
0000101b  __TI_decompress_none     
00001029  GPIOIntEnable            
00001035  PWMGenEnable             
00001041  __TI_zero_init           
0000104d  ResetISR                 
00001059  GPIOIntClear             
0000105f  SysCtlDelay              
00001065  __TI_decompress_rle24    
0000106b  _system_pre_init         
00001390  __TI_Handler_Table_Base  
0000139c  __TI_Handler_Table_Limit 
000013a8  __TI_CINIT_Base          
000013b8  __TI_CINIT_Limit         
20000000  g_pfnRAMVectors          
2000026c  __stack                  
2000046c  __STACK_TOP              
2000058c  __STACK_END              
2000058c  pushButton               
2000058d  pushFlag                 
20000590  currentSpeed             
20000594  pwmLoadValue             
20000598  pwmClockFreq             
2000059c  _lock                    
200005a0  _unlock                  
200005a4  __TI_cleanup_ptr         
200005a8  __TI_dtors_ptr           
200005ac  main_func_sp             
ffffffff  __binit__                
ffffffff  __c_args__               
ffffffff  binit                    
UNDEFED   SHT$$INIT_ARRAY$$Base    
UNDEFED   SHT$$INIT_ARRAY$$Limit   

[86 symbols]
