<?xml version="1.0"?>
<link_info>
   <banner>TI ARM Linker PC v5.2.2</banner>
   <copyright>Copyright (c) 1996-2015 Texas Instruments Incorporated</copyright>
   <link_time>0x58f696f5</link_time>
   <link_errors>0x0</link_errors>
   <output_file>StepperExperiments.out</output_file>
   <entry_point>
      <name>_c_int00</name>
      <address>0xd0d</address>
   </entry_point>
   <input_file_list>
      <input_file id="fl-2">
         <path>.\</path>
         <kind>object</kind>
         <file>main.obj</file>
         <name>main.obj</name>
      </input_file>
      <input_file id="fl-3">
         <path>.\</path>
         <kind>object</kind>
         <file>stepperSWDriver.obj</file>
         <name>stepperSWDriver.obj</name>
      </input_file>
      <input_file id="fl-4">
         <path>.\</path>
         <kind>object</kind>
         <file>tivaUtils.obj</file>
         <name>tivaUtils.obj</name>
      </input_file>
      <input_file id="fl-5">
         <path>.\</path>
         <kind>object</kind>
         <file>tm4c123gh6pm_startup_ccs.obj</file>
         <name>tm4c123gh6pm_startup_ccs.obj</name>
      </input_file>
      <input_file id="fl-b">
         <path>C:\ti\TivaWare_C_Series-2.1.4.178\driverlib\ccs\Debug\</path>
         <kind>archive</kind>
         <file>driverlib.lib</file>
         <name>gpio.obj</name>
      </input_file>
      <input_file id="fl-c">
         <path>C:\ti\TivaWare_C_Series-2.1.4.178\driverlib\ccs\Debug\</path>
         <kind>archive</kind>
         <file>driverlib.lib</file>
         <name>interrupt.obj</name>
      </input_file>
      <input_file id="fl-d">
         <path>C:\ti\TivaWare_C_Series-2.1.4.178\driverlib\ccs\Debug\</path>
         <kind>archive</kind>
         <file>driverlib.lib</file>
         <name>sysctl.obj</name>
      </input_file>
      <input_file id="fl-e">
         <path>C:\ti\TivaWare_C_Series-2.1.4.178\driverlib\ccs\Debug\</path>
         <kind>archive</kind>
         <file>driverlib.lib</file>
         <name>cpu.obj</name>
      </input_file>
      <input_file id="fl-130">
         <path>C:\ti\ccsv6\tools\compiler\ti-cgt-arm_5.2.2\lib\</path>
         <kind>archive</kind>
         <file>rtsv7M4_T_le_v4SPD16_eabi.lib</file>
         <name>boot.obj</name>
      </input_file>
      <input_file id="fl-131">
         <path>C:\ti\ccsv6\tools\compiler\ti-cgt-arm_5.2.2\lib\</path>
         <kind>archive</kind>
         <file>rtsv7M4_T_le_v4SPD16_eabi.lib</file>
         <name>copy_decompress_none.obj</name>
      </input_file>
      <input_file id="fl-132">
         <path>C:\ti\ccsv6\tools\compiler\ti-cgt-arm_5.2.2\lib\</path>
         <kind>archive</kind>
         <file>rtsv7M4_T_le_v4SPD16_eabi.lib</file>
         <name>copy_decompress_rle.obj</name>
      </input_file>
      <input_file id="fl-133">
         <path>C:\ti\ccsv6\tools\compiler\ti-cgt-arm_5.2.2\lib\</path>
         <kind>archive</kind>
         <file>rtsv7M4_T_le_v4SPD16_eabi.lib</file>
         <name>copy_zero_init.obj</name>
      </input_file>
      <input_file id="fl-134">
         <path>C:\ti\ccsv6\tools\compiler\ti-cgt-arm_5.2.2\lib\</path>
         <kind>archive</kind>
         <file>rtsv7M4_T_le_v4SPD16_eabi.lib</file>
         <name>exit.obj</name>
      </input_file>
      <input_file id="fl-135">
         <path>C:\ti\ccsv6\tools\compiler\ti-cgt-arm_5.2.2\lib\</path>
         <kind>archive</kind>
         <file>rtsv7M4_T_le_v4SPD16_eabi.lib</file>
         <name>fd_div_t2.obj</name>
      </input_file>
      <input_file id="fl-136">
         <path>C:\ti\ccsv6\tools\compiler\ti-cgt-arm_5.2.2\lib\</path>
         <kind>archive</kind>
         <file>rtsv7M4_T_le_v4SPD16_eabi.lib</file>
         <name>fd_mul_t2.obj</name>
      </input_file>
      <input_file id="fl-137">
         <path>C:\ti\ccsv6\tools\compiler\ti-cgt-arm_5.2.2\lib\</path>
         <kind>archive</kind>
         <file>rtsv7M4_T_le_v4SPD16_eabi.lib</file>
         <name>fd_tos_t2.obj</name>
      </input_file>
      <input_file id="fl-138">
         <path>C:\ti\ccsv6\tools\compiler\ti-cgt-arm_5.2.2\lib\</path>
         <kind>archive</kind>
         <file>rtsv7M4_T_le_v4SPD16_eabi.lib</file>
         <name>fd_tou_t2.obj</name>
      </input_file>
      <input_file id="fl-139">
         <path>C:\ti\ccsv6\tools\compiler\ti-cgt-arm_5.2.2\lib\</path>
         <kind>archive</kind>
         <file>rtsv7M4_T_le_v4SPD16_eabi.lib</file>
         <name>fs_tod_t2.obj</name>
      </input_file>
      <input_file id="fl-13a">
         <path>C:\ti\ccsv6\tools\compiler\ti-cgt-arm_5.2.2\lib\</path>
         <kind>archive</kind>
         <file>rtsv7M4_T_le_v4SPD16_eabi.lib</file>
         <name>i_tofd_t2.obj</name>
      </input_file>
      <input_file id="fl-13b">
         <path>C:\ti\ccsv6\tools\compiler\ti-cgt-arm_5.2.2\lib\</path>
         <kind>archive</kind>
         <file>rtsv7M4_T_le_v4SPD16_eabi.lib</file>
         <name>memcpy_t2.obj</name>
      </input_file>
      <input_file id="fl-13c">
         <path>C:\ti\ccsv6\tools\compiler\ti-cgt-arm_5.2.2\lib\</path>
         <kind>archive</kind>
         <file>rtsv7M4_T_le_v4SPD16_eabi.lib</file>
         <name>memset_t2.obj</name>
      </input_file>
      <input_file id="fl-13d">
         <path>C:\ti\ccsv6\tools\compiler\ti-cgt-arm_5.2.2\lib\</path>
         <kind>archive</kind>
         <file>rtsv7M4_T_le_v4SPD16_eabi.lib</file>
         <name>pre_init.obj</name>
      </input_file>
      <input_file id="fl-13e">
         <path>C:\ti\ccsv6\tools\compiler\ti-cgt-arm_5.2.2\lib\</path>
         <kind>archive</kind>
         <file>rtsv7M4_T_le_v4SPD16_eabi.lib</file>
         <name>stkdepth_vars.obj</name>
      </input_file>
      <input_file id="fl-13f">
         <path>C:\ti\ccsv6\tools\compiler\ti-cgt-arm_5.2.2\lib\</path>
         <kind>archive</kind>
         <file>rtsv7M4_T_le_v4SPD16_eabi.lib</file>
         <name>u_tofd_t2.obj</name>
      </input_file>
      <input_file id="fl-140">
         <path>C:\ti\ccsv6\tools\compiler\ti-cgt-arm_5.2.2\lib\</path>
         <kind>archive</kind>
         <file>rtsv7M4_T_le_v4SPD16_eabi.lib</file>
         <name>_lock.obj</name>
      </input_file>
      <input_file id="fl-141">
         <path>C:\ti\ccsv6\tools\compiler\ti-cgt-arm_5.2.2\lib\</path>
         <kind>archive</kind>
         <file>rtsv7M4_T_le_v4SPD16_eabi.lib</file>
         <name>args_main.obj</name>
      </input_file>
      <input_file id="fl-142">
         <path>C:\ti\ccsv6\tools\compiler\ti-cgt-arm_5.2.2\lib\</path>
         <kind>archive</kind>
         <file>rtsv7M4_T_le_v4SPD16_eabi.lib</file>
         <name>autoinit.obj</name>
      </input_file>
      <input_file id="fl-143">
         <path>C:\ti\ccsv6\tools\compiler\ti-cgt-arm_5.2.2\lib\</path>
         <kind>archive</kind>
         <file>rtsv7M4_T_le_v4SPD16_eabi.lib</file>
         <name>cpy_tbl.obj</name>
      </input_file>
   </input_file_list>
   <object_component_list>
      <object_component id="oc-f">
         <name>.intvecs</name>
         <load_address>0x0</load_address>
         <run_address>0x0</run_address>
         <size>0x26c</size>
         <input_file_ref idref="fl-5"/>
      </object_component>
      <object_component id="oc-f3">
         <name>.text</name>
         <load_address>0x26c</load_address>
         <run_address>0x26c</run_address>
         <size>0x1b0</size>
         <input_file_ref idref="fl-3"/>
      </object_component>
      <object_component id="oc-14e">
         <name>.text</name>
         <load_address>0x41c</load_address>
         <run_address>0x41c</run_address>
         <size>0x136</size>
         <input_file_ref idref="fl-135"/>
      </object_component>
      <object_component id="oc-db">
         <name>.text:GPIOPadConfigSet</name>
         <load_address>0x552</load_address>
         <run_address>0x552</run_address>
         <size>0x132</size>
         <input_file_ref idref="fl-b"/>
      </object_component>
      <object_component id="oc-9d">
         <name>.text</name>
         <load_address>0x684</load_address>
         <run_address>0x684</run_address>
         <size>0x110</size>
         <input_file_ref idref="fl-2"/>
      </object_component>
      <object_component id="oc-153">
         <name>.text</name>
         <load_address>0x794</load_address>
         <run_address>0x794</run_address>
         <size>0xfc</size>
         <input_file_ref idref="fl-136"/>
      </object_component>
      <object_component id="oc-c3">
         <name>.text:SysCtlClockSet</name>
         <load_address>0x890</load_address>
         <run_address>0x890</run_address>
         <size>0xf4</size>
         <input_file_ref idref="fl-d"/>
      </object_component>
      <object_component id="oc-f9">
         <name>.text</name>
         <load_address>0x984</load_address>
         <run_address>0x984</run_address>
         <size>0xd8</size>
         <input_file_ref idref="fl-4"/>
      </object_component>
      <object_component id="oc-33">
         <name>.text</name>
         <load_address>0xa5c</load_address>
         <run_address>0xa5c</run_address>
         <size>0x9c</size>
         <input_file_ref idref="fl-13b"/>
      </object_component>
      <object_component id="oc-4c">
         <name>.text</name>
         <load_address>0xaf8</load_address>
         <run_address>0xaf8</run_address>
         <size>0x7a</size>
         <input_file_ref idref="fl-13c"/>
      </object_component>
      <object_component id="oc-5e">
         <name>.text</name>
         <load_address>0xb74</load_address>
         <run_address>0xb74</run_address>
         <size>0x6c</size>
         <input_file_ref idref="fl-142"/>
      </object_component>
      <object_component id="oc-3f">
         <name>.text</name>
         <load_address>0xbe0</load_address>
         <run_address>0xbe0</run_address>
         <size>0x6a</size>
         <input_file_ref idref="fl-132"/>
      </object_component>
      <object_component id="oc-13f">
         <name>.text:IntEnable</name>
         <load_address>0xc4c</load_address>
         <run_address>0xc4c</run_address>
         <size>0x68</size>
         <input_file_ref idref="fl-c"/>
      </object_component>
      <object_component id="oc-e7">
         <name>.text:GPIOIntTypeSet</name>
         <load_address>0xcb4</load_address>
         <run_address>0xcb4</run_address>
         <size>0x56</size>
         <input_file_ref idref="fl-b"/>
      </object_component>
      <object_component id="oc-24">
         <name>.text</name>
         <load_address>0xd0c</load_address>
         <run_address>0xd0c</run_address>
         <size>0x50</size>
         <input_file_ref idref="fl-130"/>
      </object_component>
      <object_component id="oc-95">
         <name>.text</name>
         <load_address>0xd5c</load_address>
         <run_address>0xd5c</run_address>
         <size>0x4c</size>
         <input_file_ref idref="fl-143"/>
      </object_component>
      <object_component id="oc-16d">
         <name>.text</name>
         <load_address>0xda8</load_address>
         <run_address>0xda8</run_address>
         <size>0x4a</size>
         <input_file_ref idref="fl-137"/>
      </object_component>
      <object_component id="oc-133">
         <name>.text:_GPIOIntNumberGet</name>
         <load_address>0xdf4</load_address>
         <run_address>0xdf4</run_address>
         <size>0x44</size>
         <input_file_ref idref="fl-b"/>
      </object_component>
      <object_component id="oc-6a">
         <name>.text</name>
         <load_address>0xe38</load_address>
         <run_address>0xe38</run_address>
         <size>0x44</size>
         <input_file_ref idref="fl-134"/>
      </object_component>
      <object_component id="oc-158">
         <name>.text</name>
         <load_address>0xe7c</load_address>
         <run_address>0xe7c</run_address>
         <size>0x44</size>
         <input_file_ref idref="fl-138"/>
      </object_component>
      <object_component id="oc-15d">
         <name>.text</name>
         <load_address>0xec0</load_address>
         <run_address>0xec0</run_address>
         <size>0x38</size>
         <input_file_ref idref="fl-139"/>
      </object_component>
      <object_component id="oc-139">
         <name>.text:IntRegister</name>
         <load_address>0xef8</load_address>
         <run_address>0xef8</run_address>
         <size>0x34</size>
         <input_file_ref idref="fl-c"/>
      </object_component>
      <object_component id="oc-c9">
         <name>.text:SysCtlPeripheralEnable</name>
         <load_address>0xf2c</load_address>
         <run_address>0xf2c</run_address>
         <size>0x34</size>
         <input_file_ref idref="fl-d"/>
      </object_component>
      <object_component id="oc-163">
         <name>.text</name>
         <load_address>0xf60</load_address>
         <run_address>0xf60</run_address>
         <size>0x2e</size>
         <input_file_ref idref="fl-13a"/>
      </object_component>
      <object_component id="oc-d5">
         <name>.text:GPIODirModeSet</name>
         <load_address>0xf8e</load_address>
         <run_address>0xf8e</run_address>
         <size>0x2a</size>
         <input_file_ref idref="fl-b"/>
      </object_component>
      <object_component id="oc-168">
         <name>.text</name>
         <load_address>0xfb8</load_address>
         <run_address>0xfb8</run_address>
         <size>0x20</size>
         <input_file_ref idref="fl-13f"/>
      </object_component>
      <object_component id="oc-e1">
         <name>.text:GPIOIntRegister</name>
         <load_address>0xfd8</load_address>
         <run_address>0xfd8</run_address>
         <size>0x18</size>
         <input_file_ref idref="fl-b"/>
      </object_component>
      <object_component id="oc-cf">
         <name>.text:GPIOPinTypeGPIOOutput</name>
         <load_address>0xff0</load_address>
         <run_address>0xff0</run_address>
         <size>0x18</size>
         <input_file_ref idref="fl-b"/>
      </object_component>
      <object_component id="oc-64">
         <name>.text</name>
         <load_address>0x1008</load_address>
         <run_address>0x1008</run_address>
         <size>0x18</size>
         <input_file_ref idref="fl-141"/>
      </object_component>
      <object_component id="oc-116">
         <name>.text</name>
         <load_address>0x1020</load_address>
         <run_address>0x1020</run_address>
         <size>0x14</size>
         <input_file_ref idref="fl-140"/>
      </object_component>
      <object_component id="oc-ff">
         <name>.text:GPIOIntStatus</name>
         <load_address>0x1034</load_address>
         <run_address>0x1034</run_address>
         <size>0xe</size>
         <input_file_ref idref="fl-b"/>
      </object_component>
      <object_component id="oc-12">
         <name>.text:decompress:none</name>
         <load_address>0x1042</load_address>
         <run_address>0x1042</run_address>
         <size>0xe</size>
         <input_file_ref idref="fl-131"/>
      </object_component>
      <object_component id="oc-ed">
         <name>.text:GPIOIntEnable</name>
         <load_address>0x1050</load_address>
         <run_address>0x1050</run_address>
         <size>0xc</size>
         <input_file_ref idref="fl-b"/>
      </object_component>
      <object_component id="oc-1e">
         <name>.text:decompress:ZI</name>
         <load_address>0x105c</load_address>
         <run_address>0x105c</run_address>
         <size>0xc</size>
         <input_file_ref idref="fl-133"/>
      </object_component>
      <object_component id="oc-2a">
         <name>.text</name>
         <load_address>0x1068</load_address>
         <run_address>0x1068</run_address>
         <size>0xc</size>
         <input_file_ref idref="fl-5"/>
      </object_component>
      <object_component id="oc-105">
         <name>.text:GPIOIntClear</name>
         <load_address>0x1074</load_address>
         <run_address>0x1074</run_address>
         <size>0x6</size>
         <input_file_ref idref="fl-b"/>
      </object_component>
      <object_component id="oc-148">
         <name>.text:GPIOPinWrite</name>
         <load_address>0x107a</load_address>
         <run_address>0x107a</run_address>
         <size>0x6</size>
         <input_file_ref idref="fl-b"/>
      </object_component>
      <object_component id="oc-12b">
         <name>.text:SysCtlDelay</name>
         <load_address>0x1080</load_address>
         <run_address>0x1080</run_address>
         <size>0x6</size>
         <input_file_ref idref="fl-d"/>
      </object_component>
      <object_component id="oc-18">
         <name>.text:decompress:rle24</name>
         <load_address>0x1086</load_address>
         <run_address>0x1086</run_address>
         <size>0x6</size>
         <input_file_ref idref="fl-132"/>
      </object_component>
      <object_component id="oc-58">
         <name>.text</name>
         <load_address>0x108c</load_address>
         <run_address>0x108c</run_address>
         <size>0x4</size>
         <input_file_ref idref="fl-13d"/>
      </object_component>
      <object_component id="oc-186">
         <name>.const:g_ppui32GPIOIntMapSnowflake</name>
         <load_address>0x1090</load_address>
         <run_address>0x1090</run_address>
         <size>0xd8</size>
         <input_file_ref idref="fl-b"/>
      </object_component>
      <object_component id="oc-183">
         <name>.const:g_ppui32GPIOIntMapBlizzard</name>
         <load_address>0x1168</load_address>
         <run_address>0x1168</run_address>
         <size>0xc0</size>
         <input_file_ref idref="fl-b"/>
      </object_component>
      <object_component id="oc-18f">
         <name>.const</name>
         <load_address>0x1228</load_address>
         <run_address>0x1228</run_address>
         <size>0x70</size>
         <input_file_ref idref="fl-c"/>
      </object_component>
      <object_component id="oc-1c9">
         <name>.cinit..data.load</name>
         <load_address>0x1298</load_address>
         <run_address>0x1298</run_address>
         <size>0xf</size>
      </object_component>
      <object_component id="oc-1c6">
         <name>__TI_handler_table</name>
         <load_address>0x12a8</load_address>
         <run_address>0x12a8</run_address>
         <size>0xc</size>
      </object_component>
      <object_component id="oc-1c8">
         <name>.cinit..vtable.load</name>
         <load_address>0x12b8</load_address>
         <run_address>0x12b8</run_address>
         <size>0x8</size>
      </object_component>
      <object_component id="oc-1c7">
         <name>__TI_cinit_table</name>
         <load_address>0x12c0</load_address>
         <run_address>0x12c0</run_address>
         <size>0x10</size>
      </object_component>
      <object_component id="oc-18a">
         <name>.vtable</name>
         <uninitialized>true</uninitialized>
         <run_address>0x20000000</run_address>
         <size>0x26c</size>
         <input_file_ref idref="fl-c"/>
      </object_component>
      <object_component id="oc-29">
         <name>.stack</name>
         <uninitialized>true</uninitialized>
         <run_address>0x2000026c</run_address>
         <size>0x0</size>
         <input_file_ref idref="fl-130"/>
      </object_component>
      <object_component id="oc-1ca">
         <name>.stack</name>
         <uninitialized>true</uninitialized>
         <run_address>0x2000026c</run_address>
         <size>0x0</size>
      </object_component>
      <object_component id="oc-10b">
         <name>.data</name>
         <load_address>0x200005a0</load_address>
         <run_address>0x200005a0</run_address>
         <size>0x3</size>
         <input_file_ref idref="fl-2"/>
      </object_component>
      <object_component id="oc-a8">
         <name>.data</name>
         <load_address>0x20000594</load_address>
         <run_address>0x20000594</run_address>
         <size>0x8</size>
         <input_file_ref idref="fl-134"/>
      </object_component>
      <object_component id="oc-70">
         <name>.data</name>
         <load_address>0x2000059c</load_address>
         <run_address>0x2000059c</run_address>
         <size>0x4</size>
         <input_file_ref idref="fl-13e"/>
      </object_component>
      <object_component id="oc-a5">
         <name>.data</name>
         <load_address>0x2000058c</load_address>
         <run_address>0x2000058c</run_address>
         <size>0x8</size>
         <input_file_ref idref="fl-140"/>
      </object_component>
      <object_component id="oc-10c">
         <name>.debug_info</name>
         <load_address>0x0</load_address>
         <run_address>0x0</run_address>
         <size>0x13e</size>
         <input_file_ref idref="fl-2"/>
      </object_component>
      <object_component id="oc-9e">
         <name>.debug_info</name>
         <load_address>0x13e</load_address>
         <run_address>0x13e</run_address>
         <size>0x2f5</size>
         <input_file_ref idref="fl-2"/>
      </object_component>
      <object_component id="oc-b0">
         <name>.debug_info</name>
         <load_address>0x433</load_address>
         <run_address>0x433</run_address>
         <size>0x8b</size>
         <input_file_ref idref="fl-2"/>
      </object_component>
      <object_component id="oc-7c">
         <name>.debug_info</name>
         <load_address>0x4be</load_address>
         <run_address>0x4be</run_address>
         <size>0x18b</size>
         <input_file_ref idref="fl-2"/>
      </object_component>
      <object_component id="oc-f5">
         <name>.debug_info</name>
         <load_address>0x649</load_address>
         <run_address>0x649</run_address>
         <size>0xae2</size>
         <input_file_ref idref="fl-3"/>
      </object_component>
      <object_component id="oc-fc">
         <name>.debug_info</name>
         <load_address>0x112b</load_address>
         <run_address>0x112b</run_address>
         <size>0x836</size>
         <input_file_ref idref="fl-4"/>
      </object_component>
      <object_component id="oc-77">
         <name>.debug_info</name>
         <load_address>0x1961</load_address>
         <run_address>0x1961</run_address>
         <size>0x84</size>
         <input_file_ref idref="fl-4"/>
      </object_component>
      <object_component id="oc-32">
         <name>.debug_info</name>
         <load_address>0x19e5</load_address>
         <run_address>0x19e5</run_address>
         <size>0x12f</size>
         <input_file_ref idref="fl-5"/>
      </object_component>
      <object_component id="oc-10">
         <name>.debug_info</name>
         <load_address>0x1b14</load_address>
         <run_address>0x1b14</run_address>
         <size>0x114</size>
         <input_file_ref idref="fl-5"/>
      </object_component>
      <object_component id="oc-2c">
         <name>.debug_info</name>
         <load_address>0x1c28</load_address>
         <run_address>0x1c28</run_address>
         <size>0x290</size>
         <input_file_ref idref="fl-5"/>
      </object_component>
      <object_component id="oc-130">
         <name>.debug_info</name>
         <load_address>0x1eb8</load_address>
         <run_address>0x1eb8</run_address>
         <size>0x240</size>
         <input_file_ref idref="fl-b"/>
      </object_component>
      <object_component id="oc-184">
         <name>.debug_info</name>
         <load_address>0x20f8</load_address>
         <run_address>0x20f8</run_address>
         <size>0x167</size>
         <input_file_ref idref="fl-b"/>
      </object_component>
      <object_component id="oc-187">
         <name>.debug_info</name>
         <load_address>0x225f</load_address>
         <run_address>0x225f</run_address>
         <size>0x169</size>
         <input_file_ref idref="fl-b"/>
      </object_component>
      <object_component id="oc-149">
         <name>.debug_info</name>
         <load_address>0x23c8</load_address>
         <run_address>0x23c8</run_address>
         <size>0x2a3</size>
         <input_file_ref idref="fl-b"/>
      </object_component>
      <object_component id="oc-d6">
         <name>.debug_info</name>
         <load_address>0x266b</load_address>
         <run_address>0x266b</run_address>
         <size>0x2b3</size>
         <input_file_ref idref="fl-b"/>
      </object_component>
      <object_component id="oc-dc">
         <name>.debug_info</name>
         <load_address>0x291e</load_address>
         <run_address>0x291e</run_address>
         <size>0x316</size>
         <input_file_ref idref="fl-b"/>
      </object_component>
      <object_component id="oc-d0">
         <name>.debug_info</name>
         <load_address>0x2c34</load_address>
         <run_address>0x2c34</run_address>
         <size>0x2b7</size>
         <input_file_ref idref="fl-b"/>
      </object_component>
      <object_component id="oc-134">
         <name>.debug_info</name>
         <load_address>0x2eeb</load_address>
         <run_address>0x2eeb</run_address>
         <size>0x298</size>
         <input_file_ref idref="fl-b"/>
      </object_component>
      <object_component id="oc-e8">
         <name>.debug_info</name>
         <load_address>0x3183</load_address>
         <run_address>0x3183</run_address>
         <size>0x2bb</size>
         <input_file_ref idref="fl-b"/>
      </object_component>
      <object_component id="oc-100">
         <name>.debug_info</name>
         <load_address>0x343e</load_address>
         <run_address>0x343e</run_address>
         <size>0x27f</size>
         <input_file_ref idref="fl-b"/>
      </object_component>
      <object_component id="oc-e2">
         <name>.debug_info</name>
         <load_address>0x36bd</load_address>
         <run_address>0x36bd</run_address>
         <size>0x2cf</size>
         <input_file_ref idref="fl-b"/>
      </object_component>
      <object_component id="oc-ee">
         <name>.debug_info</name>
         <load_address>0x398c</load_address>
         <run_address>0x398c</run_address>
         <size>0x28f</size>
         <input_file_ref idref="fl-b"/>
      </object_component>
      <object_component id="oc-106">
         <name>.debug_info</name>
         <load_address>0x3c1b</load_address>
         <run_address>0x3c1b</run_address>
         <size>0x28d</size>
         <input_file_ref idref="fl-b"/>
      </object_component>
      <object_component id="oc-18e">
         <name>.debug_info</name>
         <load_address>0x3ea8</load_address>
         <run_address>0x3ea8</run_address>
         <size>0x20e</size>
         <input_file_ref idref="fl-c"/>
      </object_component>
      <object_component id="oc-190">
         <name>.debug_info</name>
         <load_address>0x40b6</load_address>
         <run_address>0x40b6</run_address>
         <size>0x210</size>
         <input_file_ref idref="fl-c"/>
      </object_component>
      <object_component id="oc-18b">
         <name>.debug_info</name>
         <load_address>0x42c6</load_address>
         <run_address>0x42c6</run_address>
         <size>0x157</size>
         <input_file_ref idref="fl-c"/>
      </object_component>
      <object_component id="oc-13b">
         <name>.debug_info</name>
         <load_address>0x441d</load_address>
         <run_address>0x441d</run_address>
         <size>0x2c1</size>
         <input_file_ref idref="fl-c"/>
      </object_component>
      <object_component id="oc-141">
         <name>.debug_info</name>
         <load_address>0x46de</load_address>
         <run_address>0x46de</run_address>
         <size>0x268</size>
         <input_file_ref idref="fl-c"/>
      </object_component>
      <object_component id="oc-12d">
         <name>.debug_info</name>
         <load_address>0x4946</load_address>
         <run_address>0x4946</run_address>
         <size>0x298</size>
         <input_file_ref idref="fl-d"/>
      </object_component>
      <object_component id="oc-ca">
         <name>.debug_info</name>
         <load_address>0x4bde</load_address>
         <run_address>0x4bde</run_address>
         <size>0x27d</size>
         <input_file_ref idref="fl-d"/>
      </object_component>
      <object_component id="oc-c5">
         <name>.debug_info</name>
         <load_address>0x4e5b</load_address>
         <run_address>0x4e5b</run_address>
         <size>0x2db</size>
         <input_file_ref idref="fl-d"/>
      </object_component>
      <object_component id="oc-17c">
         <name>.debug_info</name>
         <load_address>0x5136</load_address>
         <run_address>0x5136</run_address>
         <size>0x5f</size>
         <input_file_ref idref="fl-d"/>
      </object_component>
      <object_component id="oc-27">
         <name>.debug_info</name>
         <load_address>0x5195</load_address>
         <run_address>0x5195</run_address>
         <size>0x138</size>
         <input_file_ref idref="fl-130"/>
      </object_component>
      <object_component id="oc-3e">
         <name>.debug_info</name>
         <load_address>0x52cd</load_address>
         <run_address>0x52cd</run_address>
         <size>0x123</size>
         <input_file_ref idref="fl-131"/>
      </object_component>
      <object_component id="oc-13">
         <name>.debug_info</name>
         <load_address>0x53f0</load_address>
         <run_address>0x53f0</run_address>
         <size>0x1c2</size>
         <input_file_ref idref="fl-131"/>
      </object_component>
      <object_component id="oc-39">
         <name>.debug_info</name>
         <load_address>0x55b2</load_address>
         <run_address>0x55b2</run_address>
         <size>0x46</size>
         <input_file_ref idref="fl-131"/>
      </object_component>
      <object_component id="oc-82">
         <name>.debug_info</name>
         <load_address>0x55f8</load_address>
         <run_address>0x55f8</run_address>
         <size>0x2c</size>
         <input_file_ref idref="fl-131"/>
      </object_component>
      <object_component id="oc-46">
         <name>.debug_info</name>
         <load_address>0x5624</load_address>
         <run_address>0x5624</run_address>
         <size>0x117</size>
         <input_file_ref idref="fl-132"/>
      </object_component>
      <object_component id="oc-40">
         <name>.debug_info</name>
         <load_address>0x573b</load_address>
         <run_address>0x573b</run_address>
         <size>0x22a</size>
         <input_file_ref idref="fl-132"/>
      </object_component>
      <object_component id="oc-19">
         <name>.debug_info</name>
         <load_address>0x5965</load_address>
         <run_address>0x5965</run_address>
         <size>0x1bc</size>
         <input_file_ref idref="fl-132"/>
      </object_component>
      <object_component id="oc-47">
         <name>.debug_info</name>
         <load_address>0x5b21</load_address>
         <run_address>0x5b21</run_address>
         <size>0x39</size>
         <input_file_ref idref="fl-132"/>
      </object_component>
      <object_component id="oc-8c">
         <name>.debug_info</name>
         <load_address>0x5b5a</load_address>
         <run_address>0x5b5a</run_address>
         <size>0x2c</size>
         <input_file_ref idref="fl-132"/>
      </object_component>
      <object_component id="oc-57">
         <name>.debug_info</name>
         <load_address>0x5b86</load_address>
         <run_address>0x5b86</run_address>
         <size>0x112</size>
         <input_file_ref idref="fl-133"/>
      </object_component>
      <object_component id="oc-1f">
         <name>.debug_info</name>
         <load_address>0x5c98</load_address>
         <run_address>0x5c98</run_address>
         <size>0x18d</size>
         <input_file_ref idref="fl-133"/>
      </object_component>
      <object_component id="oc-52">
         <name>.debug_info</name>
         <load_address>0x5e25</load_address>
         <run_address>0x5e25</run_address>
         <size>0x46</size>
         <input_file_ref idref="fl-133"/>
      </object_component>
      <object_component id="oc-ac">
         <name>.debug_info</name>
         <load_address>0x5e6b</load_address>
         <run_address>0x5e6b</run_address>
         <size>0x174</size>
         <input_file_ref idref="fl-134"/>
      </object_component>
      <object_component id="oc-a9">
         <name>.debug_info</name>
         <load_address>0x5fdf</load_address>
         <run_address>0x5fdf</run_address>
         <size>0x119</size>
         <input_file_ref idref="fl-134"/>
      </object_component>
      <object_component id="oc-6c">
         <name>.debug_info</name>
         <load_address>0x60f8</load_address>
         <run_address>0x60f8</run_address>
         <size>0x1f0</size>
         <input_file_ref idref="fl-134"/>
      </object_component>
      <object_component id="oc-150">
         <name>.debug_info</name>
         <load_address>0x62e8</load_address>
         <run_address>0x62e8</run_address>
         <size>0x11b</size>
         <input_file_ref idref="fl-135"/>
      </object_component>
      <object_component id="oc-156">
         <name>.debug_info</name>
         <load_address>0x6403</load_address>
         <run_address>0x6403</run_address>
         <size>0x11b</size>
         <input_file_ref idref="fl-136"/>
      </object_component>
      <object_component id="oc-16e">
         <name>.debug_info</name>
         <load_address>0x651e</load_address>
         <run_address>0x651e</run_address>
         <size>0x116</size>
         <input_file_ref idref="fl-137"/>
      </object_component>
      <object_component id="oc-15a">
         <name>.debug_info</name>
         <load_address>0x6634</load_address>
         <run_address>0x6634</run_address>
         <size>0x11a</size>
         <input_file_ref idref="fl-138"/>
      </object_component>
      <object_component id="oc-160">
         <name>.debug_info</name>
         <load_address>0x674e</load_address>
         <run_address>0x674e</run_address>
         <size>0x10d</size>
         <input_file_ref idref="fl-139"/>
      </object_component>
      <object_component id="oc-166">
         <name>.debug_info</name>
         <load_address>0x685b</load_address>
         <run_address>0x685b</run_address>
         <size>0x10d</size>
         <input_file_ref idref="fl-13a"/>
      </object_component>
      <object_component id="oc-35">
         <name>.debug_info</name>
         <load_address>0x6968</load_address>
         <run_address>0x6968</run_address>
         <size>0xfa</size>
         <input_file_ref idref="fl-13b"/>
      </object_component>
      <object_component id="oc-4d">
         <name>.debug_info</name>
         <load_address>0x6a62</load_address>
         <run_address>0x6a62</run_address>
         <size>0x12a</size>
         <input_file_ref idref="fl-13c"/>
      </object_component>
      <object_component id="oc-5c">
         <name>.debug_info</name>
         <load_address>0x6b8c</load_address>
         <run_address>0x6b8c</run_address>
         <size>0x12b</size>
         <input_file_ref idref="fl-13d"/>
      </object_component>
      <object_component id="oc-71">
         <name>.debug_info</name>
         <load_address>0x6cb7</load_address>
         <run_address>0x6cb7</run_address>
         <size>0xec</size>
         <input_file_ref idref="fl-13e"/>
      </object_component>
      <object_component id="oc-16a">
         <name>.debug_info</name>
         <load_address>0x6da3</load_address>
         <run_address>0x6da3</run_address>
         <size>0x10f</size>
         <input_file_ref idref="fl-13f"/>
      </object_component>
      <object_component id="oc-11e">
         <name>.debug_info</name>
         <load_address>0x6eb2</load_address>
         <run_address>0x6eb2</run_address>
         <size>0x107</size>
         <input_file_ref idref="fl-140"/>
      </object_component>
      <object_component id="oc-a6">
         <name>.debug_info</name>
         <load_address>0x6fb9</load_address>
         <run_address>0x6fb9</run_address>
         <size>0xf6</size>
         <input_file_ref idref="fl-140"/>
      </object_component>
      <object_component id="oc-117">
         <name>.debug_info</name>
         <load_address>0x70af</load_address>
         <run_address>0x70af</run_address>
         <size>0x202</size>
         <input_file_ref idref="fl-140"/>
      </object_component>
      <object_component id="oc-a4">
         <name>.debug_info</name>
         <load_address>0x72b1</load_address>
         <run_address>0x72b1</run_address>
         <size>0x149</size>
         <input_file_ref idref="fl-141"/>
      </object_component>
      <object_component id="oc-65">
         <name>.debug_info</name>
         <load_address>0x73fa</load_address>
         <run_address>0x73fa</run_address>
         <size>0x14a</size>
         <input_file_ref idref="fl-141"/>
      </object_component>
      <object_component id="oc-111">
         <name>.debug_info</name>
         <load_address>0x7544</load_address>
         <run_address>0x7544</run_address>
         <size>0x5e</size>
         <input_file_ref idref="fl-141"/>
      </object_component>
      <object_component id="oc-9c">
         <name>.debug_info</name>
         <load_address>0x75a2</load_address>
         <run_address>0x75a2</run_address>
         <size>0x2a0</size>
         <input_file_ref idref="fl-142"/>
      </object_component>
      <object_component id="oc-5f">
         <name>.debug_info</name>
         <load_address>0x7842</load_address>
         <run_address>0x7842</run_address>
         <size>0x15a</size>
         <input_file_ref idref="fl-142"/>
      </object_component>
      <object_component id="oc-b9">
         <name>.debug_info</name>
         <load_address>0x799c</load_address>
         <run_address>0x799c</run_address>
         <size>0x39</size>
         <input_file_ref idref="fl-142"/>
      </object_component>
      <object_component id="oc-be">
         <name>.debug_info</name>
         <load_address>0x79d5</load_address>
         <run_address>0x79d5</run_address>
         <size>0xcd</size>
         <input_file_ref idref="fl-142"/>
      </object_component>
      <object_component id="oc-b6">
         <name>.debug_info</name>
         <load_address>0x7aa2</load_address>
         <run_address>0x7aa2</run_address>
         <size>0x1c3</size>
         <input_file_ref idref="fl-143"/>
      </object_component>
      <object_component id="oc-96">
         <name>.debug_info</name>
         <load_address>0x7c65</load_address>
         <run_address>0x7c65</run_address>
         <size>0x17f</size>
         <input_file_ref idref="fl-143"/>
      </object_component>
      <object_component id="oc-126">
         <name>.debug_info</name>
         <load_address>0x7de4</load_address>
         <run_address>0x7de4</run_address>
         <size>0x2c</size>
         <input_file_ref idref="fl-143"/>
      </object_component>
      <object_component id="oc-1cb">
         <name>.debug_info</name>
         <load_address>0x7e10</load_address>
         <run_address>0x7e10</run_address>
         <size>0xce</size>
      </object_component>
      <object_component id="oc-176">
         <name>.debug_line</name>
         <load_address>0x0</load_address>
         <run_address>0x0</run_address>
         <size>0x2d</size>
         <input_file_ref idref="fl-2"/>
      </object_component>
      <object_component id="oc-a1">
         <name>.debug_line</name>
         <load_address>0x2d</load_address>
         <run_address>0x2d</run_address>
         <size>0xb4</size>
         <input_file_ref idref="fl-2"/>
      </object_component>
      <object_component id="oc-b3">
         <name>.debug_line</name>
         <load_address>0xe1</load_address>
         <run_address>0xe1</run_address>
         <size>0x20</size>
         <input_file_ref idref="fl-2"/>
      </object_component>
      <object_component id="oc-7f">
         <name>.debug_line</name>
         <load_address>0x101</load_address>
         <run_address>0x101</run_address>
         <size>0x60</size>
         <input_file_ref idref="fl-2"/>
      </object_component>
      <object_component id="oc-f4">
         <name>.debug_line</name>
         <load_address>0x161</load_address>
         <run_address>0x161</run_address>
         <size>0x162</size>
         <input_file_ref idref="fl-3"/>
      </object_component>
      <object_component id="oc-fe">
         <name>.debug_line</name>
         <load_address>0x2c3</load_address>
         <run_address>0x2c3</run_address>
         <size>0xed</size>
         <input_file_ref idref="fl-4"/>
      </object_component>
      <object_component id="oc-7a">
         <name>.debug_line</name>
         <load_address>0x3b0</load_address>
         <run_address>0x3b0</run_address>
         <size>0x20</size>
         <input_file_ref idref="fl-4"/>
      </object_component>
      <object_component id="oc-76">
         <name>.debug_line</name>
         <load_address>0x3d0</load_address>
         <run_address>0x3d0</run_address>
         <size>0x41</size>
         <input_file_ref idref="fl-5"/>
      </object_component>
      <object_component id="oc-31">
         <name>.debug_line</name>
         <load_address>0x411</load_address>
         <run_address>0x411</run_address>
         <size>0x41</size>
         <input_file_ref idref="fl-5"/>
      </object_component>
      <object_component id="oc-2f">
         <name>.debug_line</name>
         <load_address>0x452</load_address>
         <run_address>0x452</run_address>
         <size>0xa1</size>
         <input_file_ref idref="fl-5"/>
      </object_component>
      <object_component id="oc-182">
         <name>.debug_line</name>
         <load_address>0x4f3</load_address>
         <run_address>0x4f3</run_address>
         <size>0x82</size>
         <input_file_ref idref="fl-b"/>
      </object_component>
      <object_component id="oc-19c">
         <name>.debug_line</name>
         <load_address>0x575</load_address>
         <run_address>0x575</run_address>
         <size>0x7d</size>
         <input_file_ref idref="fl-b"/>
      </object_component>
      <object_component id="oc-19e">
         <name>.debug_line</name>
         <load_address>0x5f2</load_address>
         <run_address>0x5f2</run_address>
         <size>0x7d</size>
         <input_file_ref idref="fl-b"/>
      </object_component>
      <object_component id="oc-14c">
         <name>.debug_line</name>
         <load_address>0x66f</load_address>
         <run_address>0x66f</run_address>
         <size>0x92</size>
         <input_file_ref idref="fl-b"/>
      </object_component>
      <object_component id="oc-d9">
         <name>.debug_line</name>
         <load_address>0x701</load_address>
         <run_address>0x701</run_address>
         <size>0x95</size>
         <input_file_ref idref="fl-b"/>
      </object_component>
      <object_component id="oc-df">
         <name>.debug_line</name>
         <load_address>0x796</load_address>
         <run_address>0x796</run_address>
         <size>0xd1</size>
         <input_file_ref idref="fl-b"/>
      </object_component>
      <object_component id="oc-d3">
         <name>.debug_line</name>
         <load_address>0x867</load_address>
         <run_address>0x867</run_address>
         <size>0x99</size>
         <input_file_ref idref="fl-b"/>
      </object_component>
      <object_component id="oc-137">
         <name>.debug_line</name>
         <load_address>0x900</load_address>
         <run_address>0x900</run_address>
         <size>0xa6</size>
         <input_file_ref idref="fl-b"/>
      </object_component>
      <object_component id="oc-eb">
         <name>.debug_line</name>
         <load_address>0x9a6</load_address>
         <run_address>0x9a6</run_address>
         <size>0x99</size>
         <input_file_ref idref="fl-b"/>
      </object_component>
      <object_component id="oc-103">
         <name>.debug_line</name>
         <load_address>0xa3f</load_address>
         <run_address>0xa3f</run_address>
         <size>0x92</size>
         <input_file_ref idref="fl-b"/>
      </object_component>
      <object_component id="oc-e5">
         <name>.debug_line</name>
         <load_address>0xad1</load_address>
         <run_address>0xad1</run_address>
         <size>0x99</size>
         <input_file_ref idref="fl-b"/>
      </object_component>
      <object_component id="oc-f1">
         <name>.debug_line</name>
         <load_address>0xb6a</load_address>
         <run_address>0xb6a</run_address>
         <size>0x92</size>
         <input_file_ref idref="fl-b"/>
      </object_component>
      <object_component id="oc-109">
         <name>.debug_line</name>
         <load_address>0xbfc</load_address>
         <run_address>0xbfc</run_address>
         <size>0x92</size>
         <input_file_ref idref="fl-b"/>
      </object_component>
      <object_component id="oc-1a2">
         <name>.debug_line</name>
         <load_address>0xc8e</load_address>
         <run_address>0xc8e</run_address>
         <size>0x7c</size>
         <input_file_ref idref="fl-c"/>
      </object_component>
      <object_component id="oc-1a4">
         <name>.debug_line</name>
         <load_address>0xd0a</load_address>
         <run_address>0xd0a</run_address>
         <size>0x82</size>
         <input_file_ref idref="fl-c"/>
      </object_component>
      <object_component id="oc-1a0">
         <name>.debug_line</name>
         <load_address>0xd8c</load_address>
         <run_address>0xd8c</run_address>
         <size>0x82</size>
         <input_file_ref idref="fl-c"/>
      </object_component>
      <object_component id="oc-13e">
         <name>.debug_line</name>
         <load_address>0xe0e</load_address>
         <run_address>0xe0e</run_address>
         <size>0xaf</size>
         <input_file_ref idref="fl-c"/>
      </object_component>
      <object_component id="oc-143">
         <name>.debug_line</name>
         <load_address>0xebd</load_address>
         <run_address>0xebd</run_address>
         <size>0xc2</size>
         <input_file_ref idref="fl-c"/>
      </object_component>
      <object_component id="oc-17b">
         <name>.debug_line</name>
         <load_address>0xf7f</load_address>
         <run_address>0xf7f</run_address>
         <size>0x13d</size>
         <input_file_ref idref="fl-d"/>
      </object_component>
      <object_component id="oc-cd">
         <name>.debug_line</name>
         <load_address>0x10bc</load_address>
         <run_address>0x10bc</run_address>
         <size>0x94</size>
         <input_file_ref idref="fl-d"/>
      </object_component>
      <object_component id="oc-c8">
         <name>.debug_line</name>
         <load_address>0x1150</load_address>
         <run_address>0x1150</run_address>
         <size>0xee</size>
         <input_file_ref idref="fl-d"/>
      </object_component>
      <object_component id="oc-17f">
         <name>.debug_line</name>
         <load_address>0x123e</load_address>
         <run_address>0x123e</run_address>
         <size>0x7f</size>
         <input_file_ref idref="fl-d"/>
      </object_component>
      <object_component id="oc-26">
         <name>.debug_line</name>
         <load_address>0x12bd</load_address>
         <run_address>0x12bd</run_address>
         <size>0x52</size>
         <input_file_ref idref="fl-130"/>
      </object_component>
      <object_component id="oc-88">
         <name>.debug_line</name>
         <load_address>0x130f</load_address>
         <run_address>0x130f</run_address>
         <size>0x72</size>
         <input_file_ref idref="fl-131"/>
      </object_component>
      <object_component id="oc-16">
         <name>.debug_line</name>
         <load_address>0x1381</load_address>
         <run_address>0x1381</run_address>
         <size>0x55</size>
         <input_file_ref idref="fl-131"/>
      </object_component>
      <object_component id="oc-3c">
         <name>.debug_line</name>
         <load_address>0x13d6</load_address>
         <run_address>0x13d6</run_address>
         <size>0x3a</size>
         <input_file_ref idref="fl-131"/>
      </object_component>
      <object_component id="oc-85">
         <name>.debug_line</name>
         <load_address>0x1410</load_address>
         <run_address>0x1410</run_address>
         <size>0x72</size>
         <input_file_ref idref="fl-131"/>
      </object_component>
      <object_component id="oc-8b">
         <name>.debug_line</name>
         <load_address>0x1482</load_address>
         <run_address>0x1482</run_address>
         <size>0x72</size>
         <input_file_ref idref="fl-132"/>
      </object_component>
      <object_component id="oc-43">
         <name>.debug_line</name>
         <load_address>0x14f4</load_address>
         <run_address>0x14f4</run_address>
         <size>0x98</size>
         <input_file_ref idref="fl-132"/>
      </object_component>
      <object_component id="oc-1c">
         <name>.debug_line</name>
         <load_address>0x158c</load_address>
         <run_address>0x158c</run_address>
         <size>0x4b</size>
         <input_file_ref idref="fl-132"/>
      </object_component>
      <object_component id="oc-4a">
         <name>.debug_line</name>
         <load_address>0x15d7</load_address>
         <run_address>0x15d7</run_address>
         <size>0x39</size>
         <input_file_ref idref="fl-132"/>
      </object_component>
      <object_component id="oc-8f">
         <name>.debug_line</name>
         <load_address>0x1610</load_address>
         <run_address>0x1610</run_address>
         <size>0x72</size>
         <input_file_ref idref="fl-132"/>
      </object_component>
      <object_component id="oc-93">
         <name>.debug_line</name>
         <load_address>0x1682</load_address>
         <run_address>0x1682</run_address>
         <size>0x72</size>
         <input_file_ref idref="fl-133"/>
      </object_component>
      <object_component id="oc-22">
         <name>.debug_line</name>
         <load_address>0x16f4</load_address>
         <run_address>0x16f4</run_address>
         <size>0x4f</size>
         <input_file_ref idref="fl-133"/>
      </object_component>
      <object_component id="oc-55">
         <name>.debug_line</name>
         <load_address>0x1743</load_address>
         <run_address>0x1743</run_address>
         <size>0x34</size>
         <input_file_ref idref="fl-133"/>
      </object_component>
      <object_component id="oc-123">
         <name>.debug_line</name>
         <load_address>0x1777</load_address>
         <run_address>0x1777</run_address>
         <size>0x71</size>
         <input_file_ref idref="fl-134"/>
      </object_component>
      <object_component id="oc-121">
         <name>.debug_line</name>
         <load_address>0x17e8</load_address>
         <run_address>0x17e8</run_address>
         <size>0x2a</size>
         <input_file_ref idref="fl-134"/>
      </object_component>
      <object_component id="oc-6f">
         <name>.debug_line</name>
         <load_address>0x1812</load_address>
         <run_address>0x1812</run_address>
         <size>0x7a</size>
         <input_file_ref idref="fl-134"/>
      </object_component>
      <object_component id="oc-14f">
         <name>.debug_line</name>
         <load_address>0x188c</load_address>
         <run_address>0x188c</run_address>
         <size>0xa8</size>
         <input_file_ref idref="fl-135"/>
      </object_component>
      <object_component id="oc-154">
         <name>.debug_line</name>
         <load_address>0x1934</load_address>
         <run_address>0x1934</run_address>
         <size>0x8e</size>
         <input_file_ref idref="fl-136"/>
      </object_component>
      <object_component id="oc-171">
         <name>.debug_line</name>
         <load_address>0x19c2</load_address>
         <run_address>0x19c2</run_address>
         <size>0x58</size>
         <input_file_ref idref="fl-137"/>
      </object_component>
      <object_component id="oc-159">
         <name>.debug_line</name>
         <load_address>0x1a1a</load_address>
         <run_address>0x1a1a</run_address>
         <size>0x59</size>
         <input_file_ref idref="fl-138"/>
      </object_component>
      <object_component id="oc-15f">
         <name>.debug_line</name>
         <load_address>0x1a73</load_address>
         <run_address>0x1a73</run_address>
         <size>0x56</size>
         <input_file_ref idref="fl-139"/>
      </object_component>
      <object_component id="oc-165">
         <name>.debug_line</name>
         <load_address>0x1ac9</load_address>
         <run_address>0x1ac9</run_address>
         <size>0x50</size>
         <input_file_ref idref="fl-13a"/>
      </object_component>
      <object_component id="oc-37">
         <name>.debug_line</name>
         <load_address>0x1b19</load_address>
         <run_address>0x1b19</run_address>
         <size>0x88</size>
         <input_file_ref idref="fl-13b"/>
      </object_component>
      <object_component id="oc-50">
         <name>.debug_line</name>
         <load_address>0x1ba1</load_address>
         <run_address>0x1ba1</run_address>
         <size>0x79</size>
         <input_file_ref idref="fl-13c"/>
      </object_component>
      <object_component id="oc-5a">
         <name>.debug_line</name>
         <load_address>0x1c1a</load_address>
         <run_address>0x1c1a</run_address>
         <size>0x40</size>
         <input_file_ref idref="fl-13d"/>
      </object_component>
      <object_component id="oc-af">
         <name>.debug_line</name>
         <load_address>0x1c5a</load_address>
         <run_address>0x1c5a</run_address>
         <size>0x33</size>
         <input_file_ref idref="fl-13e"/>
      </object_component>
      <object_component id="oc-169">
         <name>.debug_line</name>
         <load_address>0x1c8d</load_address>
         <run_address>0x1c8d</run_address>
         <size>0x4c</size>
         <input_file_ref idref="fl-13f"/>
      </object_component>
      <object_component id="oc-179">
         <name>.debug_line</name>
         <load_address>0x1cd9</load_address>
         <run_address>0x1cd9</run_address>
         <size>0x20</size>
         <input_file_ref idref="fl-140"/>
      </object_component>
      <object_component id="oc-11d">
         <name>.debug_line</name>
         <load_address>0x1cf9</load_address>
         <run_address>0x1cf9</run_address>
         <size>0x2b</size>
         <input_file_ref idref="fl-140"/>
      </object_component>
      <object_component id="oc-11a">
         <name>.debug_line</name>
         <load_address>0x1d24</load_address>
         <run_address>0x1d24</run_address>
         <size>0x68</size>
         <input_file_ref idref="fl-140"/>
      </object_component>
      <object_component id="oc-110">
         <name>.debug_line</name>
         <load_address>0x1d8c</load_address>
         <run_address>0x1d8c</run_address>
         <size>0x2b</size>
         <input_file_ref idref="fl-141"/>
      </object_component>
      <object_component id="oc-68">
         <name>.debug_line</name>
         <load_address>0x1db7</load_address>
         <run_address>0x1db7</run_address>
         <size>0x50</size>
         <input_file_ref idref="fl-141"/>
      </object_component>
      <object_component id="oc-114">
         <name>.debug_line</name>
         <load_address>0x1e07</load_address>
         <run_address>0x1e07</run_address>
         <size>0x2b</size>
         <input_file_ref idref="fl-141"/>
      </object_component>
      <object_component id="oc-b8">
         <name>.debug_line</name>
         <load_address>0x1e32</load_address>
         <run_address>0x1e32</run_address>
         <size>0x81</size>
         <input_file_ref idref="fl-142"/>
      </object_component>
      <object_component id="oc-63">
         <name>.debug_line</name>
         <load_address>0x1eb3</load_address>
         <run_address>0x1eb3</run_address>
         <size>0x79</size>
         <input_file_ref idref="fl-142"/>
      </object_component>
      <object_component id="oc-bc">
         <name>.debug_line</name>
         <load_address>0x1f2c</load_address>
         <run_address>0x1f2c</run_address>
         <size>0x2e</size>
         <input_file_ref idref="fl-142"/>
      </object_component>
      <object_component id="oc-c1">
         <name>.debug_line</name>
         <load_address>0x1f5a</load_address>
         <run_address>0x1f5a</run_address>
         <size>0x73</size>
         <input_file_ref idref="fl-142"/>
      </object_component>
      <object_component id="oc-125">
         <name>.debug_line</name>
         <load_address>0x1fcd</load_address>
         <run_address>0x1fcd</run_address>
         <size>0x80</size>
         <input_file_ref idref="fl-143"/>
      </object_component>
      <object_component id="oc-99">
         <name>.debug_line</name>
         <load_address>0x204d</load_address>
         <run_address>0x204d</run_address>
         <size>0x68</size>
         <input_file_ref idref="fl-143"/>
      </object_component>
      <object_component id="oc-129">
         <name>.debug_line</name>
         <load_address>0x20b5</load_address>
         <run_address>0x20b5</run_address>
         <size>0x2e</size>
         <input_file_ref idref="fl-143"/>
      </object_component>
      <object_component id="oc-a2">
         <name>.debug_frame</name>
         <load_address>0x0</load_address>
         <run_address>0x0</run_address>
         <size>0x9f</size>
         <input_file_ref idref="fl-2"/>
      </object_component>
      <object_component id="oc-f8">
         <name>.debug_frame</name>
         <load_address>0x9f</load_address>
         <run_address>0x9f</run_address>
         <size>0xf6</size>
         <input_file_ref idref="fl-3"/>
      </object_component>
      <object_component id="oc-fb">
         <name>.debug_frame</name>
         <load_address>0x195</load_address>
         <run_address>0x195</run_address>
         <size>0xde</size>
         <input_file_ref idref="fl-4"/>
      </object_component>
      <object_component id="oc-2b">
         <name>.debug_frame</name>
         <load_address>0x273</load_address>
         <run_address>0x273</run_address>
         <size>0xb2</size>
         <input_file_ref idref="fl-5"/>
      </object_component>
      <object_component id="oc-14d">
         <name>.debug_frame</name>
         <load_address>0x325</load_address>
         <run_address>0x325</run_address>
         <size>0x7f</size>
         <input_file_ref idref="fl-b"/>
      </object_component>
      <object_component id="oc-da">
         <name>.debug_frame</name>
         <load_address>0x3a4</load_address>
         <run_address>0x3a4</run_address>
         <size>0x7f</size>
         <input_file_ref idref="fl-b"/>
      </object_component>
      <object_component id="oc-e0">
         <name>.debug_frame</name>
         <load_address>0x423</load_address>
         <run_address>0x423</run_address>
         <size>0x8f</size>
         <input_file_ref idref="fl-b"/>
      </object_component>
      <object_component id="oc-d4">
         <name>.debug_frame</name>
         <load_address>0x4b2</load_address>
         <run_address>0x4b2</run_address>
         <size>0x8a</size>
         <input_file_ref idref="fl-b"/>
      </object_component>
      <object_component id="oc-138">
         <name>.debug_frame</name>
         <load_address>0x53c</load_address>
         <run_address>0x53c</run_address>
         <size>0x7f</size>
         <input_file_ref idref="fl-b"/>
      </object_component>
      <object_component id="oc-ec">
         <name>.debug_frame</name>
         <load_address>0x5bb</load_address>
         <run_address>0x5bb</run_address>
         <size>0x7f</size>
         <input_file_ref idref="fl-b"/>
      </object_component>
      <object_component id="oc-104">
         <name>.debug_frame</name>
         <load_address>0x63a</load_address>
         <run_address>0x63a</run_address>
         <size>0x7f</size>
         <input_file_ref idref="fl-b"/>
      </object_component>
      <object_component id="oc-e6">
         <name>.debug_frame</name>
         <load_address>0x6b9</load_address>
         <run_address>0x6b9</run_address>
         <size>0x8a</size>
         <input_file_ref idref="fl-b"/>
      </object_component>
      <object_component id="oc-f2">
         <name>.debug_frame</name>
         <load_address>0x743</load_address>
         <run_address>0x743</run_address>
         <size>0x7f</size>
         <input_file_ref idref="fl-b"/>
      </object_component>
      <object_component id="oc-10a">
         <name>.debug_frame</name>
         <load_address>0x7c2</load_address>
         <run_address>0x7c2</run_address>
         <size>0x7f</size>
         <input_file_ref idref="fl-b"/>
      </object_component>
      <object_component id="oc-13d">
         <name>.debug_frame</name>
         <load_address>0x841</load_address>
         <run_address>0x841</run_address>
         <size>0x8e</size>
         <input_file_ref idref="fl-c"/>
      </object_component>
      <object_component id="oc-144">
         <name>.debug_frame</name>
         <load_address>0x8cf</load_address>
         <run_address>0x8cf</run_address>
         <size>0x7f</size>
         <input_file_ref idref="fl-c"/>
      </object_component>
      <object_component id="oc-ce">
         <name>.debug_frame</name>
         <load_address>0x94e</load_address>
         <run_address>0x94e</run_address>
         <size>0x7f</size>
         <input_file_ref idref="fl-d"/>
      </object_component>
      <object_component id="oc-c4">
         <name>.debug_frame</name>
         <load_address>0x9cd</load_address>
         <run_address>0x9cd</run_address>
         <size>0x93</size>
         <input_file_ref idref="fl-d"/>
      </object_component>
      <object_component id="oc-17">
         <name>.debug_frame</name>
         <load_address>0xa60</load_address>
         <run_address>0xa60</run_address>
         <size>0x7f</size>
         <input_file_ref idref="fl-131"/>
      </object_component>
      <object_component id="oc-44">
         <name>.debug_frame</name>
         <load_address>0xadf</load_address>
         <run_address>0xadf</run_address>
         <size>0x8e</size>
         <input_file_ref idref="fl-132"/>
      </object_component>
      <object_component id="oc-1d">
         <name>.debug_frame</name>
         <load_address>0xb6d</load_address>
         <run_address>0xb6d</run_address>
         <size>0x7f</size>
         <input_file_ref idref="fl-132"/>
      </object_component>
      <object_component id="oc-23">
         <name>.debug_frame</name>
         <load_address>0xbec</load_address>
         <run_address>0xbec</run_address>
         <size>0x7f</size>
         <input_file_ref idref="fl-133"/>
      </object_component>
      <object_component id="oc-6b">
         <name>.debug_frame</name>
         <load_address>0xc6b</load_address>
         <run_address>0xc6b</run_address>
         <size>0xb3</size>
         <input_file_ref idref="fl-134"/>
      </object_component>
      <object_component id="oc-5b">
         <name>.debug_frame</name>
         <load_address>0xd1e</load_address>
         <run_address>0xd1e</run_address>
         <size>0x7f</size>
         <input_file_ref idref="fl-13d"/>
      </object_component>
      <object_component id="oc-11b">
         <name>.debug_frame</name>
         <load_address>0xd9d</load_address>
         <run_address>0xd9d</run_address>
         <size>0xa1</size>
         <input_file_ref idref="fl-140"/>
      </object_component>
      <object_component id="oc-69">
         <name>.debug_frame</name>
         <load_address>0xe3e</load_address>
         <run_address>0xe3e</run_address>
         <size>0x7f</size>
         <input_file_ref idref="fl-141"/>
      </object_component>
      <object_component id="oc-62">
         <name>.debug_frame</name>
         <load_address>0xebd</load_address>
         <run_address>0xebd</run_address>
         <size>0x8a</size>
         <input_file_ref idref="fl-142"/>
      </object_component>
      <object_component id="oc-9a">
         <name>.debug_frame</name>
         <load_address>0xf47</load_address>
         <run_address>0xf47</run_address>
         <size>0x8e</size>
         <input_file_ref idref="fl-143"/>
      </object_component>
      <object_component id="oc-175">
         <name>.debug_abbrev</name>
         <load_address>0x0</load_address>
         <run_address>0x0</run_address>
         <size>0x29</size>
         <input_file_ref idref="fl-2"/>
      </object_component>
      <object_component id="oc-10e">
         <name>.debug_abbrev</name>
         <load_address>0x29</load_address>
         <run_address>0x29</run_address>
         <size>0xa6</size>
         <input_file_ref idref="fl-2"/>
      </object_component>
      <object_component id="oc-b2">
         <name>.debug_abbrev</name>
         <load_address>0xcf</load_address>
         <run_address>0xcf</run_address>
         <size>0x1f</size>
         <input_file_ref idref="fl-2"/>
      </object_component>
      <object_component id="oc-7e">
         <name>.debug_abbrev</name>
         <load_address>0xee</load_address>
         <run_address>0xee</run_address>
         <size>0x35</size>
         <input_file_ref idref="fl-2"/>
      </object_component>
      <object_component id="oc-162">
         <name>.debug_abbrev</name>
         <load_address>0x123</load_address>
         <run_address>0x123</run_address>
         <size>0x7a</size>
         <input_file_ref idref="fl-3"/>
      </object_component>
      <object_component id="oc-172">
         <name>.debug_abbrev</name>
         <load_address>0x19d</load_address>
         <run_address>0x19d</run_address>
         <size>0xa9</size>
         <input_file_ref idref="fl-4"/>
      </object_component>
      <object_component id="oc-79">
         <name>.debug_abbrev</name>
         <load_address>0x246</load_address>
         <run_address>0x246</run_address>
         <size>0x1f</size>
         <input_file_ref idref="fl-4"/>
      </object_component>
      <object_component id="oc-75">
         <name>.debug_abbrev</name>
         <load_address>0x265</load_address>
         <run_address>0x265</run_address>
         <size>0x5d</size>
         <input_file_ref idref="fl-5"/>
      </object_component>
      <object_component id="oc-30">
         <name>.debug_abbrev</name>
         <load_address>0x2c2</load_address>
         <run_address>0x2c2</run_address>
         <size>0x29</size>
         <input_file_ref idref="fl-5"/>
      </object_component>
      <object_component id="oc-74">
         <name>.debug_abbrev</name>
         <load_address>0x2eb</load_address>
         <run_address>0x2eb</run_address>
         <size>0x79</size>
         <input_file_ref idref="fl-5"/>
      </object_component>
      <object_component id="oc-181">
         <name>.debug_abbrev</name>
         <load_address>0x364</load_address>
         <run_address>0x364</run_address>
         <size>0x72</size>
         <input_file_ref idref="fl-b"/>
      </object_component>
      <object_component id="oc-19b">
         <name>.debug_abbrev</name>
         <load_address>0x3d6</load_address>
         <run_address>0x3d6</run_address>
         <size>0x27</size>
         <input_file_ref idref="fl-b"/>
      </object_component>
      <object_component id="oc-19d">
         <name>.debug_abbrev</name>
         <load_address>0x3fd</load_address>
         <run_address>0x3fd</run_address>
         <size>0x27</size>
         <input_file_ref idref="fl-b"/>
      </object_component>
      <object_component id="oc-193">
         <name>.debug_abbrev</name>
         <load_address>0x424</load_address>
         <run_address>0x424</run_address>
         <size>0x6c</size>
         <input_file_ref idref="fl-b"/>
      </object_component>
      <object_component id="oc-131">
         <name>.debug_abbrev</name>
         <load_address>0x490</load_address>
         <run_address>0x490</run_address>
         <size>0x6c</size>
         <input_file_ref idref="fl-b"/>
      </object_component>
      <object_component id="oc-132">
         <name>.debug_abbrev</name>
         <load_address>0x4fc</load_address>
         <run_address>0x4fc</run_address>
         <size>0x6c</size>
         <input_file_ref idref="fl-b"/>
      </object_component>
      <object_component id="oc-12f">
         <name>.debug_abbrev</name>
         <load_address>0x568</load_address>
         <run_address>0x568</run_address>
         <size>0x7a</size>
         <input_file_ref idref="fl-b"/>
      </object_component>
      <object_component id="oc-189">
         <name>.debug_abbrev</name>
         <load_address>0x5e2</load_address>
         <run_address>0x5e2</run_address>
         <size>0x6c</size>
         <input_file_ref idref="fl-b"/>
      </object_component>
      <object_component id="oc-146">
         <name>.debug_abbrev</name>
         <load_address>0x64e</load_address>
         <run_address>0x64e</run_address>
         <size>0x6c</size>
         <input_file_ref idref="fl-b"/>
      </object_component>
      <object_component id="oc-173">
         <name>.debug_abbrev</name>
         <load_address>0x6ba</load_address>
         <run_address>0x6ba</run_address>
         <size>0x6e</size>
         <input_file_ref idref="fl-b"/>
      </object_component>
      <object_component id="oc-145">
         <name>.debug_abbrev</name>
         <load_address>0x728</load_address>
         <run_address>0x728</run_address>
         <size>0x7a</size>
         <input_file_ref idref="fl-b"/>
      </object_component>
      <object_component id="oc-147">
         <name>.debug_abbrev</name>
         <load_address>0x7a2</load_address>
         <run_address>0x7a2</run_address>
         <size>0x6c</size>
         <input_file_ref idref="fl-b"/>
      </object_component>
      <object_component id="oc-174">
         <name>.debug_abbrev</name>
         <load_address>0x80e</load_address>
         <run_address>0x80e</run_address>
         <size>0x6c</size>
         <input_file_ref idref="fl-b"/>
      </object_component>
      <object_component id="oc-1a1">
         <name>.debug_abbrev</name>
         <load_address>0x87a</load_address>
         <run_address>0x87a</run_address>
         <size>0x8e</size>
         <input_file_ref idref="fl-c"/>
      </object_component>
      <object_component id="oc-1a3">
         <name>.debug_abbrev</name>
         <load_address>0x908</load_address>
         <run_address>0x908</run_address>
         <size>0x27</size>
         <input_file_ref idref="fl-c"/>
      </object_component>
      <object_component id="oc-19f">
         <name>.debug_abbrev</name>
         <load_address>0x92f</load_address>
         <run_address>0x92f</run_address>
         <size>0x29</size>
         <input_file_ref idref="fl-c"/>
      </object_component>
      <object_component id="oc-18d">
         <name>.debug_abbrev</name>
         <load_address>0x958</load_address>
         <run_address>0x958</run_address>
         <size>0x6c</size>
         <input_file_ref idref="fl-c"/>
      </object_component>
      <object_component id="oc-192">
         <name>.debug_abbrev</name>
         <load_address>0x9c4</load_address>
         <run_address>0x9c4</run_address>
         <size>0x6c</size>
         <input_file_ref idref="fl-c"/>
      </object_component>
      <object_component id="oc-17a">
         <name>.debug_abbrev</name>
         <load_address>0xa30</load_address>
         <run_address>0xa30</run_address>
         <size>0xb0</size>
         <input_file_ref idref="fl-d"/>
      </object_component>
      <object_component id="oc-12e">
         <name>.debug_abbrev</name>
         <load_address>0xae0</load_address>
         <run_address>0xae0</run_address>
         <size>0x6c</size>
         <input_file_ref idref="fl-d"/>
      </object_component>
      <object_component id="oc-12c">
         <name>.debug_abbrev</name>
         <load_address>0xb4c</load_address>
         <run_address>0xb4c</run_address>
         <size>0x7a</size>
         <input_file_ref idref="fl-d"/>
      </object_component>
      <object_component id="oc-17e">
         <name>.debug_abbrev</name>
         <load_address>0xbc6</load_address>
         <run_address>0xbc6</run_address>
         <size>0x49</size>
         <input_file_ref idref="fl-d"/>
      </object_component>
      <object_component id="oc-73">
         <name>.debug_abbrev</name>
         <load_address>0xc0f</load_address>
         <run_address>0xc0f</run_address>
         <size>0x3d</size>
         <input_file_ref idref="fl-130"/>
      </object_component>
      <object_component id="oc-87">
         <name>.debug_abbrev</name>
         <load_address>0xc4c</load_address>
         <run_address>0xc4c</run_address>
         <size>0x52</size>
         <input_file_ref idref="fl-131"/>
      </object_component>
      <object_component id="oc-38">
         <name>.debug_abbrev</name>
         <load_address>0xc9e</load_address>
         <run_address>0xc9e</run_address>
         <size>0x74</size>
         <input_file_ref idref="fl-131"/>
      </object_component>
      <object_component id="oc-3b">
         <name>.debug_abbrev</name>
         <load_address>0xd12</load_address>
         <run_address>0xd12</run_address>
         <size>0x24</size>
         <input_file_ref idref="fl-131"/>
      </object_component>
      <object_component id="oc-84">
         <name>.debug_abbrev</name>
         <load_address>0xd36</load_address>
         <run_address>0xd36</run_address>
         <size>0x24</size>
         <input_file_ref idref="fl-131"/>
      </object_component>
      <object_component id="oc-8a">
         <name>.debug_abbrev</name>
         <load_address>0xd5a</load_address>
         <run_address>0xd5a</run_address>
         <size>0x52</size>
         <input_file_ref idref="fl-132"/>
      </object_component>
      <object_component id="oc-89">
         <name>.debug_abbrev</name>
         <load_address>0xdac</load_address>
         <run_address>0xdac</run_address>
         <size>0x7b</size>
         <input_file_ref idref="fl-132"/>
      </object_component>
      <object_component id="oc-45">
         <name>.debug_abbrev</name>
         <load_address>0xe27</load_address>
         <run_address>0xe27</run_address>
         <size>0x74</size>
         <input_file_ref idref="fl-132"/>
      </object_component>
      <object_component id="oc-49">
         <name>.debug_abbrev</name>
         <load_address>0xe9b</load_address>
         <run_address>0xe9b</run_address>
         <size>0x24</size>
         <input_file_ref idref="fl-132"/>
      </object_component>
      <object_component id="oc-8e">
         <name>.debug_abbrev</name>
         <load_address>0xebf</load_address>
         <run_address>0xebf</run_address>
         <size>0x24</size>
         <input_file_ref idref="fl-132"/>
      </object_component>
      <object_component id="oc-92">
         <name>.debug_abbrev</name>
         <load_address>0xee3</load_address>
         <run_address>0xee3</run_address>
         <size>0x52</size>
         <input_file_ref idref="fl-133"/>
      </object_component>
      <object_component id="oc-51">
         <name>.debug_abbrev</name>
         <load_address>0xf35</load_address>
         <run_address>0xf35</run_address>
         <size>0x74</size>
         <input_file_ref idref="fl-133"/>
      </object_component>
      <object_component id="oc-54">
         <name>.debug_abbrev</name>
         <load_address>0xfa9</load_address>
         <run_address>0xfa9</run_address>
         <size>0x24</size>
         <input_file_ref idref="fl-133"/>
      </object_component>
      <object_component id="oc-122">
         <name>.debug_abbrev</name>
         <load_address>0xfcd</load_address>
         <run_address>0xfcd</run_address>
         <size>0x6b</size>
         <input_file_ref idref="fl-134"/>
      </object_component>
      <object_component id="oc-120">
         <name>.debug_abbrev</name>
         <load_address>0x1038</load_address>
         <run_address>0x1038</run_address>
         <size>0x29</size>
         <input_file_ref idref="fl-134"/>
      </object_component>
      <object_component id="oc-ab">
         <name>.debug_abbrev</name>
         <load_address>0x1061</load_address>
         <run_address>0x1061</run_address>
         <size>0xba</size>
         <input_file_ref idref="fl-134"/>
      </object_component>
      <object_component id="oc-194">
         <name>.debug_abbrev</name>
         <load_address>0x111b</load_address>
         <run_address>0x111b</run_address>
         <size>0x3b</size>
         <input_file_ref idref="fl-135"/>
      </object_component>
      <object_component id="oc-195">
         <name>.debug_abbrev</name>
         <load_address>0x1156</load_address>
         <run_address>0x1156</run_address>
         <size>0x3b</size>
         <input_file_ref idref="fl-136"/>
      </object_component>
      <object_component id="oc-19a">
         <name>.debug_abbrev</name>
         <load_address>0x1191</load_address>
         <run_address>0x1191</run_address>
         <size>0x3d</size>
         <input_file_ref idref="fl-137"/>
      </object_component>
      <object_component id="oc-196">
         <name>.debug_abbrev</name>
         <load_address>0x11ce</load_address>
         <run_address>0x11ce</run_address>
         <size>0x49</size>
         <input_file_ref idref="fl-138"/>
      </object_component>
      <object_component id="oc-197">
         <name>.debug_abbrev</name>
         <load_address>0x1217</load_address>
         <run_address>0x1217</run_address>
         <size>0x3b</size>
         <input_file_ref idref="fl-139"/>
      </object_component>
      <object_component id="oc-198">
         <name>.debug_abbrev</name>
         <load_address>0x1252</load_address>
         <run_address>0x1252</run_address>
         <size>0x3d</size>
         <input_file_ref idref="fl-13a"/>
      </object_component>
      <object_component id="oc-81">
         <name>.debug_abbrev</name>
         <load_address>0x128f</load_address>
         <run_address>0x128f</run_address>
         <size>0x3d</size>
         <input_file_ref idref="fl-13b"/>
      </object_component>
      <object_component id="oc-91">
         <name>.debug_abbrev</name>
         <load_address>0x12cc</load_address>
         <run_address>0x12cc</run_address>
         <size>0x4d</size>
         <input_file_ref idref="fl-13c"/>
      </object_component>
      <object_component id="oc-94">
         <name>.debug_abbrev</name>
         <load_address>0x1319</load_address>
         <run_address>0x1319</run_address>
         <size>0x55</size>
         <input_file_ref idref="fl-13d"/>
      </object_component>
      <object_component id="oc-ae">
         <name>.debug_abbrev</name>
         <load_address>0x136e</load_address>
         <run_address>0x136e</run_address>
         <size>0x27</size>
         <input_file_ref idref="fl-13e"/>
      </object_component>
      <object_component id="oc-199">
         <name>.debug_abbrev</name>
         <load_address>0x1395</load_address>
         <run_address>0x1395</run_address>
         <size>0x3d</size>
         <input_file_ref idref="fl-13f"/>
      </object_component>
      <object_component id="oc-178">
         <name>.debug_abbrev</name>
         <load_address>0x13d2</load_address>
         <run_address>0x13d2</run_address>
         <size>0x45</size>
         <input_file_ref idref="fl-140"/>
      </object_component>
      <object_component id="oc-11c">
         <name>.debug_abbrev</name>
         <load_address>0x1417</load_address>
         <run_address>0x1417</run_address>
         <size>0x29</size>
         <input_file_ref idref="fl-140"/>
      </object_component>
      <object_component id="oc-177">
         <name>.debug_abbrev</name>
         <load_address>0x1440</load_address>
         <run_address>0x1440</run_address>
         <size>0x6f</size>
         <input_file_ref idref="fl-140"/>
      </object_component>
      <object_component id="oc-10f">
         <name>.debug_abbrev</name>
         <load_address>0x14af</load_address>
         <run_address>0x14af</run_address>
         <size>0x8e</size>
         <input_file_ref idref="fl-141"/>
      </object_component>
      <object_component id="oc-a3">
         <name>.debug_abbrev</name>
         <load_address>0x153d</load_address>
[...]
            <object_component_ref idref="oc-2e"/>
            <object_component_ref idref="oc-185"/>
            <object_component_ref idref="oc-188"/>
            <object_component_ref idref="oc-14b"/>
            <object_component_ref idref="oc-d8"/>
            <object_component_ref idref="oc-de"/>
            <object_component_ref idref="oc-d2"/>
            <object_component_ref idref="oc-136"/>
            <object_component_ref idref="oc-ea"/>
            <object_component_ref idref="oc-102"/>
            <object_component_ref idref="oc-e4"/>
            <object_component_ref idref="oc-f0"/>
            <object_component_ref idref="oc-108"/>
            <object_component_ref idref="oc-191"/>
            <object_component_ref idref="oc-18c"/>
            <object_component_ref idref="oc-13c"/>
            <object_component_ref idref="oc-142"/>
            <object_component_ref idref="oc-cb"/>
            <object_component_ref idref="oc-c6"/>
            <object_component_ref idref="oc-28"/>
            <object_component_ref idref="oc-14"/>
            <object_component_ref idref="oc-42"/>
            <object_component_ref idref="oc-1a"/>
            <object_component_ref idref="oc-21"/>
            <object_component_ref idref="oc-aa"/>
            <object_component_ref idref="oc-6e"/>
            <object_component_ref idref="oc-151"/>
            <object_component_ref idref="oc-157"/>
            <object_component_ref idref="oc-16f"/>
            <object_component_ref idref="oc-15b"/>
            <object_component_ref idref="oc-161"/>
            <object_component_ref idref="oc-167"/>
            <object_component_ref idref="oc-36"/>
            <object_component_ref idref="oc-4e"/>
            <object_component_ref idref="oc-5d"/>
            <object_component_ref idref="oc-72"/>
            <object_component_ref idref="oc-16c"/>
            <object_component_ref idref="oc-a7"/>
            <object_component_ref idref="oc-118"/>
            <object_component_ref idref="oc-66"/>
            <object_component_ref idref="oc-60"/>
            <object_component_ref idref="oc-98"/>
         </contents>
      </logical_group>
      <logical_group id="lg-1c4" display="never" color="cyan">
         <name>.debug_pubtypes</name>
         <load_address>0x0</load_address>
         <run_address>0x0</run_address>
         <size>0x5d9</size>
         <contents>
            <object_component_ref idref="oc-b1"/>
            <object_component_ref idref="oc-7d"/>
            <object_component_ref idref="oc-78"/>
            <object_component_ref idref="oc-17d"/>
            <object_component_ref idref="oc-3a"/>
            <object_component_ref idref="oc-83"/>
            <object_component_ref idref="oc-48"/>
            <object_component_ref idref="oc-8d"/>
            <object_component_ref idref="oc-53"/>
            <object_component_ref idref="oc-ad"/>
            <object_component_ref idref="oc-11f"/>
            <object_component_ref idref="oc-112"/>
            <object_component_ref idref="oc-ba"/>
            <object_component_ref idref="oc-bf"/>
            <object_component_ref idref="oc-127"/>
         </contents>
      </logical_group>
      <load_segment id="lg-1d3" display="no" color="cyan">
         <name>SEGMENT_0</name>
         <load_address>0x0</load_address>
         <run_address>0x0</run_address>
         <size>0x12d0</size>
         <flags>0x5</flags>
         <contents>
            <logical_group_ref idref="lg-3"/>
            <logical_group_ref idref="lg-4"/>
            <logical_group_ref idref="lg-5"/>
            <logical_group_ref idref="lg-6"/>
         </contents>
      </load_segment>
      <load_segment id="lg-1d4" display="no" color="cyan">
         <name>SEGMENT_1</name>
         <run_address>0x20000000</run_address>
         <size>0x5a3</size>
         <flags>0x6</flags>
         <contents>
            <logical_group_ref idref="lg-9"/>
            <logical_group_ref idref="lg-d"/>
            <logical_group_ref idref="lg-a"/>
         </contents>
      </load_segment>
   </logical_group_list>
   <placement_map>
      <memory_area display="yes" color="green">
         <name>FLASH</name>
         <page_id>0x0</page_id>
         <origin>0x0</origin>
         <length>0x40000</length>
         <used_space>0x12d0</used_space>
         <unused_space>0x3ed30</unused_space>
         <attributes>RX</attributes>
         <usage_details>
            <allocated_space>
               <start_address>0x0</start_address>
               <size>0x26c</size>
               <logical_group_ref idref="lg-3"/>
            </allocated_space>
            <allocated_space>
               <start_address>0x26c</start_address>
               <size>0xe24</size>
               <logical_group_ref idref="lg-4"/>
            </allocated_space>
            <allocated_space>
               <start_address>0x1090</start_address>
               <size>0x208</size>
               <logical_group_ref idref="lg-5"/>
            </allocated_space>
            <allocated_space>
               <start_address>0x1298</start_address>
               <size>0x38</size>
               <logical_group_ref idref="lg-6"/>
            </allocated_space>
            <available_space>
               <start_address>0x12d0</start_address>
               <size>0x3ed30</size>
            </available_space>
         </usage_details>
      </memory_area>
      <memory_area display="yes" color="green">
         <name>SRAM</name>
         <page_id>0x0</page_id>
         <origin>0x20000000</origin>
         <length>0x8000</length>
         <used_space>0x5a3</used_space>
         <unused_space>0x7a5d</unused_space>
         <attributes>RWX</attributes>
         <usage_details>
            <allocated_space>
               <start_address>0x20000000</start_address>
               <size>0x26c</size>
               <logical_group_ref idref="lg-9"/>
            </allocated_space>
            <allocated_space>
               <start_address>0x2000026c</start_address>
               <size>0x320</size>
               <logical_group_ref idref="lg-d"/>
            </allocated_space>
            <allocated_space>
               <start_address>0x2000058c</start_address>
               <size>0x17</size>
               <logical_group_ref idref="lg-1a7"/>
            </allocated_space>
            <available_space>
               <start_address>0x200005a3</start_address>
               <size>0x7a5d</size>
            </available_space>
         </usage_details>
      </memory_area>
   </placement_map>
   <cptbl_list>
      <cptbl>
         <name>__TI_cinit_table</name>
         <cprec>
            <name>.data</name>
            <load_address>0x1298</load_address>
            <load_size>0xf</load_size>
            <run_address>0x2000058c</run_address>
            <run_size>0x17</run_size>
            <compression>rle</compression>
         </cprec>
         <cprec>
            <name>.vtable</name>
            <load_address>0x12b8</load_address>
            <load_size>0x8</load_size>
            <run_address>0x20000000</run_address>
            <run_size>0x26c</run_size>
            <compression>zero_init</compression>
         </cprec>
      </cptbl>
   </cptbl_list>
   <handler_table>
      <handler_table_name>__TI_handler_table</handler_table_name>
      <handler>
         <index>0x0</index>
         <name>__TI_zero_init</name>
      </handler>
      <handler>
         <index>0x1</index>
         <name>__TI_decompress_rle24</name>
      </handler>
      <handler>
         <index>0x2</index>
         <name>__TI_decompress_none</name>
      </handler>
   </handler_table>
   <symbol_table>
      <symbol id="sm-1">
         <name>__STACK_TOP</name>
         <value>0x2000046c</value>
      </symbol>
      <symbol id="sm-2">
         <name>__TI_CINIT_Base</name>
         <value>0x12c0</value>
      </symbol>
      <symbol id="sm-3">
         <name>__TI_CINIT_Limit</name>
         <value>0x12d0</value>
      </symbol>
      <symbol id="sm-4">
         <name>__TI_Handler_Table_Base</name>
         <value>0x12a8</value>
      </symbol>
      <symbol id="sm-5">
         <name>__TI_Handler_Table_Limit</name>
         <value>0x12b4</value>
      </symbol>
      <symbol id="sm-6">
         <name>binit</name>
         <value>0xffffffff</value>
      </symbol>
      <symbol id="sm-7">
         <name>__binit__</name>
         <value>0xffffffff</value>
      </symbol>
      <symbol id="sm-8">
         <name>__STACK_SIZE</name>
         <value>0x320</value>
      </symbol>
      <symbol id="sm-9">
         <name>__STACK_END</name>
         <value>0x2000058c</value>
      </symbol>
      <symbol id="sm-a">
         <name>__c_args__</name>
         <value>0xffffffff</value>
      </symbol>
      <symbol id="sm-4c">
         <name>pushButton</name>
         <value>0x200005a0</value>
         <object_component_ref idref="oc-10b"/>
      </symbol>
      <symbol id="sm-4d">
         <name>pushFlag</name>
         <value>0x200005a1</value>
         <object_component_ref idref="oc-10b"/>
      </symbol>
      <symbol id="sm-4e">
         <name>stopFlag</name>
         <value>0x200005a2</value>
         <object_component_ref idref="oc-10b"/>
      </symbol>
      <symbol id="sm-4f">
         <name>main</name>
         <value>0x685</value>
         <object_component_ref idref="oc-9d"/>
      </symbol>
      <symbol id="sm-50">
         <name>PUSH_ISR</name>
         <value>0x745</value>
         <object_component_ref idref="oc-9d"/>
      </symbol>
      <symbol id="sm-70">
         <name>performStep</name>
         <value>0x26d</value>
         <object_component_ref idref="oc-f3"/>
      </symbol>
      <symbol id="sm-71">
         <name>performAmountSteps</name>
         <value>0x2cf</value>
         <object_component_ref idref="oc-f3"/>
      </symbol>
      <symbol id="sm-72">
         <name>spinStepperInches</name>
         <value>0x351</value>
         <object_component_ref idref="oc-f3"/>
      </symbol>
      <symbol id="sm-73">
         <name>spinStepperAngle</name>
         <value>0x3a7</value>
         <object_component_ref idref="oc-f3"/>
      </symbol>
      <symbol id="sm-74">
         <name>spinStepperMeters</name>
         <value>0x2fb</value>
         <object_component_ref idref="oc-f3"/>
      </symbol>
      <symbol id="sm-8b">
         <name>setDelayMicro</name>
         <value>0xa21</value>
         <object_component_ref idref="oc-f9"/>
      </symbol>
      <symbol id="sm-8c">
         <name>computeDelayCount</name>
         <value>0x985</value>
         <object_component_ref idref="oc-f9"/>
      </symbol>
      <symbol id="sm-8d">
         <name>computeDelayCountMicrosec</name>
         <value>0x9c9</value>
         <object_component_ref idref="oc-f9"/>
      </symbol>
      <symbol id="sm-8e">
         <name>setDelay</name>
         <value>0xa0f</value>
         <object_component_ref idref="oc-f9"/>
      </symbol>
      <symbol id="sm-aa">
         <name>ResetISR</name>
         <value>0x1069</value>
         <object_component_ref idref="oc-2a"/>
      </symbol>
      <symbol id="sm-ab">
         <name>g_pfnVectors</name>
         <value>0x0</value>
         <object_component_ref idref="oc-f"/>
      </symbol>
      <symbol id="sm-119">
         <name>GPIOIntRegister</name>
         <value>0xfd9</value>
         <object_component_ref idref="oc-e1"/>
      </symbol>
      <symbol id="sm-11a">
         <name>GPIOIntEnable</name>
         <value>0x1051</value>
         <object_component_ref idref="oc-ed"/>
      </symbol>
      <symbol id="sm-11b">
         <name>GPIOIntTypeSet</name>
         <value>0xcb5</value>
         <object_component_ref idref="oc-e7"/>
      </symbol>
      <symbol id="sm-11c">
         <name>GPIOIntClear</name>
         <value>0x1075</value>
         <object_component_ref idref="oc-105"/>
      </symbol>
      <symbol id="sm-11d">
         <name>GPIOIntStatus</name>
         <value>0x1035</value>
         <object_component_ref idref="oc-ff"/>
      </symbol>
      <symbol id="sm-11e">
         <name>GPIOPinTypeGPIOOutput</name>
         <value>0xff1</value>
         <object_component_ref idref="oc-cf"/>
      </symbol>
      <symbol id="sm-11f">
         <name>GPIODirModeSet</name>
         <value>0xf8f</value>
         <object_component_ref idref="oc-d5"/>
      </symbol>
      <symbol id="sm-120">
         <name>GPIOPinWrite</name>
         <value>0x107b</value>
         <object_component_ref idref="oc-148"/>
      </symbol>
      <symbol id="sm-121">
         <name>GPIOPadConfigSet</name>
         <value>0x553</value>
         <object_component_ref idref="oc-db"/>
      </symbol>
      <symbol id="sm-15a">
         <name>IntEnable</name>
         <value>0xc4d</value>
         <object_component_ref idref="oc-13f"/>
      </symbol>
      <symbol id="sm-15b">
         <name>IntRegister</name>
         <value>0xef9</value>
         <object_component_ref idref="oc-139"/>
      </symbol>
      <symbol id="sm-15c">
         <name>g_pfnRAMVectors</name>
         <value>0x20000000</value>
         <object_component_ref idref="oc-18a"/>
      </symbol>
      <symbol id="sm-188">
         <name>SysCtlClockSet</name>
         <value>0x891</value>
         <object_component_ref idref="oc-c3"/>
      </symbol>
      <symbol id="sm-189">
         <name>SysCtlDelay</name>
         <value>0x1081</value>
         <object_component_ref idref="oc-12b"/>
      </symbol>
      <symbol id="sm-18a">
         <name>SysCtlPeripheralEnable</name>
         <value>0xf2d</value>
         <object_component_ref idref="oc-c9"/>
      </symbol>
      <symbol id="sm-19d">
         <name>_c_int00</name>
         <value>0xd0d</value>
         <object_component_ref idref="oc-24"/>
      </symbol>
      <symbol id="sm-19e">
         <name>__stack</name>
         <value>0x2000026c</value>
         <object_component_ref idref="oc-29"/>
      </symbol>
      <symbol id="sm-1b5">
         <name>__TI_decompress_none</name>
         <value>0x1043</value>
         <object_component_ref idref="oc-12"/>
      </symbol>
      <symbol id="sm-1dd">
         <name>__TI_decompress_rle24</name>
         <value>0x1087</value>
         <object_component_ref idref="oc-18"/>
      </symbol>
      <symbol id="sm-1ef">
         <name>__TI_zero_init</name>
         <value>0x105d</value>
         <object_component_ref idref="oc-1e"/>
      </symbol>
      <symbol id="sm-20e">
         <name>C$$EXIT</name>
         <value>0xe39</value>
         <object_component_ref idref="oc-6a"/>
      </symbol>
      <symbol id="sm-20f">
         <name>abort</name>
         <value>0xe3d</value>
         <object_component_ref idref="oc-6a"/>
      </symbol>
      <symbol id="sm-210">
         <name>exit</name>
         <value>0xe45</value>
         <object_component_ref idref="oc-6a"/>
      </symbol>
      <symbol id="sm-211">
         <name>__TI_dtors_ptr</name>
         <value>0x20000598</value>
         <object_component_ref idref="oc-a8"/>
      </symbol>
      <symbol id="sm-212">
         <name>__TI_cleanup_ptr</name>
         <value>0x20000594</value>
         <object_component_ref idref="oc-a8"/>
      </symbol>
      <symbol id="sm-232">
         <name>__aeabi_ddiv</name>
         <value>0x41d</value>
         <object_component_ref idref="oc-14e"/>
      </symbol>
      <symbol id="sm-249">
         <name>__aeabi_dmul</name>
         <value>0x795</value>
         <object_component_ref idref="oc-153"/>
      </symbol>
      <symbol id="sm-255">
         <name>__aeabi_d2f</name>
         <value>0xda9</value>
         <object_component_ref idref="oc-16d"/>
      </symbol>
      <symbol id="sm-262">
         <name>__aeabi_d2uiz</name>
         <value>0xe7d</value>
         <object_component_ref idref="oc-158"/>
      </symbol>
      <symbol id="sm-270">
         <name>__aeabi_f2d</name>
         <value>0xec1</value>
         <object_component_ref idref="oc-15d"/>
      </symbol>
      <symbol id="sm-27c">
         <name>__aeabi_i2d</name>
         <value>0xf61</value>
         <object_component_ref idref="oc-163"/>
      </symbol>
      <symbol id="sm-297">
         <name>memcpy</name>
         <value>0xa5d</value>
         <object_component_ref idref="oc-33"/>
      </symbol>
      <symbol id="sm-298">
         <name>__aeabi_memcpy</name>
         <value>0xa5d</value>
         <object_component_ref idref="oc-33"/>
      </symbol>
      <symbol id="sm-299">
         <name>__aeabi_memcpy8</name>
         <value>0xa5d</value>
         <object_component_ref idref="oc-33"/>
      </symbol>
      <symbol id="sm-29a">
         <name>__aeabi_memcpy4</name>
         <value>0xa5d</value>
         <object_component_ref idref="oc-33"/>
      </symbol>
      <symbol id="sm-2a9">
         <name>__aeabi_memset</name>
         <value>0xafb</value>
         <object_component_ref idref="oc-4c"/>
      </symbol>
      <symbol id="sm-2aa">
         <name>memset</name>
         <value>0xb01</value>
         <object_component_ref idref="oc-4c"/>
      </symbol>
      <symbol id="sm-2ab">
         <name>__aeabi_memset8</name>
         <value>0xafb</value>
         <object_component_ref idref="oc-4c"/>
      </symbol>
      <symbol id="sm-2ac">
         <name>__aeabi_memset4</name>
         <value>0xafb</value>
         <object_component_ref idref="oc-4c"/>
      </symbol>
      <symbol id="sm-2ad">
         <name>__aeabi_memclr8</name>
         <value>0xaf9</value>
         <object_component_ref idref="oc-4c"/>
      </symbol>
      <symbol id="sm-2ae">
         <name>__aeabi_memclr4</name>
         <value>0xaf9</value>
         <object_component_ref idref="oc-4c"/>
      </symbol>
      <symbol id="sm-2af">
         <name>__aeabi_memclr</name>
         <value>0xaf9</value>
         <object_component_ref idref="oc-4c"/>
      </symbol>
      <symbol id="sm-2b9">
         <name>_system_pre_init</name>
         <value>0x108d</value>
         <object_component_ref idref="oc-58"/>
      </symbol>
      <symbol id="sm-2c1">
         <name>main_func_sp</name>
         <value>0x2000059c</value>
         <object_component_ref idref="oc-70"/>
      </symbol>
      <symbol id="sm-2cd">
         <name>__aeabi_ui2d</name>
         <value>0xfb9</value>
         <object_component_ref idref="oc-168"/>
      </symbol>
      <symbol id="sm-2e6">
         <name>_nop</name>
         <value>0x102f</value>
         <object_component_ref idref="oc-116"/>
      </symbol>
      <symbol id="sm-2e7">
         <name>_lock</name>
         <value>0x2000058c</value>
         <object_component_ref idref="oc-a5"/>
      </symbol>
      <symbol id="sm-2e8">
         <name>_unlock</name>
         <value>0x20000590</value>
         <object_component_ref idref="oc-a5"/>
      </symbol>
      <symbol id="sm-2e9">
         <name>_register_lock</name>
         <value>0x1027</value>
         <object_component_ref idref="oc-116"/>
      </symbol>
      <symbol id="sm-2ea">
         <name>_register_unlock</name>
         <value>0x1021</value>
         <object_component_ref idref="oc-116"/>
      </symbol>
      <symbol id="sm-2ff">
         <name>_args_main</name>
         <value>0x1009</value>
         <object_component_ref idref="oc-64"/>
      </symbol>
      <symbol id="sm-325">
         <name>__TI_auto_init</name>
         <value>0xb75</value>
         <object_component_ref idref="oc-5e"/>
      </symbol>
      <symbol id="sm-33f">
         <name>copy_in</name>
         <value>0xd5d</value>
         <object_component_ref idref="oc-95"/>
      </symbol>
      <symbol id="sm-340">
         <name>__TI_static_base__</name>
         <value>0x0</value>
      </symbol>
      <symbol id="sm-343">
         <name>SHT$$INIT_ARRAY$$Limit</name>
         <value>0x0</value>
      </symbol>
      <symbol id="sm-344">
         <name>SHT$$INIT_ARRAY$$Base</name>
         <value>0x0</value>
      </symbol>
   </symbol_table>
   <title>Link successful</title>
</link_info>
