******************************************************************************
                  TI ARM Linker PC v5.2.2                      
******************************************************************************
>> Linked Mon Apr 24 19:35:32 2017

OUTPUT FILE NAME:   <StepperExperiments.out>
ENTRY POINT SYMBOL: "_c_int00"  address: 00000dad


MEMORY CONFIGURATION

         name            origin    length      used     unused   attr    fill
----------------------  --------  ---------  --------  --------  ----  --------
  FLASH                 00000000   00040000  00001370  0003ec90  R  X
  SRAM                  20000000   00008000  000005a4  00007a5c  RW X


SEGMENT ALLOCATION MAP

run origin  load origin   length   init length attrs members
----------  ----------- ---------- ----------- ----- -------
00000000    00000000    00001370   00001370    r-x
  00000000    00000000    0000026c   0000026c    r-- .intvecs
  0000026c    0000026c    00000ec4   00000ec4    r-x .text
  00001130    00001130    00000208   00000208    r-- .const
  00001338    00001338    00000038   00000038    r-- .cinit
20000000    20000000    000005a4   00000000    rw-
  20000000    20000000    0000026c   00000000    rw- .vtable
  2000026c    2000026c    00000320   00000000    rw- .stack
  2000058c    2000058c    00000018   00000000    rw- .data


SECTION ALLOCATION MAP

 output                                  attributes/
section   page    origin      length       input sections
--------  ----  ----------  ----------   ----------------
.intvecs   0    00000000    0000026c     
                  00000000    0000026c     tm4c123gh6pm_startup_ccs.obj (.intvecs)

.text      0    0000026c    00000ec4     
                  0000026c    000001b0     main.obj (.text)
                  0000041c    000001b0     stepperSWDriver.obj (.text)
                  000005cc    00000136     rtsv7M4_T_le_v4SPD16_eabi.lib : fd_div_t2.obj (.text)
                  00000702    00000132     driverlib.lib : gpio.obj (.text:GPIOPadConfigSet)
                  00000834    000000fc     rtsv7M4_T_le_v4SPD16_eabi.lib : fd_mul_t2.obj (.text)
                  00000930    000000f4     driverlib.lib : sysctl.obj (.text:SysCtlClockSet)
                  00000a24    000000d8     tivaUtils.obj (.text)
                  00000afc    0000009c     rtsv7M4_T_le_v4SPD16_eabi.lib : memcpy_t2.obj (.text)
                  00000b98    0000007a                                   : memset_t2.obj (.text)
                  00000c12    00000002     --HOLE-- [fill = 0]
                  00000c14    0000006c                                   : autoinit.obj (.text)
                  00000c80    0000006a                                   : copy_decompress_rle.obj (.text)
                  00000cea    00000002     --HOLE-- [fill = 0]
                  00000cec    00000068     driverlib.lib : interrupt.obj (.text:IntEnable)
                  00000d54    00000056                   : gpio.obj (.text:GPIOIntTypeSet)
                  00000daa    00000002     --HOLE-- [fill = 0]
                  00000dac    00000050     rtsv7M4_T_le_v4SPD16_eabi.lib : boot.obj (.text)
                  00000dfc    0000004c                                   : cpy_tbl.obj (.text)
                  00000e48    0000004a                                   : fd_tos_t2.obj (.text)
                  00000e92    00000002     --HOLE-- [fill = 0]
                  00000e94    00000044     driverlib.lib : gpio.obj (.text:_GPIOIntNumberGet)
                  00000ed8    00000044     rtsv7M4_T_le_v4SPD16_eabi.lib : exit.obj (.text)
                  00000f1c    00000044                                   : fd_tou_t2.obj (.text)
                  00000f60    00000038                                   : fs_tod_t2.obj (.text)
                  00000f98    00000034     driverlib.lib : interrupt.obj (.text:IntRegister)
                  00000fcc    00000034                   : sysctl.obj (.text:SysCtlPeripheralEnable)
                  00001000    0000002e     rtsv7M4_T_le_v4SPD16_eabi.lib : i_tofd_t2.obj (.text)
                  0000102e    0000002a     driverlib.lib : gpio.obj (.text:GPIODirModeSet)
                  00001058    00000020     rtsv7M4_T_le_v4SPD16_eabi.lib : u_tofd_t2.obj (.text)
                  00001078    00000018     driverlib.lib : gpio.obj (.text:GPIOIntRegister)
                  00001090    00000018                   : gpio.obj (.text:GPIOPinTypeGPIOOutput)
                  000010a8    00000018     rtsv7M4_T_le_v4SPD16_eabi.lib : args_main.obj (.text)
                  000010c0    00000014                                   : _lock.obj (.text)
                  000010d4    0000000e     driverlib.lib : gpio.obj (.text:GPIOIntStatus)
                  000010e2    0000000e     rtsv7M4_T_le_v4SPD16_eabi.lib : copy_decompress_none.obj (.text:decompress:none)
                  000010f0    0000000c     driverlib.lib : gpio.obj (.text:GPIOIntEnable)
                  000010fc    0000000c     rtsv7M4_T_le_v4SPD16_eabi.lib : copy_zero_init.obj (.text:decompress:ZI)
                  00001108    0000000c     tm4c123gh6pm_startup_ccs.obj (.text)
                  00001114    00000006     driverlib.lib : gpio.obj (.text:GPIOIntClear)
                  0000111a    00000006                   : gpio.obj (.text:GPIOPinWrite)
                  00001120    00000006                   : sysctl.obj (.text:SysCtlDelay)
                  00001126    00000006     rtsv7M4_T_le_v4SPD16_eabi.lib : copy_decompress_rle.obj (.text:decompress:rle24)
                  0000112c    00000004                                   : pre_init.obj (.text)

.const     0    00001130    00000208     
                  00001130    000000d8     driverlib.lib : gpio.obj (.const:g_ppui32GPIOIntMapSnowflake)
                  00001208    000000c0                   : gpio.obj (.const:g_ppui32GPIOIntMapBlizzard)
                  000012c8    00000070                   : interrupt.obj (.const)

.cinit     0    00001338    00000038     
                  00001338    0000000f     (.cinit..data.load) [load image, compression = rle]
                  00001347    00000001     --HOLE-- [fill = 0]
                  00001348    0000000c     (__TI_handler_table)
                  00001354    00000004     --HOLE-- [fill = 0]
                  00001358    00000008     (.cinit..vtable.load) [load image, compression = zero_init]
                  00001360    00000010     (__TI_cinit_table)

.init_array 
*          0    00000000    00000000     UNINITIALIZED

.vtable    0    20000000    0000026c     UNINITIALIZED
                  20000000    0000026c     driverlib.lib : interrupt.obj (.vtable)

.stack     0    2000026c    00000320     UNINITIALIZED
                  2000026c    00000320     --HOLE--

.data      0    2000058c    00000018     UNINITIALIZED
                  2000058c    00000008     rtsv7M4_T_le_v4SPD16_eabi.lib : _lock.obj (.data)
                  20000594    00000008                                   : exit.obj (.data)
                  2000059c    00000004     main.obj (.data)
                  200005a0    00000004     rtsv7M4_T_le_v4SPD16_eabi.lib : stkdepth_vars.obj (.data)

.TI.persistent 
*          0    2000058c    00000000     UNINITIALIZED


LINKER GENERATED COPY TABLES

__TI_cinit_table @ 00001360 records: 2, size/record: 8, table size: 16
	.data: load addr=00001338, load size=0000000f bytes, run addr=2000058c, run size=00000018 bytes, compression=rle
	.vtable: load addr=00001358, load size=00000008 bytes, run addr=20000000, run size=0000026c bytes, compression=zero_init


LINKER GENERATED HANDLER TABLE

__TI_handler_table @ 00001348 records: 3, size/record: 4, table size: 12
	index: 0, handler: __TI_zero_init
	index: 1, handler: __TI_decompress_rle24
	index: 2, handler: __TI_decompress_none


GLOBAL SYMBOLS: SORTED ALPHABETICALLY BY Name 

address   name                     
-------   ----                     
00000ed9  C$$EXIT                  
0000102f  GPIODirModeSet           
00001115  GPIOIntClear             
000010f1  GPIOIntEnable            
00001079  GPIOIntRegister          
000010d5  GPIOIntStatus            
00000d55  GPIOIntTypeSet           
00000703  GPIOPadConfigSet         
00001091  GPIOPinTypeGPIOOutput    
0000111b  GPIOPinWrite             
00000ced  IntEnable                
00000f99  IntRegister              
000003c1  LIMIT_SWITCH_ISR         
0000039d  PUSH_ISR                 
00001109  ResetISR                 
UNDEFED   SHT$$INIT_ARRAY$$Base    
UNDEFED   SHT$$INIT_ARRAY$$Limit   
00000931  SysCtlClockSet           
00001121  SysCtlDelay              
00000fcd  SysCtlPeripheralEnable   
2000058c  __STACK_END              
00000320  __STACK_SIZE             
2000046c  __STACK_TOP              
00001360  __TI_CINIT_Base          
00001370  __TI_CINIT_Limit         
00001348  __TI_Handler_Table_Base  
00001354  __TI_Handler_Table_Limit 
00000c15  __TI_auto_init           
20000594  __TI_cleanup_ptr         
000010e3  __TI_decompress_none     
00001127  __TI_decompress_rle24    
20000598  __TI_dtors_ptr           
00000000  __TI_static_base__       
000010fd  __TI_zero_init           
00000e49  __aeabi_d2f              
00000f1d  __aeabi_d2uiz            
000005cd  __aeabi_ddiv             
00000835  __aeabi_dmul             
00000f61  __aeabi_f2d              
00001001  __aeabi_i2d              
00000b99  __aeabi_memclr           
00000b99  __aeabi_memclr4          
00000b99  __aeabi_memclr8          
00000afd  __aeabi_memcpy           
00000afd  __aeabi_memcpy4          
00000afd  __aeabi_memcpy8          
00000b9b  __aeabi_memset           
00000b9b  __aeabi_memset4          
00000b9b  __aeabi_memset8          
00001059  __aeabi_ui2d             
ffffffff  __binit__                
ffffffff  __c_args__               
2000026c  __stack                  
000010a9  _args_main               
00000dad  _c_int00                 
2000058c  _lock                    
000010cf  _nop                     
000010c7  _register_lock           
000010c1  _register_unlock         
0000112d  _system_pre_init         
20000590  _unlock                  
00000edd  abort                    
ffffffff  binit                    
00000a25  computeDelayCount        
00000a69  computeDelayCountMicrosec
00000dfd  copy_in                  
00000ee5  exit                     
20000000  g_pfnRAMVectors          
00000000  g_pfnVectors             
0000026d  main                     
200005a0  main_func_sp             
00000afd  memcpy                   
00000ba1  memset                   
0000047f  performAmountSteps       
0000041d  performStep              
2000059c  pushButton               
2000059e  pushFlag                 
00000aaf  setDelay                 
00000ac1  setDelayMicro            
00000557  spinStepperAngle         
00000501  spinStepperInches        
000004ab  spinStepperMeters        
2000059f  stopFlag                 


GLOBAL SYMBOLS: SORTED BY Symbol Address 

address   name                     
-------   ----                     
00000000  __TI_static_base__       
00000000  g_pfnVectors             
0000026d  main                     
00000320  __STACK_SIZE             
0000039d  PUSH_ISR                 
000003c1  LIMIT_SWITCH_ISR         
0000041d  performStep              
0000047f  performAmountSteps       
000004ab  spinStepperMeters        
00000501  spinStepperInches        
00000557  spinStepperAngle         
000005cd  __aeabi_ddiv             
00000703  GPIOPadConfigSet         
00000835  __aeabi_dmul             
00000931  SysCtlClockSet           
00000a25  computeDelayCount        
00000a69  computeDelayCountMicrosec
00000aaf  setDelay                 
00000ac1  setDelayMicro            
00000afd  __aeabi_memcpy           
00000afd  __aeabi_memcpy4          
00000afd  __aeabi_memcpy8          
00000afd  memcpy                   
00000b99  __aeabi_memclr           
00000b99  __aeabi_memclr4          
00000b99  __aeabi_memclr8          
00000b9b  __aeabi_memset           
00000b9b  __aeabi_memset4          
00000b9b  __aeabi_memset8          
00000ba1  memset                   
00000c15  __TI_auto_init           
00000ced  IntEnable                
00000d55  GPIOIntTypeSet           
00000dad  _c_int00                 
00000dfd  copy_in                  
00000e49  __aeabi_d2f              
00000ed9  C$$EXIT                  
00000edd  abort                    
00000ee5  exit                     
00000f1d  __aeabi_d2uiz            
00000f61  __aeabi_f2d              
00000f99  IntRegister              
00000fcd  SysCtlPeripheralEnable   
00001001  __aeabi_i2d              
0000102f  GPIODirModeSet           
00001059  __aeabi_ui2d             
00001079  GPIOIntRegister          
00001091  GPIOPinTypeGPIOOutput    
000010a9  _args_main               
000010c1  _register_unlock         
000010c7  _register_lock           
000010cf  _nop                     
000010d5  GPIOIntStatus            
000010e3  __TI_decompress_none     
000010f1  GPIOIntEnable            
000010fd  __TI_zero_init           
00001109  ResetISR                 
00001115  GPIOIntClear             
0000111b  GPIOPinWrite             
00001121  SysCtlDelay              
00001127  __TI_decompress_rle24    
0000112d  _system_pre_init         
00001348  __TI_Handler_Table_Base  
00001354  __TI_Handler_Table_Limit 
00001360  __TI_CINIT_Base          
00001370  __TI_CINIT_Limit         
20000000  g_pfnRAMVectors          
2000026c  __stack                  
2000046c  __STACK_TOP              
2000058c  __STACK_END              
2000058c  _lock                    
20000590  _unlock                  
20000594  __TI_cleanup_ptr         
20000598  __TI_dtors_ptr           
2000059c  pushButton               
2000059e  pushFlag                 
2000059f  stopFlag                 
200005a0  main_func_sp             
ffffffff  __binit__                
ffffffff  __c_args__               
ffffffff  binit                    
UNDEFED   SHT$$INIT_ARRAY$$Base    
UNDEFED   SHT$$INIT_ARRAY$$Limit   

[83 symbols]
