******************************************************************************
                  TI ARM Linker PC v5.2.2                      
******************************************************************************
>> Linked Mon May 22 22:40:45 2017

OUTPUT FILE NAME:   <StepperExperiments.out>
ENTRY POINT SYMBOL: "_c_int00"  address: 0000109d


MEMORY CONFIGURATION

         name            origin    length      used     unused   attr    fill
----------------------  --------  ---------  --------  --------  ----  --------
  FLASH                 00000000   00040000  00001848  0003e7b8  R  X
  SRAM                  20000000   00008000  000005ae  00007a52  RW X


SEGMENT ALLOCATION MAP

run origin  load origin   length   init length attrs members
----------  ----------- ---------- ----------- ----- -------
00000000    00000000    00001848   00001848    r-x
  00000000    00000000    0000026c   0000026c    r-- .intvecs
  0000026c    0000026c    00001290   00001290    r-x .text
  000014fc    000014fc    00000304   00000304    r-- .const
  00001800    00001800    00000048   00000048    r-- .cinit
20000000    20000000    000005ae   00000000    rw-
  20000000    20000000    0000026c   00000000    rw- .vtable
  2000026c    2000026c    00000320   00000000    rw- .stack
  2000058c    2000058c    00000018   00000000    rw- .data
  200005a4    200005a4    0000000a   00000000    rw- .bss


SECTION ALLOCATION MAP

 output                                  attributes/
section   page    origin      length       input sections
--------  ----  ----------  ----------   ----------------
.intvecs   0    00000000    0000026c     
                  00000000    0000026c     tm4c123gh6pm_startup_ccs.obj (.intvecs)

.text      0    0000026c    00001290     
                  0000026c    00000390     main.obj (.text)
                  000005fc    000001b0     stepperSWDriver.obj (.text)
                  000007ac    00000136     rtsv7M4_T_le_v4SPD16_eabi.lib : fd_div_t2.obj (.text)
                  000008e2    00000132     driverlib.lib : gpio.obj (.text:GPIOPadConfigSet)
                  00000a14    00000110                   : sysctl.obj (.text:SysCtlClockGet)
                  00000b24    000000fc     rtsv7M4_T_le_v4SPD16_eabi.lib : fd_mul_t2.obj (.text)
                  00000c20    000000f4     driverlib.lib : sysctl.obj (.text:SysCtlClockSet)
                  00000d14    000000d8     tivaUtils.obj (.text)
                  00000dec    0000009c     rtsv7M4_T_le_v4SPD16_eabi.lib : memcpy_t2.obj (.text)
                  00000e88    0000007a                                   : memset_t2.obj (.text)
                  00000f02    00000002     --HOLE-- [fill = 0]
                  00000f04    0000006c                                   : autoinit.obj (.text)
                  00000f70    0000006a                                   : copy_decompress_rle.obj (.text)
                  00000fda    00000002     --HOLE-- [fill = 0]
                  00000fdc    00000068     driverlib.lib : interrupt.obj (.text:IntEnable)
                  00001044    00000056                   : gpio.obj (.text:GPIOIntTypeSet)
                  0000109a    00000002     --HOLE-- [fill = 0]
                  0000109c    00000050     rtsv7M4_T_le_v4SPD16_eabi.lib : boot.obj (.text)
                  000010ec    0000004c                                   : cpy_tbl.obj (.text)
                  00001138    0000004a                                   : fd_tos_t2.obj (.text)
                  00001182    00000002     --HOLE-- [fill = 0]
                  00001184    00000048     driverlib.lib : gpio.obj (.text:GPIOPinConfigure)
                  000011cc    00000044                   : gpio.obj (.text:_GPIOIntNumberGet)
                  00001210    00000044     rtsv7M4_T_le_v4SPD16_eabi.lib : exit.obj (.text)
                  00001254    00000044                                   : fd_tou_t2.obj (.text)
                  00001298    00000038                                   : fs_tod_t2.obj (.text)
                  000012d0    00000034     driverlib.lib : interrupt.obj (.text:IntRegister)
                  00001304    00000034                   : sysctl.obj (.text:SysCtlPeripheralEnable)
                  00001338    0000002e     rtsv7M4_T_le_v4SPD16_eabi.lib : i_tofd_t2.obj (.text)
                  00001366    0000002a     driverlib.lib : gpio.obj (.text:GPIODirModeSet)
                  00001390    00000022                   : pwm.obj (.text:PWMGenConfigure)
                  000013b2    00000020     rtsv7M4_T_le_v4SPD16_eabi.lib : u_tofd_t2.obj (.text)
                  000013d2    0000001e     driverlib.lib : pwm.obj (.text:PWMPulseWidthSet)
                  000013f0    00000018                   : gpio.obj (.text:GPIOIntRegister)
                  00001408    00000018                   : gpio.obj (.text:GPIOPinTypeGPIOOutput)
                  00001420    00000018     rtsv7M4_T_le_v4SPD16_eabi.lib : args_main.obj (.text)
                  00001438    00000014     driverlib.lib : sysctl.obj (.text:SysCtlPWMClockSet)
                  0000144c    00000014     rtsv7M4_T_le_v4SPD16_eabi.lib : _lock.obj (.text)
                  00001460    00000012     driverlib.lib : gpio.obj (.text:GPIOPinTypePWM)
                  00001472    00000012                   : pwm.obj (.text:PWMOutputState)
                  00001484    00000010                   : pwm.obj (.text:PWMGenPeriodSet)
                  00001494    0000000e                   : gpio.obj (.text:GPIOIntStatus)
                  000014a2    0000000e     rtsv7M4_T_le_v4SPD16_eabi.lib : copy_decompress_none.obj (.text:decompress:none)
                  000014b0    0000000c     driverlib.lib : gpio.obj (.text:GPIOIntEnable)
                  000014bc    0000000c                   : pwm.obj (.text:PWMGenEnable)
                  000014c8    0000000c     rtsv7M4_T_le_v4SPD16_eabi.lib : copy_zero_init.obj (.text:decompress:ZI)
                  000014d4    0000000c     tm4c123gh6pm_startup_ccs.obj (.text)
                  000014e0    00000006     driverlib.lib : gpio.obj (.text:GPIOIntClear)
                  000014e6    00000006                   : gpio.obj (.text:GPIOPinWrite)
                  000014ec    00000006                   : sysctl.obj (.text:SysCtlDelay)
                  000014f2    00000006     rtsv7M4_T_le_v4SPD16_eabi.lib : copy_decompress_rle.obj (.text:decompress:rle24)
                  000014f8    00000004                                   : pre_init.obj (.text)

.const     0    000014fc    00000304     
                  000014fc    000000d8     driverlib.lib : gpio.obj (.const:g_ppui32GPIOIntMapSnowflake)
                  000015d4    000000c0                   : gpio.obj (.const:g_ppui32GPIOIntMapBlizzard)
                  00001694    00000090                   : gpio.obj (.const:g_pui32GPIOBaseAddrs)
                  00001724    00000070                   : interrupt.obj (.const)
                  00001794    0000006c                   : sysctl.obj (.const:g_pui32Xtals)

.cinit     0    00001800    00000048     
                  00001800    0000000f     (.cinit..data.load) [load image, compression = rle]
                  0000180f    00000001     --HOLE-- [fill = 0]
                  00001810    0000000c     (__TI_handler_table)
                  0000181c    00000004     --HOLE-- [fill = 0]
                  00001820    00000008     (.cinit..bss.load) [load image, compression = zero_init]
                  00001828    00000008     (.cinit..vtable.load) [load image, compression = zero_init]
                  00001830    00000018     (__TI_cinit_table)

.init_array 
*          0    00000000    00000000     UNINITIALIZED

.vtable    0    20000000    0000026c     UNINITIALIZED
                  20000000    0000026c     driverlib.lib : interrupt.obj (.vtable)

.stack     0    2000026c    00000320     UNINITIALIZED
                  2000026c    00000320     --HOLE--

.data      0    2000058c    00000018     UNINITIALIZED
                  2000058c    00000008     rtsv7M4_T_le_v4SPD16_eabi.lib : _lock.obj (.data)
                  20000594    00000008                                   : exit.obj (.data)
                  2000059c    00000004     main.obj (.data)
                  200005a0    00000004     rtsv7M4_T_le_v4SPD16_eabi.lib : stkdepth_vars.obj (.data)

.bss       0    200005a4    0000000a     UNINITIALIZED
                  200005a4    00000004     (.common:ui32Load)
                  200005a8    00000004     (.common:ui32PWMClock)
                  200005ac    00000001     (.common:ui8Adjust)
                  200005ad    00000001     (.common:ui8AdjustLeft)

.TI.persistent 
*          0    2000058c    00000000     UNINITIALIZED

.TI.noinit 
*          0    200005a4    00000000     UNINITIALIZED


LINKER GENERATED COPY TABLES

__TI_cinit_table @ 00001830 records: 3, size/record: 8, table size: 24
	.data: load addr=00001800, load size=0000000f bytes, run addr=2000058c, run size=00000018 bytes, compression=rle
	.bss: load addr=00001820, load size=00000008 bytes, run addr=200005a4, run size=0000000a bytes, compression=zero_init
	.vtable: load addr=00001828, load size=00000008 bytes, run addr=20000000, run size=0000026c bytes, compression=zero_init


LINKER GENERATED HANDLER TABLE

__TI_handler_table @ 00001810 records: 3, size/record: 4, table size: 12
	index: 0, handler: __TI_zero_init
	index: 1, handler: __TI_decompress_rle24
	index: 2, handler: __TI_decompress_none


GLOBAL SYMBOLS: SORTED ALPHABETICALLY BY Name 

address   name                     
-------   ----                     
00001211  C$$EXIT                  
00001367  GPIODirModeSet           
000014e1  GPIOIntClear             
000014b1  GPIOIntEnable            
000013f1  GPIOIntRegister          
00001495  GPIOIntStatus            
00001045  GPIOIntTypeSet           
000008e3  GPIOPadConfigSet         
00001185  GPIOPinConfigure         
00001409  GPIOPinTypeGPIOOutput    
00001461  GPIOPinTypePWM           
000014e7  GPIOPinWrite             
00000fdd  IntEnable                
000012d1  IntRegister              
0000048d  LIMIT_SWITCH_ISR         
00000469  PUSH_ISR                 
00001391  PWMGenConfigure          
000014bd  PWMGenEnable             
00001485  PWMGenPeriodSet          
00001473  PWMOutputState           
000013d3  PWMPulseWidthSet         
000014d5  ResetISR                 
UNDEFED   SHT$$INIT_ARRAY$$Base    
UNDEFED   SHT$$INIT_ARRAY$$Limit   
00000a15  SysCtlClockGet           
00000c21  SysCtlClockSet           
000014ed  SysCtlDelay              
00001439  SysCtlPWMClockSet        
00001305  SysCtlPeripheralEnable   
2000058c  __STACK_END              
00000320  __STACK_SIZE             
2000046c  __STACK_TOP              
00001830  __TI_CINIT_Base          
00001848  __TI_CINIT_Limit         
00001810  __TI_Handler_Table_Base  
0000181c  __TI_Handler_Table_Limit 
00000f05  __TI_auto_init           
20000594  __TI_cleanup_ptr         
000014a3  __TI_decompress_none     
000014f3  __TI_decompress_rle24    
20000598  __TI_dtors_ptr           
00000000  __TI_static_base__       
000014c9  __TI_zero_init           
00001139  __aeabi_d2f              
00001255  __aeabi_d2uiz            
000007ad  __aeabi_ddiv             
00000b25  __aeabi_dmul             
00001299  __aeabi_f2d              
00001339  __aeabi_i2d              
00000e89  __aeabi_memclr           
00000e89  __aeabi_memclr4          
00000e89  __aeabi_memclr8          
00000ded  __aeabi_memcpy           
00000ded  __aeabi_memcpy4          
00000ded  __aeabi_memcpy8          
00000e8b  __aeabi_memset           
00000e8b  __aeabi_memset4          
00000e8b  __aeabi_memset8          
000013b3  __aeabi_ui2d             
ffffffff  __binit__                
ffffffff  __c_args__               
2000026c  __stack                  
00001421  _args_main               
0000109d  _c_int00                 
2000058c  _lock                    
0000145b  _nop                     
00001453  _register_lock           
0000144d  _register_unlock         
000014f9  _system_pre_init         
20000590  _unlock                  
00001215  abort                    
ffffffff  binit                    
0000052b  closeArms                
00000d15  computeDelayCount        
00000d59  computeDelayCountMicrosec
000010ed  copy_in                  
0000121d  exit                     
20000000  g_pfnRAMVectors          
00000000  g_pfnVectors             
0000026d  main                     
200005a0  main_func_sp             
00000ded  memcpy                   
00000e91  memset                   
000004b5  openArms                 
0000065f  performAmountSteps       
000005fd  performStep              
2000059c  pushButton               
2000059e  pushFlag                 
00000d9f  setDelay                 
00000db1  setDelayMicro            
00000737  spinStepperAngle         
000006e1  spinStepperInches        
0000068b  spinStepperMeters        
2000059f  stopFlag                 
200005a4  ui32Load                 
200005a8  ui32PWMClock             
200005ac  ui8Adjust                
200005ad  ui8AdjustLeft            


GLOBAL SYMBOLS: SORTED BY Symbol Address 

address   name                     
-------   ----                     
00000000  __TI_static_base__       
00000000  g_pfnVectors             
0000026d  main                     
00000320  __STACK_SIZE             
00000469  PUSH_ISR                 
0000048d  LIMIT_SWITCH_ISR         
000004b5  openArms                 
0000052b  closeArms                
000005fd  performStep              
0000065f  performAmountSteps       
0000068b  spinStepperMeters        
000006e1  spinStepperInches        
00000737  spinStepperAngle         
000007ad  __aeabi_ddiv             
000008e3  GPIOPadConfigSet         
00000a15  SysCtlClockGet           
00000b25  __aeabi_dmul             
00000c21  SysCtlClockSet           
00000d15  computeDelayCount        
00000d59  computeDelayCountMicrosec
00000d9f  setDelay                 
00000db1  setDelayMicro            
00000ded  __aeabi_memcpy           
00000ded  __aeabi_memcpy4          
00000ded  __aeabi_memcpy8          
00000ded  memcpy                   
00000e89  __aeabi_memclr           
00000e89  __aeabi_memclr4          
00000e89  __aeabi_memclr8          
00000e8b  __aeabi_memset           
00000e8b  __aeabi_memset4          
00000e8b  __aeabi_memset8          
00000e91  memset                   
00000f05  __TI_auto_init           
00000fdd  IntEnable                
00001045  GPIOIntTypeSet           
0000109d  _c_int00                 
000010ed  copy_in                  
00001139  __aeabi_d2f              
00001185  GPIOPinConfigure         
00001211  C$$EXIT                  
00001215  abort                    
0000121d  exit                     
00001255  __aeabi_d2uiz            
00001299  __aeabi_f2d              
000012d1  IntRegister              
00001305  SysCtlPeripheralEnable   
00001339  __aeabi_i2d              
00001367  GPIODirModeSet           
00001391  PWMGenConfigure          
000013b3  __aeabi_ui2d             
000013d3  PWMPulseWidthSet         
000013f1  GPIOIntRegister          
00001409  GPIOPinTypeGPIOOutput    
00001421  _args_main               
00001439  SysCtlPWMClockSet        
0000144d  _register_unlock         
00001453  _register_lock           
0000145b  _nop                     
00001461  GPIOPinTypePWM           
00001473  PWMOutputState           
00001485  PWMGenPeriodSet          
00001495  GPIOIntStatus            
000014a3  __TI_decompress_none     
000014b1  GPIOIntEnable            
000014bd  PWMGenEnable             
000014c9  __TI_zero_init           
000014d5  ResetISR                 
000014e1  GPIOIntClear             
000014e7  GPIOPinWrite             
000014ed  SysCtlDelay              
000014f3  __TI_decompress_rle24    
000014f9  _system_pre_init         
00001810  __TI_Handler_Table_Base  
0000181c  __TI_Handler_Table_Limit 
00001830  __TI_CINIT_Base          
00001848  __TI_CINIT_Limit         
20000000  g_pfnRAMVectors          
2000026c  __stack                  
2000046c  __STACK_TOP              
2000058c  __STACK_END              
2000058c  _lock                    
20000590  _unlock                  
20000594  __TI_cleanup_ptr         
20000598  __TI_dtors_ptr           
2000059c  pushButton               
2000059e  pushFlag                 
2000059f  stopFlag                 
200005a0  main_func_sp             
200005a4  ui32Load                 
200005a8  ui32PWMClock             
200005ac  ui8Adjust                
200005ad  ui8AdjustLeft            
ffffffff  __binit__                
ffffffff  __c_args__               
ffffffff  binit                    
UNDEFED   SHT$$INIT_ARRAY$$Base    
UNDEFED   SHT$$INIT_ARRAY$$Limit   

[98 symbols]
