<?xml version="1.0"?>
<link_info>
   <banner>TI ARM Linker PC v5.2.2</banner>
   <copyright>Copyright (c) 1996-2015 Texas Instruments Incorporated</copyright>
   <link_time>0x5923a12d</link_time>
   <link_errors>0x0</link_errors>
   <output_file>StepperExperiments.out</output_file>
   <entry_point>
      <name>_c_int00</name>
      <address>0x109d</address>
   </entry_point>
   <input_file_list>
      <input_file id="fl-2">
         <path>.\</path>
         <kind>object</kind>
         <file>main.obj</file>
         <name>main.obj</name>
      </input_file>
      <input_file id="fl-3">
         <path>.\</path>
         <kind>object</kind>
         <file>stepperSWDriver.obj</file>
         <name>stepperSWDriver.obj</name>
      </input_file>
      <input_file id="fl-4">
         <path>.\</path>
         <kind>object</kind>
         <file>tivaUtils.obj</file>
         <name>tivaUtils.obj</name>
      </input_file>
      <input_file id="fl-5">
         <path>.\</path>
         <kind>object</kind>
         <file>tm4c123gh6pm_startup_ccs.obj</file>
         <name>tm4c123gh6pm_startup_ccs.obj</name>
      </input_file>
      <input_file id="fl-b">
         <path>C:\ti\TivaWare_C_Series-2.1.4.178\driverlib\ccs\Debug\</path>
         <kind>archive</kind>
         <file>driverlib.lib</file>
         <name>gpio.obj</name>
      </input_file>
      <input_file id="fl-c">
         <path>C:\ti\TivaWare_C_Series-2.1.4.178\driverlib\ccs\Debug\</path>
         <kind>archive</kind>
         <file>driverlib.lib</file>
         <name>interrupt.obj</name>
      </input_file>
      <input_file id="fl-d">
         <path>C:\ti\TivaWare_C_Series-2.1.4.178\driverlib\ccs\Debug\</path>
         <kind>archive</kind>
         <file>driverlib.lib</file>
         <name>pwm.obj</name>
      </input_file>
      <input_file id="fl-e">
         <path>C:\ti\TivaWare_C_Series-2.1.4.178\driverlib\ccs\Debug\</path>
         <kind>archive</kind>
         <file>driverlib.lib</file>
         <name>sysctl.obj</name>
      </input_file>
      <input_file id="fl-f">
         <path>C:\ti\TivaWare_C_Series-2.1.4.178\driverlib\ccs\Debug\</path>
         <kind>archive</kind>
         <file>driverlib.lib</file>
         <name>cpu.obj</name>
      </input_file>
      <input_file id="fl-131">
         <path>C:\ti\ccsv6\tools\compiler\ti-cgt-arm_5.2.2\lib\</path>
         <kind>archive</kind>
         <file>rtsv7M4_T_le_v4SPD16_eabi.lib</file>
         <name>boot.obj</name>
      </input_file>
      <input_file id="fl-132">
         <path>C:\ti\ccsv6\tools\compiler\ti-cgt-arm_5.2.2\lib\</path>
         <kind>archive</kind>
         <file>rtsv7M4_T_le_v4SPD16_eabi.lib</file>
         <name>copy_decompress_none.obj</name>
      </input_file>
      <input_file id="fl-133">
         <path>C:\ti\ccsv6\tools\compiler\ti-cgt-arm_5.2.2\lib\</path>
         <kind>archive</kind>
         <file>rtsv7M4_T_le_v4SPD16_eabi.lib</file>
         <name>copy_decompress_rle.obj</name>
      </input_file>
      <input_file id="fl-134">
         <path>C:\ti\ccsv6\tools\compiler\ti-cgt-arm_5.2.2\lib\</path>
         <kind>archive</kind>
         <file>rtsv7M4_T_le_v4SPD16_eabi.lib</file>
         <name>copy_zero_init.obj</name>
      </input_file>
      <input_file id="fl-135">
         <path>C:\ti\ccsv6\tools\compiler\ti-cgt-arm_5.2.2\lib\</path>
         <kind>archive</kind>
         <file>rtsv7M4_T_le_v4SPD16_eabi.lib</file>
         <name>exit.obj</name>
      </input_file>
      <input_file id="fl-136">
         <path>C:\ti\ccsv6\tools\compiler\ti-cgt-arm_5.2.2\lib\</path>
         <kind>archive</kind>
         <file>rtsv7M4_T_le_v4SPD16_eabi.lib</file>
         <name>fd_div_t2.obj</name>
      </input_file>
      <input_file id="fl-137">
         <path>C:\ti\ccsv6\tools\compiler\ti-cgt-arm_5.2.2\lib\</path>
         <kind>archive</kind>
         <file>rtsv7M4_T_le_v4SPD16_eabi.lib</file>
         <name>fd_mul_t2.obj</name>
      </input_file>
      <input_file id="fl-138">
         <path>C:\ti\ccsv6\tools\compiler\ti-cgt-arm_5.2.2\lib\</path>
         <kind>archive</kind>
         <file>rtsv7M4_T_le_v4SPD16_eabi.lib</file>
         <name>fd_tos_t2.obj</name>
      </input_file>
      <input_file id="fl-139">
         <path>C:\ti\ccsv6\tools\compiler\ti-cgt-arm_5.2.2\lib\</path>
         <kind>archive</kind>
         <file>rtsv7M4_T_le_v4SPD16_eabi.lib</file>
         <name>fd_tou_t2.obj</name>
      </input_file>
      <input_file id="fl-13a">
         <path>C:\ti\ccsv6\tools\compiler\ti-cgt-arm_5.2.2\lib\</path>
         <kind>archive</kind>
         <file>rtsv7M4_T_le_v4SPD16_eabi.lib</file>
         <name>fs_tod_t2.obj</name>
      </input_file>
      <input_file id="fl-13b">
         <path>C:\ti\ccsv6\tools\compiler\ti-cgt-arm_5.2.2\lib\</path>
         <kind>archive</kind>
         <file>rtsv7M4_T_le_v4SPD16_eabi.lib</file>
         <name>i_tofd_t2.obj</name>
      </input_file>
      <input_file id="fl-13c">
         <path>C:\ti\ccsv6\tools\compiler\ti-cgt-arm_5.2.2\lib\</path>
         <kind>archive</kind>
         <file>rtsv7M4_T_le_v4SPD16_eabi.lib</file>
         <name>memcpy_t2.obj</name>
      </input_file>
      <input_file id="fl-13d">
         <path>C:\ti\ccsv6\tools\compiler\ti-cgt-arm_5.2.2\lib\</path>
         <kind>archive</kind>
         <file>rtsv7M4_T_le_v4SPD16_eabi.lib</file>
         <name>memset_t2.obj</name>
      </input_file>
      <input_file id="fl-13e">
         <path>C:\ti\ccsv6\tools\compiler\ti-cgt-arm_5.2.2\lib\</path>
         <kind>archive</kind>
         <file>rtsv7M4_T_le_v4SPD16_eabi.lib</file>
         <name>pre_init.obj</name>
      </input_file>
      <input_file id="fl-13f">
         <path>C:\ti\ccsv6\tools\compiler\ti-cgt-arm_5.2.2\lib\</path>
         <kind>archive</kind>
         <file>rtsv7M4_T_le_v4SPD16_eabi.lib</file>
         <name>stkdepth_vars.obj</name>
      </input_file>
      <input_file id="fl-140">
         <path>C:\ti\ccsv6\tools\compiler\ti-cgt-arm_5.2.2\lib\</path>
         <kind>archive</kind>
         <file>rtsv7M4_T_le_v4SPD16_eabi.lib</file>
         <name>u_tofd_t2.obj</name>
      </input_file>
      <input_file id="fl-141">
         <path>C:\ti\ccsv6\tools\compiler\ti-cgt-arm_5.2.2\lib\</path>
         <kind>archive</kind>
         <file>rtsv7M4_T_le_v4SPD16_eabi.lib</file>
         <name>_lock.obj</name>
      </input_file>
      <input_file id="fl-142">
         <path>C:\ti\ccsv6\tools\compiler\ti-cgt-arm_5.2.2\lib\</path>
         <kind>archive</kind>
         <file>rtsv7M4_T_le_v4SPD16_eabi.lib</file>
         <name>args_main.obj</name>
      </input_file>
      <input_file id="fl-143">
         <path>C:\ti\ccsv6\tools\compiler\ti-cgt-arm_5.2.2\lib\</path>
         <kind>archive</kind>
         <file>rtsv7M4_T_le_v4SPD16_eabi.lib</file>
         <name>autoinit.obj</name>
      </input_file>
      <input_file id="fl-144">
         <path>C:\ti\ccsv6\tools\compiler\ti-cgt-arm_5.2.2\lib\</path>
         <kind>archive</kind>
         <file>rtsv7M4_T_le_v4SPD16_eabi.lib</file>
         <name>cpy_tbl.obj</name>
      </input_file>
   </input_file_list>
   <object_component_list>
      <object_component id="oc-f">
         <name>.intvecs</name>
         <load_address>0x0</load_address>
         <run_address>0x0</run_address>
         <size>0x26c</size>
         <input_file_ref idref="fl-5"/>
      </object_component>
      <object_component id="oc-9d">
         <name>.text</name>
         <load_address>0x26c</load_address>
         <run_address>0x26c</run_address>
         <size>0x390</size>
         <input_file_ref idref="fl-2"/>
      </object_component>
      <object_component id="oc-12f">
         <name>.text</name>
         <load_address>0x5fc</load_address>
         <run_address>0x5fc</run_address>
         <size>0x1b0</size>
         <input_file_ref idref="fl-3"/>
      </object_component>
      <object_component id="oc-1b9">
         <name>.text</name>
         <load_address>0x7ac</load_address>
         <run_address>0x7ac</run_address>
         <size>0x136</size>
         <input_file_ref idref="fl-136"/>
      </object_component>
      <object_component id="oc-db">
         <name>.text:GPIOPadConfigSet</name>
         <load_address>0x8e2</load_address>
         <run_address>0x8e2</run_address>
         <size>0x132</size>
         <input_file_ref idref="fl-b"/>
      </object_component>
      <object_component id="oc-105">
         <name>.text:SysCtlClockGet</name>
         <load_address>0xa14</load_address>
         <run_address>0xa14</run_address>
         <size>0x110</size>
         <input_file_ref idref="fl-e"/>
      </object_component>
      <object_component id="oc-199">
         <name>.text</name>
         <load_address>0xb24</load_address>
         <run_address>0xb24</run_address>
         <size>0xfc</size>
         <input_file_ref idref="fl-137"/>
      </object_component>
      <object_component id="oc-c3">
         <name>.text:SysCtlClockSet</name>
         <load_address>0xc20</load_address>
         <run_address>0xc20</run_address>
         <size>0xf4</size>
         <input_file_ref idref="fl-e"/>
      </object_component>
      <object_component id="oc-129">
         <name>.text</name>
         <load_address>0xd14</load_address>
         <run_address>0xd14</run_address>
         <size>0xd8</size>
         <input_file_ref idref="fl-4"/>
      </object_component>
      <object_component id="oc-33">
         <name>.text</name>
         <load_address>0xdec</load_address>
         <run_address>0xdec</run_address>
         <size>0x9c</size>
         <input_file_ref idref="fl-13c"/>
      </object_component>
      <object_component id="oc-4c">
         <name>.text</name>
         <load_address>0xe88</load_address>
         <run_address>0xe88</run_address>
         <size>0x7a</size>
         <input_file_ref idref="fl-13d"/>
      </object_component>
      <object_component id="oc-5e">
         <name>.text</name>
         <load_address>0xf04</load_address>
         <run_address>0xf04</run_address>
         <size>0x6c</size>
         <input_file_ref idref="fl-143"/>
      </object_component>
      <object_component id="oc-3f">
         <name>.text</name>
         <load_address>0xf70</load_address>
         <run_address>0xf70</run_address>
         <size>0x6a</size>
         <input_file_ref idref="fl-133"/>
      </object_component>
      <object_component id="oc-17b">
         <name>.text:IntEnable</name>
         <load_address>0xfdc</load_address>
         <run_address>0xfdc</run_address>
         <size>0x68</size>
         <input_file_ref idref="fl-c"/>
      </object_component>
      <object_component id="oc-e7">
         <name>.text:GPIOIntTypeSet</name>
         <load_address>0x1044</load_address>
         <run_address>0x1044</run_address>
         <size>0x56</size>
         <input_file_ref idref="fl-b"/>
      </object_component>
      <object_component id="oc-24">
         <name>.text</name>
         <load_address>0x109c</load_address>
         <run_address>0x109c</run_address>
         <size>0x50</size>
         <input_file_ref idref="fl-131"/>
      </object_component>
      <object_component id="oc-95">
         <name>.text</name>
         <load_address>0x10ec</load_address>
         <run_address>0x10ec</run_address>
         <size>0x4c</size>
         <input_file_ref idref="fl-144"/>
      </object_component>
      <object_component id="oc-1ad">
         <name>.text</name>
         <load_address>0x1138</load_address>
         <run_address>0x1138</run_address>
         <size>0x4a</size>
         <input_file_ref idref="fl-138"/>
      </object_component>
      <object_component id="oc-ff">
         <name>.text:GPIOPinConfigure</name>
         <load_address>0x1184</load_address>
         <run_address>0x1184</run_address>
         <size>0x48</size>
         <input_file_ref idref="fl-b"/>
      </object_component>
      <object_component id="oc-16f">
         <name>.text:_GPIOIntNumberGet</name>
         <load_address>0x11cc</load_address>
         <run_address>0x11cc</run_address>
         <size>0x44</size>
         <input_file_ref idref="fl-b"/>
      </object_component>
      <object_component id="oc-6a">
         <name>.text</name>
         <load_address>0x1210</load_address>
         <run_address>0x1210</run_address>
         <size>0x44</size>
         <input_file_ref idref="fl-135"/>
      </object_component>
      <object_component id="oc-1a3">
         <name>.text</name>
         <load_address>0x1254</load_address>
         <run_address>0x1254</run_address>
         <size>0x44</size>
         <input_file_ref idref="fl-139"/>
      </object_component>
      <object_component id="oc-1a8">
         <name>.text</name>
         <load_address>0x1298</load_address>
         <run_address>0x1298</run_address>
         <size>0x38</size>
         <input_file_ref idref="fl-13a"/>
      </object_component>
      <object_component id="oc-175">
         <name>.text:IntRegister</name>
         <load_address>0x12d0</load_address>
         <run_address>0x12d0</run_address>
         <size>0x34</size>
         <input_file_ref idref="fl-c"/>
      </object_component>
      <object_component id="oc-c9">
         <name>.text:SysCtlPeripheralEnable</name>
         <load_address>0x1304</load_address>
         <run_address>0x1304</run_address>
         <size>0x34</size>
         <input_file_ref idref="fl-e"/>
      </object_component>
      <object_component id="oc-194">
         <name>.text</name>
         <load_address>0x1338</load_address>
         <run_address>0x1338</run_address>
         <size>0x2e</size>
         <input_file_ref idref="fl-13b"/>
      </object_component>
      <object_component id="oc-d5">
         <name>.text:GPIODirModeSet</name>
         <load_address>0x1366</load_address>
         <run_address>0x1366</run_address>
         <size>0x2a</size>
         <input_file_ref idref="fl-b"/>
      </object_component>
      <object_component id="oc-10b">
         <name>.text:PWMGenConfigure</name>
         <load_address>0x1390</load_address>
         <run_address>0x1390</run_address>
         <size>0x22</size>
         <input_file_ref idref="fl-d"/>
      </object_component>
      <object_component id="oc-19e">
         <name>.text</name>
         <load_address>0x13b2</load_address>
         <run_address>0x13b2</run_address>
         <size>0x20</size>
         <input_file_ref idref="fl-140"/>
      </object_component>
      <object_component id="oc-117">
         <name>.text:PWMPulseWidthSet</name>
         <load_address>0x13d2</load_address>
         <run_address>0x13d2</run_address>
         <size>0x1e</size>
         <input_file_ref idref="fl-d"/>
      </object_component>
      <object_component id="oc-e1">
         <name>.text:GPIOIntRegister</name>
         <load_address>0x13f0</load_address>
         <run_address>0x13f0</run_address>
         <size>0x18</size>
         <input_file_ref idref="fl-b"/>
      </object_component>
      <object_component id="oc-cf">
         <name>.text:GPIOPinTypeGPIOOutput</name>
         <load_address>0x1408</load_address>
         <run_address>0x1408</run_address>
         <size>0x18</size>
         <input_file_ref idref="fl-b"/>
      </object_component>
      <object_component id="oc-64">
         <name>.text</name>
         <load_address>0x1420</load_address>
         <run_address>0x1420</run_address>
         <size>0x18</size>
         <input_file_ref idref="fl-142"/>
      </object_component>
      <object_component id="oc-f3">
         <name>.text:SysCtlPWMClockSet</name>
         <load_address>0x1438</load_address>
         <run_address>0x1438</run_address>
         <size>0x14</size>
         <input_file_ref idref="fl-e"/>
      </object_component>
      <object_component id="oc-152">
         <name>.text</name>
         <load_address>0x144c</load_address>
         <run_address>0x144c</run_address>
         <size>0x14</size>
         <input_file_ref idref="fl-141"/>
      </object_component>
      <object_component id="oc-f9">
         <name>.text:GPIOPinTypePWM</name>
         <load_address>0x1460</load_address>
         <run_address>0x1460</run_address>
         <size>0x12</size>
         <input_file_ref idref="fl-b"/>
      </object_component>
      <object_component id="oc-11d">
         <name>.text:PWMOutputState</name>
         <load_address>0x1472</load_address>
         <run_address>0x1472</run_address>
         <size>0x12</size>
         <input_file_ref idref="fl-d"/>
      </object_component>
      <object_component id="oc-111">
         <name>.text:PWMGenPeriodSet</name>
         <load_address>0x1484</load_address>
         <run_address>0x1484</run_address>
         <size>0x10</size>
         <input_file_ref idref="fl-d"/>
      </object_component>
      <object_component id="oc-135">
         <name>.text:GPIOIntStatus</name>
         <load_address>0x1494</load_address>
         <run_address>0x1494</run_address>
         <size>0xe</size>
         <input_file_ref idref="fl-b"/>
      </object_component>
      <object_component id="oc-12">
         <name>.text:decompress:none</name>
         <load_address>0x14a2</load_address>
         <run_address>0x14a2</run_address>
         <size>0xe</size>
         <input_file_ref idref="fl-132"/>
      </object_component>
      <object_component id="oc-ed">
         <name>.text:GPIOIntEnable</name>
         <load_address>0x14b0</load_address>
         <run_address>0x14b0</run_address>
         <size>0xc</size>
         <input_file_ref idref="fl-b"/>
      </object_component>
      <object_component id="oc-123">
         <name>.text:PWMGenEnable</name>
         <load_address>0x14bc</load_address>
         <run_address>0x14bc</run_address>
         <size>0xc</size>
         <input_file_ref idref="fl-d"/>
      </object_component>
      <object_component id="oc-1e">
         <name>.text:decompress:ZI</name>
         <load_address>0x14c8</load_address>
         <run_address>0x14c8</run_address>
         <size>0xc</size>
         <input_file_ref idref="fl-134"/>
      </object_component>
      <object_component id="oc-2a">
         <name>.text</name>
         <load_address>0x14d4</load_address>
         <run_address>0x14d4</run_address>
         <size>0xc</size>
         <input_file_ref idref="fl-5"/>
      </object_component>
      <object_component id="oc-13b">
         <name>.text:GPIOIntClear</name>
         <load_address>0x14e0</load_address>
         <run_address>0x14e0</run_address>
         <size>0x6</size>
         <input_file_ref idref="fl-b"/>
      </object_component>
      <object_component id="oc-1b3">
         <name>.text:GPIOPinWrite</name>
         <load_address>0x14e6</load_address>
         <run_address>0x14e6</run_address>
         <size>0x6</size>
         <input_file_ref idref="fl-b"/>
      </object_component>
      <object_component id="oc-167">
         <name>.text:SysCtlDelay</name>
         <load_address>0x14ec</load_address>
         <run_address>0x14ec</run_address>
         <size>0x6</size>
         <input_file_ref idref="fl-e"/>
      </object_component>
      <object_component id="oc-18">
         <name>.text:decompress:rle24</name>
         <load_address>0x14f2</load_address>
         <run_address>0x14f2</run_address>
         <size>0x6</size>
         <input_file_ref idref="fl-133"/>
      </object_component>
      <object_component id="oc-58">
         <name>.text</name>
         <load_address>0x14f8</load_address>
         <run_address>0x14f8</run_address>
         <size>0x4</size>
         <input_file_ref idref="fl-13e"/>
      </object_component>
      <object_component id="oc-1d4">
         <name>.const:g_ppui32GPIOIntMapSnowflake</name>
         <load_address>0x14fc</load_address>
         <run_address>0x14fc</run_address>
         <size>0xd8</size>
         <input_file_ref idref="fl-b"/>
      </object_component>
      <object_component id="oc-1d1">
         <name>.const:g_ppui32GPIOIntMapBlizzard</name>
         <load_address>0x15d4</load_address>
         <run_address>0x15d4</run_address>
         <size>0xc0</size>
         <input_file_ref idref="fl-b"/>
      </object_component>
      <object_component id="oc-186">
         <name>.const:g_pui32GPIOBaseAddrs</name>
         <load_address>0x1694</load_address>
         <run_address>0x1694</run_address>
         <size>0x90</size>
         <input_file_ref idref="fl-b"/>
      </object_component>
      <object_component id="oc-1dd">
         <name>.const</name>
         <load_address>0x1724</load_address>
         <run_address>0x1724</run_address>
         <size>0x70</size>
         <input_file_ref idref="fl-c"/>
      </object_component>
      <object_component id="oc-18a">
         <name>.const:g_pui32Xtals</name>
         <load_address>0x1794</load_address>
         <run_address>0x1794</run_address>
         <size>0x6c</size>
         <input_file_ref idref="fl-e"/>
      </object_component>
      <object_component id="oc-21d">
         <name>.cinit..data.load</name>
         <load_address>0x1800</load_address>
         <run_address>0x1800</run_address>
         <size>0xf</size>
      </object_component>
      <object_component id="oc-21a">
         <name>__TI_handler_table</name>
         <load_address>0x1810</load_address>
         <run_address>0x1810</run_address>
         <size>0xc</size>
      </object_component>
      <object_component id="oc-21e">
         <name>.cinit..bss.load</name>
         <load_address>0x1820</load_address>
         <run_address>0x1820</run_address>
         <size>0x8</size>
      </object_component>
      <object_component id="oc-21c">
         <name>.cinit..vtable.load</name>
         <load_address>0x1828</load_address>
         <run_address>0x1828</run_address>
         <size>0x8</size>
      </object_component>
      <object_component id="oc-21b">
         <name>__TI_cinit_table</name>
         <load_address>0x1830</load_address>
         <run_address>0x1830</run_address>
         <size>0x18</size>
      </object_component>
      <object_component id="oc-1d8">
         <name>.vtable</name>
         <uninitialized>true</uninitialized>
         <run_address>0x20000000</run_address>
         <size>0x26c</size>
         <input_file_ref idref="fl-c"/>
      </object_component>
      <object_component id="oc-29">
         <name>.stack</name>
         <uninitialized>true</uninitialized>
         <run_address>0x2000026c</run_address>
         <size>0x0</size>
         <input_file_ref idref="fl-131"/>
      </object_component>
      <object_component id="oc-21f">
         <name>.stack</name>
         <uninitialized>true</uninitialized>
         <run_address>0x2000026c</run_address>
         <size>0x0</size>
      </object_component>
      <object_component id="oc-146">
         <name>.common:ui32Load</name>
         <uninitialized>true</uninitialized>
         <run_address>0x200005a4</run_address>
         <size>0x4</size>
      </object_component>
      <object_component id="oc-145">
         <name>.common:ui32PWMClock</name>
         <uninitialized>true</uninitialized>
         <run_address>0x200005a8</run_address>
         <size>0x4</size>
      </object_component>
      <object_component id="oc-141">
         <name>.common:ui8Adjust</name>
         <uninitialized>true</uninitialized>
         <run_address>0x200005ac</run_address>
         <size>0x1</size>
      </object_component>
      <object_component id="oc-144">
         <name>.common:ui8AdjustLeft</name>
         <uninitialized>true</uninitialized>
         <run_address>0x200005ad</run_address>
         <size>0x1</size>
      </object_component>
      <object_component id="oc-147">
         <name>.data</name>
         <load_address>0x2000059c</load_address>
         <run_address>0x2000059c</run_address>
         <size>0x4</size>
         <input_file_ref idref="fl-2"/>
      </object_component>
      <object_component id="oc-a8">
         <name>.data</name>
         <load_address>0x20000594</load_address>
         <run_address>0x20000594</run_address>
         <size>0x8</size>
         <input_file_ref idref="fl-135"/>
      </object_component>
      <object_component id="oc-70">
         <name>.data</name>
         <load_address>0x200005a0</load_address>
         <run_address>0x200005a0</run_address>
         <size>0x4</size>
         <input_file_ref idref="fl-13f"/>
      </object_component>
      <object_component id="oc-a5">
         <name>.data</name>
         <load_address>0x2000058c</load_address>
         <run_address>0x2000058c</run_address>
         <size>0x8</size>
         <input_file_ref idref="fl-141"/>
      </object_component>
      <object_component id="oc-142">
         <name>.debug_info</name>
         <load_address>0x0</load_address>
         <run_address>0x0</run_address>
         <size>0x5de</size>
         <input_file_ref idref="fl-2"/>
      </object_component>
      <object_component id="oc-148">
         <name>.debug_info</name>
         <load_address>0x5de</load_address>
         <run_address>0x5de</run_address>
         <size>0x13e</size>
         <input_file_ref idref="fl-2"/>
      </object_component>
      <object_component id="oc-9e">
         <name>.debug_info</name>
         <load_address>0x71c</load_address>
         <run_address>0x71c</run_address>
         <size>0x620</size>
         <input_file_ref idref="fl-2"/>
      </object_component>
      <object_component id="oc-b0">
         <name>.debug_info</name>
         <load_address>0xd3c</load_address>
         <run_address>0xd3c</run_address>
         <size>0x8b</size>
         <input_file_ref idref="fl-2"/>
      </object_component>
      <object_component id="oc-7c">
         <name>.debug_info</name>
         <load_address>0xdc7</load_address>
         <run_address>0xdc7</run_address>
         <size>0x18b</size>
         <input_file_ref idref="fl-2"/>
      </object_component>
      <object_component id="oc-131">
         <name>.debug_info</name>
         <load_address>0xf52</load_address>
         <run_address>0xf52</run_address>
         <size>0xae2</size>
         <input_file_ref idref="fl-3"/>
      </object_component>
      <object_component id="oc-12a">
         <name>.debug_info</name>
         <load_address>0x1a34</load_address>
         <run_address>0x1a34</run_address>
         <size>0x836</size>
         <input_file_ref idref="fl-4"/>
      </object_component>
      <object_component id="oc-77">
         <name>.debug_info</name>
         <load_address>0x226a</load_address>
         <run_address>0x226a</run_address>
         <size>0x84</size>
         <input_file_ref idref="fl-4"/>
      </object_component>
      <object_component id="oc-32">
         <name>.debug_info</name>
         <load_address>0x22ee</load_address>
         <run_address>0x22ee</run_address>
         <size>0x12f</size>
         <input_file_ref idref="fl-5"/>
      </object_component>
      <object_component id="oc-10">
         <name>.debug_info</name>
         <load_address>0x241d</load_address>
         <run_address>0x241d</run_address>
         <size>0x114</size>
         <input_file_ref idref="fl-5"/>
      </object_component>
      <object_component id="oc-2c">
         <name>.debug_info</name>
         <load_address>0x2531</load_address>
         <run_address>0x2531</run_address>
         <size>0x290</size>
         <input_file_ref idref="fl-5"/>
      </object_component>
      <object_component id="oc-16c">
         <name>.debug_info</name>
         <load_address>0x27c1</load_address>
         <run_address>0x27c1</run_address>
         <size>0x240</size>
         <input_file_ref idref="fl-b"/>
      </object_component>
      <object_component id="oc-1d2">
         <name>.debug_info</name>
         <load_address>0x2a01</load_address>
         <run_address>0x2a01</run_address>
         <size>0x167</size>
         <input_file_ref idref="fl-b"/>
      </object_component>
      <object_component id="oc-1d5">
         <name>.debug_info</name>
         <load_address>0x2b68</load_address>
         <run_address>0x2b68</run_address>
         <size>0x169</size>
         <input_file_ref idref="fl-b"/>
      </object_component>
      <object_component id="oc-187">
         <name>.debug_info</name>
         <load_address>0x2cd1</load_address>
         <run_address>0x2cd1</run_address>
         <size>0x15b</size>
         <input_file_ref idref="fl-b"/>
      </object_component>
      <object_component id="oc-1b4">
         <name>.debug_info</name>
         <load_address>0x2e2c</load_address>
         <run_address>0x2e2c</run_address>
         <size>0x2a3</size>
         <input_file_ref idref="fl-b"/>
      </object_component>
      <object_component id="oc-d6">
         <name>.debug_info</name>
         <load_address>0x30cf</load_address>
         <run_address>0x30cf</run_address>
         <size>0x2b3</size>
         <input_file_ref idref="fl-b"/>
      </object_component>
      <object_component id="oc-dc">
         <name>.debug_info</name>
         <load_address>0x3382</load_address>
         <run_address>0x3382</run_address>
         <size>0x316</size>
         <input_file_ref idref="fl-b"/>
      </object_component>
      <object_component id="oc-fa">
         <name>.debug_info</name>
         <load_address>0x3698</load_address>
         <run_address>0x3698</run_address>
         <size>0x279</size>
         <input_file_ref idref="fl-b"/>
      </object_component>
      <object_component id="oc-d0">
         <name>.debug_info</name>
         <load_address>0x3911</load_address>
         <run_address>0x3911</run_address>
         <size>0x2b7</size>
         <input_file_ref idref="fl-b"/>
      </object_component>
      <object_component id="oc-100">
         <name>.debug_info</name>
         <load_address>0x3bc8</load_address>
         <run_address>0x3bc8</run_address>
         <size>0x280</size>
         <input_file_ref idref="fl-b"/>
      </object_component>
      <object_component id="oc-170">
         <name>.debug_info</name>
         <load_address>0x3e48</load_address>
         <run_address>0x3e48</run_address>
         <size>0x298</size>
         <input_file_ref idref="fl-b"/>
      </object_component>
      <object_component id="oc-e8">
         <name>.debug_info</name>
         <load_address>0x40e0</load_address>
         <run_address>0x40e0</run_address>
         <size>0x2bb</size>
         <input_file_ref idref="fl-b"/>
      </object_component>
      <object_component id="oc-136">
         <name>.debug_info</name>
         <load_address>0x439b</load_address>
         <run_address>0x439b</run_address>
         <size>0x27f</size>
         <input_file_ref idref="fl-b"/>
      </object_component>
      <object_component id="oc-e2">
         <name>.debug_info</name>
         <load_address>0x461a</load_address>
         <run_address>0x461a</run_address>
         <size>0x2cf</size>
         <input_file_ref idref="fl-b"/>
      </object_component>
      <object_component id="oc-ee">
         <name>.debug_info</name>
         <load_address>0x48e9</load_address>
         <run_address>0x48e9</run_address>
         <size>0x28f</size>
         <input_file_ref idref="fl-b"/>
      </object_component>
      <object_component id="oc-13c">
         <name>.debug_info</name>
         <load_address>0x4b78</load_address>
         <run_address>0x4b78</run_address>
         <size>0x28d</size>
         <input_file_ref idref="fl-b"/>
      </object_component>
      <object_component id="oc-1dc">
         <name>.debug_info</name>
         <load_address>0x4e05</load_address>
         <run_address>0x4e05</run_address>
         <size>0x20e</size>
         <input_file_ref idref="fl-c"/>
      </object_component>
      <object_component id="oc-1de">
         <name>.debug_info</name>
         <load_address>0x5013</load_address>
         <run_address>0x5013</run_address>
         <size>0x210</size>
         <input_file_ref idref="fl-c"/>
      </object_component>
      <object_component id="oc-1d9">
         <name>.debug_info</name>
         <load_address>0x5223</load_address>
         <run_address>0x5223</run_address>
         <size>0x157</size>
         <input_file_ref idref="fl-c"/>
      </object_component>
      <object_component id="oc-176">
         <name>.debug_info</name>
         <load_address>0x537a</load_address>
         <run_address>0x537a</run_address>
         <size>0x2c1</size>
         <input_file_ref idref="fl-c"/>
      </object_component>
      <object_component id="oc-17d">
         <name>.debug_info</name>
         <load_address>0x563b</load_address>
         <run_address>0x563b</run_address>
         <size>0x268</size>
         <input_file_ref idref="fl-c"/>
      </object_component>
      <object_component id="oc-18f">
         <name>.debug_info</name>
         <load_address>0x58a3</load_address>
         <run_address>0x58a3</run_address>
         <size>0x1ed</size>
         <input_file_ref idref="fl-d"/>
      </object_component>
      <object_component id="oc-119">
         <name>.debug_info</name>
         <load_address>0x5a90</load_address>
         <run_address>0x5a90</run_address>
         <size>0x2f6</size>
         <input_file_ref idref="fl-d"/>
      </object_component>
      <object_component id="oc-11f">
         <name>.debug_info</name>
         <load_address>0x5d86</load_address>
         <run_address>0x5d86</run_address>
         <size>0x2c4</size>
         <input_file_ref idref="fl-d"/>
      </object_component>
      <object_component id="oc-112">
         <name>.debug_info</name>
         <load_address>0x604a</load_address>
         <run_address>0x604a</run_address>
         <size>0x2b6</size>
         <input_file_ref idref="fl-d"/>
      </object_component>
      <object_component id="oc-124">
         <name>.debug_info</name>
         <load_address>0x6300</load_address>
         <run_address>0x6300</run_address>
         <size>0x276</size>
         <input_file_ref idref="fl-d"/>
      </object_component>
      <object_component id="oc-10c">
         <name>.debug_info</name>
         <load_address>0x6576</load_address>
         <run_address>0x6576</run_address>
         <size>0x2b3</size>
         <input_file_ref idref="fl-d"/>
      </object_component>
      <object_component id="oc-169">
         <name>.debug_info</name>
         <load_address>0x6829</load_address>
         <run_address>0x6829</run_address>
         <size>0x298</size>
         <input_file_ref idref="fl-e"/>
      </object_component>
      <object_component id="oc-18b">
         <name>.debug_info</name>
         <load_address>0x6ac1</load_address>
         <run_address>0x6ac1</run_address>
         <size>0x14d</size>
         <input_file_ref idref="fl-e"/>
      </object_component>
      <object_component id="oc-cc">
         <name>.debug_info</name>
         <load_address>0x6c0e</load_address>
         <run_address>0x6c0e</run_address>
         <size>0x27d</size>
         <input_file_ref idref="fl-e"/>
      </object_component>
      <object_component id="oc-f6">
         <name>.debug_info</name>
         <load_address>0x6e8b</load_address>
         <run_address>0x6e8b</run_address>
         <size>0x263</size>
         <input_file_ref idref="fl-e"/>
      </object_component>
      <object_component id="oc-c7">
         <name>.debug_info</name>
         <load_address>0x70ee</load_address>
         <run_address>0x70ee</run_address>
         <size>0x2db</size>
         <input_file_ref idref="fl-e"/>
      </object_component>
      <object_component id="oc-109">
         <name>.debug_info</name>
         <load_address>0x73c9</load_address>
         <run_address>0x73c9</run_address>
         <size>0x2b5</size>
         <input_file_ref idref="fl-e"/>
      </object_component>
      <object_component id="oc-1ca">
         <name>.debug_info</name>
         <load_address>0x767e</load_address>
         <run_address>0x767e</run_address>
         <size>0x5f</size>
         <input_file_ref idref="fl-e"/>
      </object_component>
      <object_component id="oc-25">
         <name>.debug_info</name>
         <load_address>0x76dd</load_address>
         <run_address>0x76dd</run_address>
         <size>0x138</size>
         <input_file_ref idref="fl-131"/>
      </object_component>
      <object_component id="oc-3e">
         <name>.debug_info</name>
         <load_address>0x7815</load_address>
         <run_address>0x7815</run_address>
         <size>0x123</size>
         <input_file_ref idref="fl-132"/>
      </object_component>
      <object_component id="oc-13">
         <name>.debug_info</name>
         <load_address>0x7938</load_address>
         <run_address>0x7938</run_address>
         <size>0x1c2</size>
         <input_file_ref idref="fl-132"/>
      </object_component>
      <object_component id="oc-39">
         <name>.debug_info</name>
         <load_address>0x7afa</load_address>
         <run_address>0x7afa</run_address>
         <size>0x46</size>
         <input_file_ref idref="fl-132"/>
      </object_component>
      <object_component id="oc-82">
         <name>.debug_info</name>
         <load_address>0x7b40</load_address>
         <run_address>0x7b40</run_address>
         <size>0x2c</size>
         <input_file_ref idref="fl-132"/>
      </object_component>
      <object_component id="oc-46">
         <name>.debug_info</name>
         <load_address>0x7b6c</load_address>
         <run_address>0x7b6c</run_address>
         <size>0x117</size>
         <input_file_ref idref="fl-133"/>
      </object_component>
      <object_component id="oc-41">
         <name>.debug_info</name>
         <load_address>0x7c83</load_address>
         <run_address>0x7c83</run_address>
         <size>0x22a</size>
         <input_file_ref idref="fl-133"/>
      </object_component>
      <object_component id="oc-1b">
         <name>.debug_info</name>
         <load_address>0x7ead</load_address>
         <run_address>0x7ead</run_address>
         <size>0x1bc</size>
         <input_file_ref idref="fl-133"/>
      </object_component>
      <object_component id="oc-47">
         <name>.debug_info</name>
         <load_address>0x8069</load_address>
         <run_address>0x8069</run_address>
         <size>0x39</size>
         <input_file_ref idref="fl-133"/>
      </object_component>
      <object_component id="oc-8c">
         <name>.debug_info</name>
         <load_address>0x80a2</load_address>
         <run_address>0x80a2</run_address>
         <size>0x2c</size>
         <input_file_ref idref="fl-133"/>
      </object_component>
      <object_component id="oc-57">
         <name>.debug_info</name>
         <load_address>0x80ce</load_address>
         <run_address>0x80ce</run_address>
         <size>0x112</size>
         <input_file_ref idref="fl-134"/>
      </object_component>
      <object_component id="oc-1f">
         <name>.debug_info</name>
         <load_address>0x81e0</load_address>
         <run_address>0x81e0</run_address>
         <size>0x18d</size>
         <input_file_ref idref="fl-134"/>
      </object_component>
      <object_component id="oc-52">
         <name>.debug_info</name>
         <load_address>0x836d</load_address>
         <run_address>0x836d</run_address>
         <size>0x46</size>
         <input_file_ref idref="fl-134"/>
      </object_component>
      <object_component id="oc-ac">
         <name>.debug_info</name>
         <load_address>0x83b3</load_address>
         <run_address>0x83b3</run_address>
         <size>0x174</size>
         <input_file_ref idref="fl-135"/>
      </object_component>
      <object_component id="oc-a9">
         <name>.debug_info</name>
         <load_address>0x8527</load_address>
         <run_address>0x8527</run_address>
         <size>0x119</size>
         <input_file_ref idref="fl-135"/>
      </object_component>
      <object_component id="oc-6e">
         <name>.debug_info</name>
         <load_address>0x8640</load_address>
         <run_address>0x8640</run_address>
         <size>0x1f0</size>
         <input_file_ref idref="fl-135"/>
      </object_component>
      <object_component id="oc-1ba">
         <name>.debug_info</name>
         <load_address>0x8830</load_address>
         <run_address>0x8830</run_address>
         <size>0x11b</size>
         <input_file_ref idref="fl-136"/>
      </object_component>
      <object_component id="oc-19a">
         <name>.debug_info</name>
         <load_address>0x894b</load_address>
         <run_address>0x894b</run_address>
         <size>0x11b</size>
         <input_file_ref idref="fl-137"/>
      </object_component>
      <object_component id="oc-1ae">
         <name>.debug_info</name>
         <load_address>0x8a66</load_address>
         <run_address>0x8a66</run_address>
         <size>0x116</size>
         <input_file_ref idref="fl-138"/>
      </object_component>
      <object_component id="oc-1a5">
         <name>.debug_info</name>
         <load_address>0x8b7c</load_address>
         <run_address>0x8b7c</run_address>
         <size>0x11a</size>
         <input_file_ref idref="fl-139"/>
      </object_component>
      <object_component id="oc-1ab">
         <name>.debug_info</name>
         <load_address>0x8c96</load_address>
         <run_address>0x8c96</run_address>
         <size>0x10d</size>
         <input_file_ref idref="fl-13a"/>
      </object_component>
      <object_component id="oc-197">
         <name>.debug_info</name>
         <load_address>0x8da3</load_address>
         <run_address>0x8da3</run_address>
         <size>0x10d</size>
         <input_file_ref idref="fl-13b"/>
      </object_component>
      <object_component id="oc-35">
         <name>.debug_info</name>
         <load_address>0x8eb0</load_address>
         <run_address>0x8eb0</run_address>
         <size>0xfa</size>
         <input_file_ref idref="fl-13c"/>
      </object_component>
      <object_component id="oc-4f">
         <name>.debug_info</name>
         <load_address>0x8faa</load_address>
         <run_address>0x8faa</run_address>
         <size>0x12a</size>
         <input_file_ref idref="fl-13d"/>
      </object_component>
      <object_component id="oc-5c">
         <name>.debug_info</name>
         <load_address>0x90d4</load_address>
         <run_address>0x90d4</run_address>
         <size>0x12b</size>
         <input_file_ref idref="fl-13e"/>
      </object_component>
      <object_component id="oc-71">
         <name>.debug_info</name>
         <load_address>0x91ff</load_address>
         <run_address>0x91ff</run_address>
         <size>0xec</size>
         <input_file_ref idref="fl-13f"/>
      </object_component>
      <object_component id="oc-1a0">
         <name>.debug_info</name>
         <load_address>0x92eb</load_address>
         <run_address>0x92eb</run_address>
         <size>0x10f</size>
         <input_file_ref idref="fl-140"/>
      </object_component>
      <object_component id="oc-15a">
         <name>.debug_info</name>
         <load_address>0x93fa</load_address>
         <run_address>0x93fa</run_address>
         <size>0x107</size>
         <input_file_ref idref="fl-141"/>
      </object_component>
      <object_component id="oc-a6">
         <name>.debug_info</name>
         <load_address>0x9501</load_address>
         <run_address>0x9501</run_address>
         <size>0xf6</size>
         <input_file_ref idref="fl-141"/>
      </object_component>
      <object_component id="oc-153">
         <name>.debug_info</name>
         <load_address>0x95f7</load_address>
         <run_address>0x95f7</run_address>
         <size>0x202</size>
         <input_file_ref idref="fl-141"/>
      </object_component>
      <object_component id="oc-a4">
         <name>.debug_info</name>
         <load_address>0x97f9</load_address>
         <run_address>0x97f9</run_address>
         <size>0x149</size>
         <input_file_ref idref="fl-142"/>
      </object_component>
      <object_component id="oc-66">
         <name>.debug_info</name>
         <load_address>0x9942</load_address>
         <run_address>0x9942</run_address>
         <size>0x14a</size>
         <input_file_ref idref="fl-142"/>
      </object_component>
      <object_component id="oc-14d">
         <name>.debug_info</name>
         <load_address>0x9a8c</load_address>
         <run_address>0x9a8c</run_address>
         <size>0x5e</size>
         <input_file_ref idref="fl-142"/>
      </object_component>
      <object_component id="oc-9c">
         <name>.debug_info</name>
         <load_address>0x9aea</load_address>
         <run_address>0x9aea</run_address>
         <size>0x2a0</size>
         <input_file_ref idref="fl-143"/>
      </object_component>
      <object_component id="oc-61">
         <name>.debug_info</name>
         <load_address>0x9d8a</load_address>
         <run_address>0x9d8a</run_address>
         <size>0x15a</size>
         <input_file_ref idref="fl-143"/>
      </object_component>
      <object_component id="oc-b9">
         <name>.debug_info</name>
         <load_address>0x9ee4</load_address>
         <run_address>0x9ee4</run_address>
         <size>0x39</size>
         <input_file_ref idref="fl-143"/>
      </object_component>
      <object_component id="oc-be">
         <name>.debug_info</name>
         <load_address>0x9f1d</load_address>
         <run_address>0x9f1d</run_address>
         <size>0xcd</size>
         <input_file_ref idref="fl-143"/>
      </object_component>
      <object_component id="oc-b6">
         <name>.debug_info</name>
         <load_address>0x9fea</load_address>
         <run_address>0x9fea</run_address>
         <size>0x1c3</size>
         <input_file_ref idref="fl-144"/>
      </object_component>
      <object_component id="oc-96">
         <name>.debug_info</name>
         <load_address>0xa1ad</load_address>
         <run_address>0xa1ad</run_address>
         <size>0x17f</size>
         <input_file_ref idref="fl-144"/>
      </object_component>
      <object_component id="oc-162">
         <name>.debug_info</name>
         <load_address>0xa32c</load_address>
         <run_address>0xa32c</run_address>
         <size>0x2c</size>
         <input_file_ref idref="fl-144"/>
      </object_component>
      <object_component id="oc-220">
         <name>.debug_info</name>
         <load_address>0xa358</load_address>
         <run_address>0xa358</run_address>
         <size>0xce</size>
      </object_component>
      <object_component id="oc-1c2">
         <name>.debug_line</name>
         <load_address>0x0</load_address>
         <run_address>0x0</run_address>
         <size>0x1a6</size>
         <input_file_ref idref="fl-2"/>
      </object_component>
      <object_component id="oc-1c4">
         <name>.debug_line</name>
         <load_address>0x1a6</load_address>
         <run_address>0x1a6</run_address>
         <size>0x2d</size>
         <input_file_ref idref="fl-2"/>
      </object_component>
      <object_component id="oc-a2">
         <name>.debug_line</name>
         <load_address>0x1d3</load_address>
         <run_address>0x1d3</run_address>
         <size>0x1e6</size>
         <input_file_ref idref="fl-2"/>
      </object_component>
      <object_component id="oc-b3">
         <name>.debug_line</name>
         <load_address>0x3b9</load_address>
         <run_address>0x3b9</run_address>
         <size>0x20</size>
         <input_file_ref idref="fl-2"/>
      </object_component>
      <object_component id="oc-7f">
         <name>.debug_line</name>
         <load_address>0x3d9</load_address>
         <run_address>0x3d9</run_address>
         <size>0x60</size>
         <input_file_ref idref="fl-2"/>
      </object_component>
      <object_component id="oc-130">
         <name>.debug_line</name>
         <load_address>0x439</load_address>
         <run_address>0x439</run_address>
         <size>0x162</size>
         <input_file_ref idref="fl-3"/>
      </object_component>
      <object_component id="oc-12e">
         <name>.debug_line</name>
         <load_address>0x59b</load_address>
         <run_address>0x59b</run_address>
         <size>0xed</size>
         <input_file_ref idref="fl-4"/>
      </object_component>
      <object_component id="oc-7a">
         <name>.debug_line</name>
         <load_address>0x688</load_address>
         <run_address>0x688</run_address>
         <size>0x20</size>
         <input_file_ref idref="fl-4"/>
      </object_component>
      <object_component id="oc-76">
         <name>.debug_line</name>
         <load_address>0x6a8</load_address>
         <run_address>0x6a8</run_address>
         <size>0x41</size>
         <input_file_ref idref="fl-5"/>
      </object_component>
      <object_component id="oc-31">
         <name>.debug_line</name>
         <load_address>0x6e9</load_address>
         <run_address>0x6e9</run_address>
         <size>0x41</size>
         <input_file_ref idref="fl-5"/>
      </object_component>
      <object_component id="oc-2b">
         <name>.debug_line</name>
         <load_address>0x72a</load_address>
         <run_address>0x72a</run_address>
         <size>0xa1</size>
         <input_file_ref idref="fl-5"/>
      </object_component>
      <object_component id="oc-1d0">
         <name>.debug_line</name>
         <load_address>0x7cb</load_address>
         <run_address>0x7cb</run_address>
         <size>0x82</size>
         <input_file_ref idref="fl-b"/>
      </object_component>
      <object_component id="oc-1f0">
         <name>.debug_line</name>
         <load_address>0x84d</load_address>
         <run_address>0x84d</run_address>
         <size>0x7d</size>
         <input_file_ref idref="fl-b"/>
      </object_component>
      <object_component id="oc-1f2">
         <name>.debug_line</name>
         <load_address>0x8ca</load_address>
         <run_address>0x8ca</run_address>
         <size>0x7d</size>
         <input_file_ref idref="fl-b"/>
      </object_component>
      <object_component id="oc-1e2">
         <name>.debug_line</name>
         <load_address>0x947</load_address>
         <run_address>0x947</run_address>
         <size>0x7d</size>
         <input_file_ref idref="fl-b"/>
      </object_component>
      <object_component id="oc-1b7">
         <name>.debug_line</name>
         <load_address>0x9c4</load_address>
         <run_address>0x9c4</run_address>
         <size>0x92</size>
         <input_file_ref idref="fl-b"/>
      </object_component>
      <object_component id="oc-d9">
         <name>.debug_line</name>
         <load_address>0xa56</load_address>
         <run_address>0xa56</run_address>
         <size>0x95</size>
         <input_file_ref idref="fl-b"/>
      </object_component>
      <object_component id="oc-df">
         <name>.debug_line</name>
         <load_address>0xaeb</load_address>
         <run_address>0xaeb</run_address>
         <size>0xd1</size>
         <input_file_ref idref="fl-b"/>
      </object_component>
      <object_component id="oc-fd">
         <name>.debug_line</name>
         <load_address>0xbbc</load_address>
         <run_address>0xbbc</run_address>
         <size>0x93</size>
         <input_file_ref idref="fl-b"/>
      </object_component>
      <object_component id="oc-d3">
         <name>.debug_line</name>
         <load_address>0xc4f</load_address>
         <run_address>0xc4f</run_address>
         <size>0x99</size>
         <input_file_ref idref="fl-b"/>
      </object_component>
      <object_component id="oc-103">
         <name>.debug_line</name>
         <load_address>0xce8</load_address>
         <run_address>0xce8</run_address>
         <size>0xa7</size>
         <input_file_ref idref="fl-b"/>
      </object_component>
      <object_component id="oc-173">
         <name>.debug_line</name>
         <load_address>0xd8f</load_address>
         <run_address>0xd8f</run_address>
         <size>0xa6</size>
         <input_file_ref idref="fl-b"/>
      </object_component>
      <object_component id="oc-eb">
         <name>.debug_line</name>
         <load_address>0xe35</load_address>
         <run_address>0xe35</run_address>
         <size>0x99</size>
         <input_file_ref idref="fl-b"/>
      </object_component>
      <object_component id="oc-139">
         <name>.debug_line</name>
         <load_address>0xece</load_address>
         <run_address>0xece</run_address>
         <size>0x92</size>
         <input_file_ref idref="fl-b"/>
      </object_component>
      <object_component id="oc-e5">
         <name>.debug_line</name>
         <load_address>0xf60</load_address>
         <run_address>0xf60</run_address>
         <size>0x99</size>
         <input_file_ref idref="fl-b"/>
      </object_component>
      <object_component id="oc-f1">
         <name>.debug_line</name>
         <load_address>0xff9</load_address>
         <run_address>0xff9</run_address>
         <size>0x92</size>
         <input_file_ref idref="fl-b"/>
      </object_component>
      <object_component id="oc-13f">
         <name>.debug_line</name>
         <load_address>0x108b</load_address>
         <run_address>0x108b</run_address>
         <size>0x92</size>
         <input_file_ref idref="fl-b"/>
      </object_component>
      <object_component id="oc-1f6">
         <name>.debug_line</name>
         <load_address>0x111d</load_address>
         <run_address>0x111d</run_address>
         <size>0x7c</size>
         <input_file_ref idref="fl-c"/>
      </object_component>
      <object_component id="oc-1f8">
         <name>.debug_line</name>
         <load_address>0x1199</load_address>
         <run_address>0x1199</run_address>
         <size>0x82</size>
         <input_file_ref idref="fl-c"/>
      </object_component>
      <object_component id="oc-1f4">
         <name>.debug_line</name>
         <load_address>0x121b</load_address>
         <run_address>0x121b</run_address>
         <size>0x82</size>
         <input_file_ref idref="fl-c"/>
      </object_component>
      <object_component id="oc-179">
         <name>.debug_line</name>
         <load_address>0x129d</load_address>
         <run_address>0x129d</run_address>
         <size>0xaf</size>
         <input_file_ref idref="fl-c"/>
      </object_component>
      <object_component id="oc-17f">
         <name>.debug_line</name>
         <load_address>0x134c</load_address>
         <run_address>0x134c</run_address>
         <size>0xc2</size>
         <input_file_ref idref="fl-c"/>
      </object_component>
      <object_component id="oc-1e6">
         <name>.debug_line</name>
         <load_address>0x140e</load_address>
         <run_address>0x140e</run_address>
         <size>0x82</size>
         <input_file_ref idref="fl-d"/>
      </object_component>
      <object_component id="oc-118">
         <name>.debug_line</name>
         <load_address>0x1490</load_address>
         <run_address>0x1490</run_address>
         <size>0x9e</size>
         <input_file_ref idref="fl-d"/>
      </object_component>
      <object_component id="oc-11e">
         <name>.debug_line</name>
         <load_address>0x152e</load_address>
         <run_address>0x152e</run_address>
         <size>0x95</size>
         <input_file_ref idref="fl-d"/>
      </object_component>
      <object_component id="oc-116">
         <name>.debug_line</name>
         <load_address>0x15c3</load_address>
         <run_address>0x15c3</run_address>
         <size>0x96</size>
         <input_file_ref idref="fl-d"/>
      </object_component>
      <object_component id="oc-128">
         <name>.debug_line</name>
         <load_address>0x1659</load_address>
         <run_address>0x1659</run_address>
         <size>0x91</size>
         <input_file_ref idref="fl-d"/>
      </object_component>
      <object_component id="oc-110">
         <name>.debug_line</name>
         <load_address>0x16ea</load_address>
         <run_address>0x16ea</run_address>
         <size>0x9b</size>
         <input_file_ref idref="fl-d"/>
      </object_component>
      <object_component id="oc-1c9">
         <name>.debug_line</name>
         <load_address>0x1785</load_address>
         <run_address>0x1785</run_address>
         <size>0x13d</size>
         <input_file_ref idref="fl-e"/>
      </object_component>
      <object_component id="oc-1e4">
         <name>.debug_line</name>
         <load_address>0x18c2</load_address>
         <run_address>0x18c2</run_address>
         <size>0x7f</size>
         <input_file_ref idref="fl-e"/>
      </object_component>
      <object_component id="oc-ce">
         <name>.debug_line</name>
         <load_address>0x1941</load_address>
         <run_address>0x1941</run_address>
         <size>0x94</size>
         <input_file_ref idref="fl-e"/>
      </object_component>
      <object_component id="oc-f8">
         <name>.debug_line</name>
         <load_address>0x19d5</load_address>
         <run_address>0x19d5</run_address>
         <size>0x94</size>
         <input_file_ref idref="fl-e"/>
      </object_component>
      <object_component id="oc-c5">
         <name>.debug_line</name>
         <load_address>0x1a69</load_address>
         <run_address>0x1a69</run_address>
         <size>0xee</size>
         <input_file_ref idref="fl-e"/>
      </object_component>
      <object_component id="oc-107">
         <name>.debug_line</name>
         <load_address>0x1b57</load_address>
         <run_address>0x1b57</run_address>
         <size>0x11a</size>
         <input_file_ref idref="fl-e"/>
      </object_component>
      <object_component id="oc-1cd">
         <name>.debug_line</name>
         <load_address>0x1c71</load_address>
         <run_address>0x1c71</run_address>
         <size>0x7f</size>
         <input_file_ref idref="fl-e"/>
      </object_component>
      <object_component id="oc-28">
         <name>.debug_line</name>
         <load_address>0x1cf0</load_address>
         <run_address>0x1cf0</run_address>
         <size>0x52</size>
         <input_file_ref idref="fl-131"/>
      </object_component>
      <object_component id="oc-88">
         <name>.debug_line</name>
         <load_address>0x1d42</load_address>
         <run_address>0x1d42</run_address>
         <size>0x72</size>
         <input_file_ref idref="fl-132"/>
      </object_component>
      <object_component id="oc-17">
         <name>.debug_line</name>
         <load_address>0x1db4</load_address>
         <run_address>0x1db4</run_address>
         <size>0x55</size>
         <input_file_ref idref="fl-132"/>
      </object_component>
      <object_component id="oc-3c">
         <name>.debug_line</name>
         <load_address>0x1e09</load_address>
         <run_address>0x1e09</run_address>
         <size>0x3a</size>
         <input_file_ref idref="fl-132"/>
      </object_component>
      <object_component id="oc-85">
         <name>.debug_line</name>
         <load_address>0x1e43</load_address>
         <run_address>0x1e43</run_address>
         <size>0x72</size>
         <input_file_ref idref="fl-132"/>
      </object_component>
      <object_component id="oc-8b">
         <name>.debug_line</name>
         <load_address>0x1eb5</load_address>
         <run_address>0x1eb5</run_address>
         <size>0x72</size>
         <input_file_ref idref="fl-133"/>
      </object_component>
      <object_component id="oc-44">
         <name>.debug_line</name>
         <load_address>0x1f27</load_address>
         <run_address>0x1f27</run_address>
         <size>0x98</size>
         <input_file_ref idref="fl-133"/>
      </object_component>
      <object_component id="oc-1a">
         <name>.debug_line</name>
         <load_address>0x1fbf</load_address>
         <run_address>0x1fbf</run_address>
         <size>0x4b</size>
         <input_file_ref idref="fl-133"/>
      </object_component>
      <object_component id="oc-4a">
         <name>.debug_line</name>
         <load_address>0x200a</load_address>
         <run_address>0x200a</run_address>
         <size>0x39</size>
         <input_file_ref idref="fl-133"/>
      </object_component>
      <object_component id="oc-8f">
         <name>.debug_line</name>
         <load_address>0x2043</load_address>
         <run_address>0x2043</run_address>
         <size>0x72</size>
         <input_file_ref idref="fl-133"/>
      </object_component>
      <object_component id="oc-93">
         <name>.debug_line</name>
         <load_address>0x20b5</load_address>
         <run_address>0x20b5</run_address>
         <size>0x72</size>
         <input_file_ref idref="fl-134"/>
      </object_component>
      <object_component id="oc-22">
         <name>.debug_line</name>
         <load_address>0x2127</load_address>
         <run_address>0x2127</run_address>
         <size>0x4f</size>
         <input_file_ref idref="fl-134"/>
      </object_component>
      <object_component id="oc-55">
         <name>.debug_line</name>
         <load_address>0x2176</load_address>
         <run_address>0x2176</run_address>
         <size>0x34</size>
         <input_file_ref idref="fl-134"/>
      </object_component>
      <object_component id="oc-15f">
         <name>.debug_line</name>
         <load_address>0x21aa</load_address>
         <run_address>0x21aa</run_address>
         <size>0x71</size>
         <input_file_ref idref="fl-135"/>
      </object_component>
      <object_component id="oc-15d">
         <name>.debug_line</name>
         <load_address>0x221b</load_address>
         <run_address>0x221b</run_address>
         <size>0x2a</size>
         <input_file_ref idref="fl-135"/>
      </object_component>
      <object_component id="oc-6b">
         <name>.debug_line</name>
         <load_address>0x2245</load_address>
         <run_address>0x2245</run_address>
         <size>0x7a</size>
         <input_file_ref idref="fl-135"/>
      </object_component>
      <object_component id="oc-1bd">
         <name>.debug_line</name>
         <load_address>0x22bf</load_address>
         <run_address>0x22bf</run_address>
         <size>0xa8</size>
         <input_file_ref idref="fl-136"/>
      </object_component>
      <object_component id="oc-19d">
         <name>.debug_line</name>
         <load_address>0x2367</load_address>
         <run_address>0x2367</run_address>
         <size>0x8e</size>
         <input_file_ref idref="fl-137"/>
      </object_component>
      <object_component id="oc-1b1">
         <name>.debug_line</name>
         <load_address>0x23f5</load_address>
         <run_address>0x23f5</run_address>
         <size>0x58</size>
         <input_file_ref idref="fl-138"/>
      </object_component>
      <object_component id="oc-1a4">
         <name>.debug_line</name>
         <load_address>0x244d</load_address>
         <run_address>0x244d</run_address>
         <size>0x59</size>
         <input_file_ref idref="fl-139"/>
      </object_component>
      <object_component id="oc-1a9">
         <name>.debug_line</name>
         <load_address>0x24a6</load_address>
         <run_address>0x24a6</run_address>
         <size>0x56</size>
         <input_file_ref idref="fl-13a"/>
      </object_component>
      <object_component id="oc-196">
         <name>.debug_line</name>
         <load_address>0x24fc</load_address>
         <run_address>0x24fc</run_address>
         <size>0x50</size>
         <input_file_ref idref="fl-13b"/>
      </object_component>
      <object_component id="oc-34">
         <name>.debug_line</name>
         <load_address>0x254c</load_address>
         <run_address>0x254c</run_address>
         <size>0x88</size>
         <input_file_ref idref="fl-13c"/>
      </object_component>
      <object_component id="oc-4e">
         <name>.debug_line</name>
         <load_address>0x25d4</load_address>
         <run_address>0x25d4</run_address>
         <size>0x79</size>
         <input_file_ref idref="fl-13d"/>
      </object_component>
      <object_component id="oc-5b">
         <name>.debug_line</name>
         <load_address>0x264d</load_address>
         <run_address>0x264d</run_address>
         <size>0x40</size>
         <input_file_ref idref="fl-13e"/>
      </object_component>
      <object_component id="oc-af">
         <name>.debug_line</name>
         <load_address>0x268d</load_address>
         <run_address>0x268d</run_address>
         <size>0x33</size>
         <input_file_ref idref="fl-13f"/>
      </object_component>
      <object_component id="oc-1a2">
         <name>.debug_line</name>
         <load_address>0x26c0</load_address>
         <run_address>0x26c0</run_address>
         <size>0x4c</size>
         <input_file_ref idref="fl-140"/>
      </object_component>
      <object_component id="oc-1c7">
         <name>.debug_line</name>
         <load_address>0x270c</load_address>
         <run_address>0x270c</run_address>
         <size>0x20</size>
         <input_file_ref idref="fl-141"/>
      </object_component>
      <object_component id="oc-159">
         <name>.debug_line</name>
         <load_address>0x272c</load_address>
         <run_address>0x272c</run_address>
         <size>0x2b</size>
         <input_file_ref idref="fl-141"/>
      </object_component>
      <object_component id="oc-156">
         <name>.debug_line</name>
         <load_address>0x2757</load_address>
         <run_address>0x2757</run_address>
         <size>0x68</size>
         <input_file_ref idref="fl-141"/>
      </object_component>
      <object_component id="oc-14c">
         <name>.debug_line</name>
         <load_address>0x27bf</load_address>
         <run_address>0x27bf</run_address>
         <size>0x2b</size>
         <input_file_ref idref="fl-142"/>
      </object_component>
      <object_component id="oc-69">
         <name>.debug_line</name>
         <load_address>0x27ea</load_address>
         <run_address>0x27ea</run_address>
         <size>0x50</size>
         <input_file_ref idref="fl-142"/>
      </object_component>
      <object_component id="oc-150">
         <name>.debug_line</name>
         <load_address>0x283a</load_address>
         <run_address>0x283a</run_address>
         <size>0x2b</size>
         <input_file_ref idref="fl-142"/>
      </object_component>
      <object_component id="oc-b8">
         <name>.debug_line</name>
         <load_address>0x2865</load_address>
         <run_address>0x2865</run_address>
         <size>0x81</size>
         <input_file_ref idref="fl-143"/>
      </object_component>
      <object_component id="oc-60">
         <name>.debug_line</name>
         <load_address>0x28e6</load_address>
         <run_address>0x28e6</run_address>
         <size>0x79</size>
         <input_file_ref idref="fl-143"/>
      </object_component>
      <object_component id="oc-bc">
         <name>.debug_line</name>
         <load_address>0x295f</load_address>
         <run_address>0x295f</run_address>
         <size>0x2e</size>
         <input_file_ref idref="fl-143"/>
      </object_component>
      <object_component id="oc-c1">
         <name>.debug_line</name>
         <load_address>0x298d</load_address>
         <run_address>0x298d</run_address>
         <size>0x73</size>
         <input_file_ref idref="fl-143"/>
      </object_component>
      <object_component id="oc-161">
         <name>.debug_line</name>
         <load_address>0x2a00</load_address>
         <run_address>0x2a00</run_address>
         <size>0x80</size>
         <input_file_ref idref="fl-144"/>
      </object_component>
      <object_component id="oc-9a">
         <name>.debug_line</name>
         <load_address>0x2a80</load_address>
         <run_address>0x2a80</run_address>
         <size>0x68</size>
         <input_file_ref idref="fl-144"/>
      </object_component>
      <object_component id="oc-165">
         <name>.debug_line</name>
         <load_address>0x2ae8</load_address>
         <run_address>0x2ae8</run_address>
         <size>0x2e</size>
         <input_file_ref idref="fl-144"/>
      </object_component>
      <object_component id="oc-a1">
         <name>.debug_frame</name>
         <load_address>0x0</load_address>
         <run_address>0x0</run_address>
         <size>0xe7</size>
         <input_file_ref idref="fl-2"/>
      </object_component>
      <object_component id="oc-134">
         <name>.debug_frame</name>
         <load_address>0xe7</load_address>
         <run_address>0xe7</run_address>
         <size>0xf6</size>
         <input_file_ref idref="fl-3"/>
      </object_component>
      <object_component id="oc-12d">
         <name>.debug_frame</name>
         <load_address>0x1dd</load_address>
         <run_address>0x1dd</run_address>
         <size>0xde</size>
         <input_file_ref idref="fl-4"/>
      </object_component>
      <object_component id="oc-2f">
         <name>.debug_frame</name>
         <load_address>0x2bb</load_address>
         <run_address>0x2bb</run_address>
         <size>0xb2</size>
         <input_file_ref idref="fl-5"/>
      </object_component>
      <object_component id="oc-1b8">
         <name>.debug_frame</name>
         <load_address>0x36d</load_address>
         <run_address>0x36d</run_address>
         <size>0x7f</size>
         <input_file_ref idref="fl-b"/>
      </object_component>
      <object_component id="oc-da">
         <name>.debug_frame</name>
         <load_address>0x3ec</load_address>
         <run_address>0x3ec</run_address>
         <size>0x7f</size>
         <input_file_ref idref="fl-b"/>
      </object_component>
      <object_component id="oc-e0">
         <name>.debug_frame</name>
         <load_address>0x46b</load_address>
         <run_address>0x46b</run_address>
         <size>0x8f</size>
         <input_file_ref idref="fl-b"/>
      </object_component>
      <object_component id="oc-fe">
         <name>.debug_frame</name>
         <load_address>0x4fa</load_address>
         <run_address>0x4fa</run_address>
         <size>0x86</size>
         <input_file_ref idref="fl-b"/>
      </object_component>
      <object_component id="oc-d4">
         <name>.debug_frame</name>
         <load_address>0x580</load_address>
         <run_address>0x580</run_address>
         <size>0x8a</size>
         <input_file_ref idref="fl-b"/>
      </object_component>
      <object_component id="oc-104">
         <name>.debug_frame</name>
         <load_address>0x60a</load_address>
         <run_address>0x60a</run_address>
         <size>0x86</size>
         <input_file_ref idref="fl-b"/>
      </object_component>
      <object_component id="oc-174">
         <name>.debug_frame</name>
         <load_address>0x690</load_address>
         <run_address>0x690</run_address>
         <size>0x7f</size>
         <input_file_ref idref="fl-b"/>
      </object_component>
      <object_component id="oc-ec">
         <name>.debug_frame</name>
         <load_address>0x70f</load_address>
         <run_address>0x70f</run_address>
         <size>0x7f</size>
         <input_file_ref idref="fl-b"/>
      </object_component>
      <object_component id="oc-13a">
         <name>.debug_frame</name>
         <load_address>0x78e</load_address>
         <run_address>0x78e</run_address>
         <size>0x7f</size>
         <input_file_ref idref="fl-b"/>
      </object_component>
      <object_component id="oc-e6">
         <name>.debug_frame</name>
         <load_address>0x80d</load_address>
         <run_address>0x80d</run_address>
         <size>0x8a</size>
         <input_file_ref idref="fl-b"/>
      </object_component>
      <object_component id="oc-f2">
         <name>.debug_frame</name>
         <load_address>0x897</load_address>
         <run_address>0x897</run_address>
         <size>0x7f</size>
         <input_file_ref idref="fl-b"/>
      </object_component>
      <object_component id="oc-140">
         <name>.debug_frame</name>
         <load_address>0x916</load_address>
         <run_address>0x916</run_address>
         <size>0x7f</size>
         <input_file_ref idref="fl-b"/>
      </object_component>
      <object_component id="oc-17a">
         <name>.debug_frame</name>
         <load_address>0x995</load_address>
         <run_address>0x995</run_address>
         <size>0x8e</size>
         <input_file_ref idref="fl-c"/>
      </object_component>
      <object_component id="oc-180">
         <name>.debug_frame</name>
         <load_address>0xa23</load_address>
         <run_address>0xa23</run_address>
         <size>0x7f</size>
         <input_file_ref idref="fl-c"/>
      </object_component>
      <object_component id="oc-11c">
         <name>.debug_frame</name>
         <load_address>0xaa2</load_address>
         <run_address>0xaa2</run_address>
         <size>0x7f</size>
         <input_file_ref idref="fl-d"/>
      </object_component>
      <object_component id="oc-122">
         <name>.debug_frame</name>
         <load_address>0xb21</load_address>
         <run_address>0xb21</run_address>
         <size>0x7f</size>
         <input_file_ref idref="fl-d"/>
      </object_component>
      <object_component id="oc-115">
         <name>.debug_frame</name>
         <load_address>0xba0</load_address>
         <run_address>0xba0</run_address>
         <size>0x7f</size>
         <input_file_ref idref="fl-d"/>
      </object_component>
      <object_component id="oc-127">
         <name>.debug_frame</name>
         <load_address>0xc1f</load_address>
         <run_address>0xc1f</run_address>
         <size>0x7f</size>
         <input_file_ref idref="fl-d"/>
      </object_component>
      <object_component id="oc-10f">
         <name>.debug_frame</name>
         <load_address>0xc9e</load_address>
         <run_address>0xc9e</run_address>
         <size>0x7f</size>
         <input_file_ref idref="fl-d"/>
      </object_component>
      <object_component id="oc-ca">
         <name>.debug_frame</name>
         <load_address>0xd1d</load_address>
         <run_address>0xd1d</run_address>
         <size>0x7f</size>
         <input_file_ref idref="fl-e"/>
      </object_component>
      <object_component id="oc-f4">
         <name>.debug_frame</name>
         <load_address>0xd9c</load_address>
         <run_address>0xd9c</run_address>
         <size>0x7f</size>
         <input_file_ref idref="fl-e"/>
      </object_component>
      <object_component id="oc-c6">
         <name>.debug_frame</name>
         <load_address>0xe1b</load_address>
         <run_address>0xe1b</run_address>
         <size>0x93</size>
         <input_file_ref idref="fl-e"/>
      </object_component>
      <object_component id="oc-108">
         <name>.debug_frame</name>
         <load_address>0xeae</load_address>
         <run_address>0xeae</run_address>
         <size>0x8e</size>
         <input_file_ref idref="fl-e"/>
      </object_component>
      <object_component id="oc-16">
         <name>.debug_frame</name>
         <load_address>0xf3c</load_address>
         <run_address>0xf3c</run_address>
         <size>0x7f</size>
         <input_file_ref idref="fl-132"/>
      </object_component>
      <object_component id="oc-40">
         <name>.debug_frame</name>
         <load_address>0xfbb</load_address>
         <run_address>0xfbb</run_address>
         <size>0x8e</size>
         <input_file_ref idref="fl-133"/>
      </object_component>
      <object_component id="oc-19">
         <name>.debug_frame</name>
         <load_address>0x1049</load_address>
         <run_address>0x1049</run_address>
         <size>0x7f</size>
         <input_file_ref idref="fl-133"/>
      </object_component>
      <object_component id="oc-23">
         <name>.debug_frame</name>
         <load_address>0x10c8</load_address>
         <run_address>0x10c8</run_address>
         <size>0x7f</size>
         <input_file_ref idref="fl-134"/>
      </object_component>
      <object_component id="oc-6c">
         <name>.debug_frame</name>
         <load_address>0x1147</load_address>
         <run_address>0x1147</run_address>
         <size>0xb3</size>
         <input_file_ref idref="fl-135"/>
      </object_component>
      <object_component id="oc-5a">
         <name>.debug_frame</name>
         <load_address>0x11fa</load_address>
         <run_address>0x11fa</run_address>
         <size>0x7f</size>
         <input_file_ref idref="fl-13e"/>
      </object_component>
      <object_component id="oc-157">
         <name>.debug_frame</name>
         <load_address>0x1279</load_address>
         <run_address>0x1279</run_address>
         <size>0xa1</size>
         <input_file_ref idref="fl-141"/>
      </object_component>
      <object_component id="oc-65">
         <name>.debug_frame</name>
         <load_address>0x131a</load_address>
         <run_address>0x131a</run_address>
         <size>0x7f</size>
         <input_file_ref idref="fl-142"/>
      </object_component>
      <object_component id="oc-63">
         <name>.debug_frame</name>
         <load_address>0x1399</load_address>
         <run_address>0x1399</run_address>
         <size>0x8a</size>
         <input_file_ref idref="fl-143"/>
      </object_component>
      <object_component id="oc-99">
         <name>.debug_frame</name>
         <load_address>0x1423</load_address>
         <run_address>0x1423</run_address>
         <size>0x8e</size>
         <input_file_ref idref="fl-144"/>
      </object_component>
      <object_component id="oc-1c1">
         <name>.debug_abbrev</name>
         <load_address>0x0</load_address>
         <run_address>0x0</run_address>
         <size>0xb1</size>
         <input_file_ref idref="fl-2"/>
      </object_component>
      <object_component id="oc-1c3">
         <name>.debug_abbrev</name>
         <load_address>0xb1</load_address>
         <run_address>0xb1</run_address>
         <size>0x29</size>
         <input_file_ref idref="fl-2"/>
      </object_component>
      <object_component id="oc-14a">
         <name>.debug_abbrev</name>
         <load_address>0xda</load_address>
         <run_address>0xda</run_address>
         <size>0xf5</size>
         <input_file_ref idref="fl-2"/>
      </object_component>
      <object_component id="oc-b2">
         <name>.debug_abbrev</name>
         <load_address>0x1cf</load_address>
         <run_address>0x1cf</run_address>
         <size>0x1f</size>
         <input_file_ref idref="fl-2"/>
      </object_component>
      <object_component id="oc-7e">
         <name>.debug_abbrev</name>
         <load_address>0x1ee</load_address>
         <run_address>0x1ee</run_address>
         <size>0x35</size>
         <input_file_ref idref="fl-2"/>
      </object_component>
      <object_component id="oc-1be">
         <name>.debug_abbrev</name>
         <load_address>0x223</load_address>
         <run_address>0x223</run_address>
         <size>0x7a</size>
         <input_file_ref idref="fl-3"/>
      </object_component>
      <object_component id="oc-1b2">
         <name>.debug_abbrev</name>
         <load_address>0x29d</load_address>
         <run_address>0x29d</run_address>
         <size>0xa9</size>
         <input_file_ref idref="fl-4"/>
      </object_component>
      <object_component id="oc-79">
         <name>.debug_abbrev</name>
         <load_address>0x346</load_address>
         <run_address>0x346</run_address>
         <size>0x1f</size>
         <input_file_ref idref="fl-4"/>
      </object_component>
      <object_component id="oc-75">
         <name>.debug_abbrev</name>
         <load_address>0x365</load_address>
         <run_address>0x365</run_address>
         <size>0x5d</size>
         <input_file_ref idref="fl-5"/>
      </object_component>
      <object_component id="oc-30">
         <name>.debug_abbrev</name>
         <load_address>0x3c2</load_address>
         <run_address>0x3c2</run_address>
         <size>0x29</size>
         <input_file_ref idref="fl-5"/>
      </object_component>
      <object_component id="oc-74">
         <name>.debug_abbrev</name>
         <load_address>0x3eb</load_address>
         <run_address>0x3eb</run_address>
         <size>0x79</size>
         <input_file_ref idref="fl-5"/>
      </object_component>
      <object_component id="oc-1cf">
         <name>.debug_abbrev</name>
         <load_address>0x464</load_address>
         <run_address>0x464</run_address>
         <size>0x72</size>
[...]
            <object_component_ref idref="oc-15b"/>
            <object_component_ref idref="oc-14e"/>
            <object_component_ref idref="oc-ba"/>
            <object_component_ref idref="oc-bf"/>
            <object_component_ref idref="oc-163"/>
         </contents>
      </logical_group>
      <load_segment id="lg-228" display="no" color="cyan">
         <name>SEGMENT_0</name>
         <load_address>0x0</load_address>
         <run_address>0x0</run_address>
         <size>0x1848</size>
         <flags>0x5</flags>
         <contents>
            <logical_group_ref idref="lg-3"/>
            <logical_group_ref idref="lg-4"/>
            <logical_group_ref idref="lg-5"/>
            <logical_group_ref idref="lg-6"/>
         </contents>
      </load_segment>
      <load_segment id="lg-229" display="no" color="cyan">
         <name>SEGMENT_1</name>
         <run_address>0x20000000</run_address>
         <size>0x5ae</size>
         <flags>0x6</flags>
         <contents>
            <logical_group_ref idref="lg-9"/>
            <logical_group_ref idref="lg-d"/>
            <logical_group_ref idref="lg-a"/>
            <logical_group_ref idref="lg-b"/>
         </contents>
      </load_segment>
   </logical_group_list>
   <placement_map>
      <memory_area display="yes" color="green">
         <name>FLASH</name>
         <page_id>0x0</page_id>
         <origin>0x0</origin>
         <length>0x40000</length>
         <used_space>0x1848</used_space>
         <unused_space>0x3e7b8</unused_space>
         <attributes>RX</attributes>
         <usage_details>
            <allocated_space>
               <start_address>0x0</start_address>
               <size>0x26c</size>
               <logical_group_ref idref="lg-3"/>
            </allocated_space>
            <allocated_space>
               <start_address>0x26c</start_address>
               <size>0x1290</size>
               <logical_group_ref idref="lg-4"/>
            </allocated_space>
            <allocated_space>
               <start_address>0x14fc</start_address>
               <size>0x304</size>
               <logical_group_ref idref="lg-5"/>
            </allocated_space>
            <allocated_space>
               <start_address>0x1800</start_address>
               <size>0x48</size>
               <logical_group_ref idref="lg-6"/>
            </allocated_space>
            <available_space>
               <start_address>0x1848</start_address>
               <size>0x3e7b8</size>
            </available_space>
         </usage_details>
      </memory_area>
      <memory_area display="yes" color="green">
         <name>SRAM</name>
         <page_id>0x0</page_id>
         <origin>0x20000000</origin>
         <length>0x8000</length>
         <used_space>0x5ae</used_space>
         <unused_space>0x7a52</unused_space>
         <attributes>RWX</attributes>
         <usage_details>
            <allocated_space>
               <start_address>0x20000000</start_address>
               <size>0x26c</size>
               <logical_group_ref idref="lg-9"/>
            </allocated_space>
            <allocated_space>
               <start_address>0x2000026c</start_address>
               <size>0x320</size>
               <logical_group_ref idref="lg-d"/>
            </allocated_space>
            <allocated_space>
               <start_address>0x2000058c</start_address>
               <size>0x18</size>
               <logical_group_ref idref="lg-1fb"/>
            </allocated_space>
            <allocated_space>
               <start_address>0x200005a4</start_address>
               <size>0xa</size>
               <logical_group_ref idref="lg-1f9"/>
            </allocated_space>
            <available_space>
               <start_address>0x200005ae</start_address>
               <size>0x7a52</size>
            </available_space>
         </usage_details>
      </memory_area>
   </placement_map>
   <cptbl_list>
      <cptbl>
         <name>__TI_cinit_table</name>
         <cprec>
            <name>.data</name>
            <load_address>0x1800</load_address>
            <load_size>0xf</load_size>
            <run_address>0x2000058c</run_address>
            <run_size>0x18</run_size>
            <compression>rle</compression>
         </cprec>
         <cprec>
            <name>.bss</name>
            <load_address>0x1820</load_address>
            <load_size>0x8</load_size>
            <run_address>0x200005a4</run_address>
            <run_size>0xa</run_size>
            <compression>zero_init</compression>
         </cprec>
         <cprec>
            <name>.vtable</name>
            <load_address>0x1828</load_address>
            <load_size>0x8</load_size>
            <run_address>0x20000000</run_address>
            <run_size>0x26c</run_size>
            <compression>zero_init</compression>
         </cprec>
      </cptbl>
   </cptbl_list>
   <handler_table>
      <handler_table_name>__TI_handler_table</handler_table_name>
      <handler>
         <index>0x0</index>
         <name>__TI_zero_init</name>
      </handler>
      <handler>
         <index>0x1</index>
         <name>__TI_decompress_rle24</name>
      </handler>
      <handler>
         <index>0x2</index>
         <name>__TI_decompress_none</name>
      </handler>
   </handler_table>
   <symbol_table>
      <symbol id="sm-1">
         <name>__STACK_TOP</name>
         <value>0x2000046c</value>
      </symbol>
      <symbol id="sm-2">
         <name>__TI_CINIT_Base</name>
         <value>0x1830</value>
      </symbol>
      <symbol id="sm-3">
         <name>__TI_CINIT_Limit</name>
         <value>0x1848</value>
      </symbol>
      <symbol id="sm-4">
         <name>__TI_Handler_Table_Base</name>
         <value>0x1810</value>
      </symbol>
      <symbol id="sm-5">
         <name>__TI_Handler_Table_Limit</name>
         <value>0x181c</value>
      </symbol>
      <symbol id="sm-6">
         <name>binit</name>
         <value>0xffffffff</value>
      </symbol>
      <symbol id="sm-7">
         <name>__binit__</name>
         <value>0xffffffff</value>
      </symbol>
      <symbol id="sm-8">
         <name>__STACK_SIZE</name>
         <value>0x320</value>
      </symbol>
      <symbol id="sm-9">
         <name>__STACK_END</name>
         <value>0x2000058c</value>
      </symbol>
      <symbol id="sm-a">
         <name>__c_args__</name>
         <value>0xffffffff</value>
      </symbol>
      <symbol id="sm-6a">
         <name>ui32Load</name>
         <value>0x200005a4</value>
      </symbol>
      <symbol id="sm-6b">
         <name>ui32PWMClock</name>
         <value>0x200005a8</value>
      </symbol>
      <symbol id="sm-6c">
         <name>ui8Adjust</name>
         <value>0x200005ac</value>
      </symbol>
      <symbol id="sm-6d">
         <name>ui8AdjustLeft</name>
         <value>0x200005ad</value>
      </symbol>
      <symbol id="sm-6e">
         <name>LIMIT_SWITCH_ISR</name>
         <value>0x48d</value>
         <object_component_ref idref="oc-9d"/>
      </symbol>
      <symbol id="sm-6f">
         <name>pushButton</name>
         <value>0x2000059c</value>
         <object_component_ref idref="oc-147"/>
      </symbol>
      <symbol id="sm-70">
         <name>pushFlag</name>
         <value>0x2000059e</value>
         <object_component_ref idref="oc-147"/>
      </symbol>
      <symbol id="sm-71">
         <name>stopFlag</name>
         <value>0x2000059f</value>
         <object_component_ref idref="oc-147"/>
      </symbol>
      <symbol id="sm-72">
         <name>main</name>
         <value>0x26d</value>
         <object_component_ref idref="oc-9d"/>
      </symbol>
      <symbol id="sm-73">
         <name>closeArms</name>
         <value>0x52b</value>
         <object_component_ref idref="oc-9d"/>
      </symbol>
      <symbol id="sm-74">
         <name>openArms</name>
         <value>0x4b5</value>
         <object_component_ref idref="oc-9d"/>
      </symbol>
      <symbol id="sm-75">
         <name>PUSH_ISR</name>
         <value>0x469</value>
         <object_component_ref idref="oc-9d"/>
      </symbol>
      <symbol id="sm-95">
         <name>performStep</name>
         <value>0x5fd</value>
         <object_component_ref idref="oc-12f"/>
      </symbol>
      <symbol id="sm-96">
         <name>performAmountSteps</name>
         <value>0x65f</value>
         <object_component_ref idref="oc-12f"/>
      </symbol>
      <symbol id="sm-97">
         <name>spinStepperInches</name>
         <value>0x6e1</value>
         <object_component_ref idref="oc-12f"/>
      </symbol>
      <symbol id="sm-98">
         <name>spinStepperAngle</name>
         <value>0x737</value>
         <object_component_ref idref="oc-12f"/>
      </symbol>
      <symbol id="sm-99">
         <name>spinStepperMeters</name>
         <value>0x68b</value>
         <object_component_ref idref="oc-12f"/>
      </symbol>
      <symbol id="sm-b0">
         <name>setDelayMicro</name>
         <value>0xdb1</value>
         <object_component_ref idref="oc-129"/>
      </symbol>
      <symbol id="sm-b1">
         <name>computeDelayCount</name>
         <value>0xd15</value>
         <object_component_ref idref="oc-129"/>
      </symbol>
      <symbol id="sm-b2">
         <name>computeDelayCountMicrosec</name>
         <value>0xd59</value>
         <object_component_ref idref="oc-129"/>
      </symbol>
      <symbol id="sm-b3">
         <name>setDelay</name>
         <value>0xd9f</value>
         <object_component_ref idref="oc-129"/>
      </symbol>
      <symbol id="sm-cf">
         <name>ResetISR</name>
         <value>0x14d5</value>
         <object_component_ref idref="oc-2a"/>
      </symbol>
      <symbol id="sm-d0">
         <name>g_pfnVectors</name>
         <value>0x0</value>
         <object_component_ref idref="oc-f"/>
      </symbol>
      <symbol id="sm-159">
         <name>GPIOPinTypePWM</name>
         <value>0x1461</value>
         <object_component_ref idref="oc-f9"/>
      </symbol>
      <symbol id="sm-15a">
         <name>GPIOIntRegister</name>
         <value>0x13f1</value>
         <object_component_ref idref="oc-e1"/>
      </symbol>
      <symbol id="sm-15b">
         <name>GPIOPinConfigure</name>
         <value>0x1185</value>
         <object_component_ref idref="oc-ff"/>
      </symbol>
      <symbol id="sm-15c">
         <name>GPIOIntEnable</name>
         <value>0x14b1</value>
         <object_component_ref idref="oc-ed"/>
      </symbol>
      <symbol id="sm-15d">
         <name>GPIOIntTypeSet</name>
         <value>0x1045</value>
         <object_component_ref idref="oc-e7"/>
      </symbol>
      <symbol id="sm-15e">
         <name>GPIOIntClear</name>
         <value>0x14e1</value>
         <object_component_ref idref="oc-13b"/>
      </symbol>
      <symbol id="sm-15f">
         <name>GPIOIntStatus</name>
         <value>0x1495</value>
         <object_component_ref idref="oc-135"/>
      </symbol>
      <symbol id="sm-160">
         <name>GPIOPinTypeGPIOOutput</name>
         <value>0x1409</value>
         <object_component_ref idref="oc-cf"/>
      </symbol>
      <symbol id="sm-161">
         <name>GPIODirModeSet</name>
         <value>0x1367</value>
         <object_component_ref idref="oc-d5"/>
      </symbol>
      <symbol id="sm-162">
         <name>GPIOPinWrite</name>
         <value>0x14e7</value>
         <object_component_ref idref="oc-1b3"/>
      </symbol>
      <symbol id="sm-163">
         <name>GPIOPadConfigSet</name>
         <value>0x8e3</value>
         <object_component_ref idref="oc-db"/>
      </symbol>
      <symbol id="sm-19c">
         <name>IntEnable</name>
         <value>0xfdd</value>
         <object_component_ref idref="oc-17b"/>
      </symbol>
      <symbol id="sm-19d">
         <name>IntRegister</name>
         <value>0x12d1</value>
         <object_component_ref idref="oc-175"/>
      </symbol>
      <symbol id="sm-19e">
         <name>g_pfnRAMVectors</name>
         <value>0x20000000</value>
         <object_component_ref idref="oc-1d8"/>
      </symbol>
      <symbol id="sm-1cb">
         <name>PWMGenPeriodSet</name>
         <value>0x1485</value>
         <object_component_ref idref="oc-111"/>
      </symbol>
      <symbol id="sm-1cc">
         <name>PWMPulseWidthSet</name>
         <value>0x13d3</value>
         <object_component_ref idref="oc-117"/>
      </symbol>
      <symbol id="sm-1cd">
         <name>PWMOutputState</name>
         <value>0x1473</value>
         <object_component_ref idref="oc-11d"/>
      </symbol>
      <symbol id="sm-1ce">
         <name>PWMGenEnable</name>
         <value>0x14bd</value>
         <object_component_ref idref="oc-123"/>
      </symbol>
      <symbol id="sm-1cf">
         <name>PWMGenConfigure</name>
         <value>0x1391</value>
         <object_component_ref idref="oc-10b"/>
      </symbol>
      <symbol id="sm-22b">
         <name>SysCtlClockSet</name>
         <value>0xc21</value>
         <object_component_ref idref="oc-c3"/>
      </symbol>
      <symbol id="sm-22c">
         <name>SysCtlDelay</name>
         <value>0x14ed</value>
         <object_component_ref idref="oc-167"/>
      </symbol>
      <symbol id="sm-22d">
         <name>SysCtlPeripheralEnable</name>
         <value>0x1305</value>
         <object_component_ref idref="oc-c9"/>
      </symbol>
      <symbol id="sm-22e">
         <name>SysCtlClockGet</name>
         <value>0xa15</value>
         <object_component_ref idref="oc-105"/>
      </symbol>
      <symbol id="sm-22f">
         <name>SysCtlPWMClockSet</name>
         <value>0x1439</value>
         <object_component_ref idref="oc-f3"/>
      </symbol>
      <symbol id="sm-242">
         <name>_c_int00</name>
         <value>0x109d</value>
         <object_component_ref idref="oc-24"/>
      </symbol>
      <symbol id="sm-243">
         <name>__stack</name>
         <value>0x2000026c</value>
         <object_component_ref idref="oc-29"/>
      </symbol>
      <symbol id="sm-25a">
         <name>__TI_decompress_none</name>
         <value>0x14a3</value>
         <object_component_ref idref="oc-12"/>
      </symbol>
      <symbol id="sm-282">
         <name>__TI_decompress_rle24</name>
         <value>0x14f3</value>
         <object_component_ref idref="oc-18"/>
      </symbol>
      <symbol id="sm-294">
         <name>__TI_zero_init</name>
         <value>0x14c9</value>
         <object_component_ref idref="oc-1e"/>
      </symbol>
      <symbol id="sm-2b3">
         <name>C$$EXIT</name>
         <value>0x1211</value>
         <object_component_ref idref="oc-6a"/>
      </symbol>
      <symbol id="sm-2b4">
         <name>abort</name>
         <value>0x1215</value>
         <object_component_ref idref="oc-6a"/>
      </symbol>
      <symbol id="sm-2b5">
         <name>exit</name>
         <value>0x121d</value>
         <object_component_ref idref="oc-6a"/>
      </symbol>
      <symbol id="sm-2b6">
         <name>__TI_dtors_ptr</name>
         <value>0x20000598</value>
         <object_component_ref idref="oc-a8"/>
      </symbol>
      <symbol id="sm-2b7">
         <name>__TI_cleanup_ptr</name>
         <value>0x20000594</value>
         <object_component_ref idref="oc-a8"/>
      </symbol>
      <symbol id="sm-2d7">
         <name>__aeabi_ddiv</name>
         <value>0x7ad</value>
         <object_component_ref idref="oc-1b9"/>
      </symbol>
      <symbol id="sm-2ee">
         <name>__aeabi_dmul</name>
         <value>0xb25</value>
         <object_component_ref idref="oc-199"/>
      </symbol>
      <symbol id="sm-2fa">
         <name>__aeabi_d2f</name>
         <value>0x1139</value>
         <object_component_ref idref="oc-1ad"/>
      </symbol>
      <symbol id="sm-307">
         <name>__aeabi_d2uiz</name>
         <value>0x1255</value>
         <object_component_ref idref="oc-1a3"/>
      </symbol>
      <symbol id="sm-315">
         <name>__aeabi_f2d</name>
         <value>0x1299</value>
         <object_component_ref idref="oc-1a8"/>
      </symbol>
      <symbol id="sm-321">
         <name>__aeabi_i2d</name>
         <value>0x1339</value>
         <object_component_ref idref="oc-194"/>
      </symbol>
      <symbol id="sm-33c">
         <name>memcpy</name>
         <value>0xded</value>
         <object_component_ref idref="oc-33"/>
      </symbol>
      <symbol id="sm-33d">
         <name>__aeabi_memcpy</name>
         <value>0xded</value>
         <object_component_ref idref="oc-33"/>
      </symbol>
      <symbol id="sm-33e">
         <name>__aeabi_memcpy8</name>
         <value>0xded</value>
         <object_component_ref idref="oc-33"/>
      </symbol>
      <symbol id="sm-33f">
         <name>__aeabi_memcpy4</name>
         <value>0xded</value>
         <object_component_ref idref="oc-33"/>
      </symbol>
      <symbol id="sm-34e">
         <name>__aeabi_memset</name>
         <value>0xe8b</value>
         <object_component_ref idref="oc-4c"/>
      </symbol>
      <symbol id="sm-34f">
         <name>memset</name>
         <value>0xe91</value>
         <object_component_ref idref="oc-4c"/>
      </symbol>
      <symbol id="sm-350">
         <name>__aeabi_memset8</name>
         <value>0xe8b</value>
         <object_component_ref idref="oc-4c"/>
      </symbol>
      <symbol id="sm-351">
         <name>__aeabi_memset4</name>
         <value>0xe8b</value>
         <object_component_ref idref="oc-4c"/>
      </symbol>
      <symbol id="sm-352">
         <name>__aeabi_memclr8</name>
         <value>0xe89</value>
         <object_component_ref idref="oc-4c"/>
      </symbol>
      <symbol id="sm-353">
         <name>__aeabi_memclr4</name>
         <value>0xe89</value>
         <object_component_ref idref="oc-4c"/>
      </symbol>
      <symbol id="sm-354">
         <name>__aeabi_memclr</name>
         <value>0xe89</value>
         <object_component_ref idref="oc-4c"/>
      </symbol>
      <symbol id="sm-35e">
         <name>_system_pre_init</name>
         <value>0x14f9</value>
         <object_component_ref idref="oc-58"/>
      </symbol>
      <symbol id="sm-366">
         <name>main_func_sp</name>
         <value>0x200005a0</value>
         <object_component_ref idref="oc-70"/>
      </symbol>
      <symbol id="sm-372">
         <name>__aeabi_ui2d</name>
         <value>0x13b3</value>
         <object_component_ref idref="oc-19e"/>
      </symbol>
      <symbol id="sm-38b">
         <name>_nop</name>
         <value>0x145b</value>
         <object_component_ref idref="oc-152"/>
      </symbol>
      <symbol id="sm-38c">
         <name>_lock</name>
         <value>0x2000058c</value>
         <object_component_ref idref="oc-a5"/>
      </symbol>
      <symbol id="sm-38d">
         <name>_unlock</name>
         <value>0x20000590</value>
         <object_component_ref idref="oc-a5"/>
      </symbol>
      <symbol id="sm-38e">
         <name>_register_lock</name>
         <value>0x1453</value>
         <object_component_ref idref="oc-152"/>
      </symbol>
      <symbol id="sm-38f">
         <name>_register_unlock</name>
         <value>0x144d</value>
         <object_component_ref idref="oc-152"/>
      </symbol>
      <symbol id="sm-3a4">
         <name>_args_main</name>
         <value>0x1421</value>
         <object_component_ref idref="oc-64"/>
      </symbol>
      <symbol id="sm-3ca">
         <name>__TI_auto_init</name>
         <value>0xf05</value>
         <object_component_ref idref="oc-5e"/>
      </symbol>
      <symbol id="sm-3e4">
         <name>copy_in</name>
         <value>0x10ed</value>
         <object_component_ref idref="oc-95"/>
      </symbol>
      <symbol id="sm-3e5">
         <name>__TI_static_base__</name>
         <value>0x0</value>
      </symbol>
      <symbol id="sm-3e8">
         <name>SHT$$INIT_ARRAY$$Limit</name>
         <value>0x0</value>
      </symbol>
      <symbol id="sm-3e9">
         <name>SHT$$INIT_ARRAY$$Base</name>
         <value>0x0</value>
      </symbol>
   </symbol_table>
   <title>Link successful</title>
</link_info>
